/home/thistle/e2e_autonomous/e2e_lite_transfuser/.venv/lib/python3.10/site-packages/torch/nn/modules/transformer.py:382: UserWarning: enable_nested_tensor is True, but self.use_nested_tensor is False because encoder_layer.norm_first was True
  warnings.warn(
{"phase": "INITIAL_VALIDATION", "arm": "balanced_l1", "epoch": 1, "epochs": 3, "epoch_cursor": 0, "anchors_per_epoch": 45646, "optimizer_steps": 0, "elapsed_seconds": 0.08674550600699149}
{"phase": "TRAINING", "arm": "balanced_l1", "epoch": 1, "epochs": 3, "epoch_cursor": 0, "anchors_per_epoch": 45646, "optimizer_steps": 0, "elapsed_seconds": 178.5046632050071}
{"phase": "TRAINING", "arm": "balanced_l1", "epoch": 1, "epochs": 3, "epoch_cursor": 1600, "anchors_per_epoch": 45646, "optimizer_steps": 50, "elapsed_seconds": 239.68784075899748, "train_l1_m": 0.0164961972117271, "learning_rate": 2.9990913338588383e-05}
{"phase": "TRAINING", "arm": "balanced_l1", "epoch": 1, "epochs": 3, "epoch_cursor": 3200, "anchors_per_epoch": 45646, "optimizer_steps": 100, "elapsed_seconds": 271.3046502790239, "train_l1_m": 0.015292663384802896, "learning_rate": 2.9963665586563177e-05}
{"phase": "TRAINING", "arm": "balanced_l1", "epoch": 1, "epochs": 3, "epoch_cursor": 4800, "anchors_per_epoch": 45646, "optimizer_steps": 150, "elapsed_seconds": 302.21073877601884, "train_l1_m": 0.014477816467708694, "learning_rate": 2.991829342408682e-05}
{"phase": "TRAINING", "arm": "balanced_l1", "epoch": 1, "epochs": 3, "epoch_cursor": 6400, "anchors_per_epoch": 45646, "optimizer_steps": 200, "elapsed_seconds": 333.48317345502437, "train_l1_m": 0.014388832548551818, "learning_rate": 2.985485792989682e-05}
{"phase": "TRAINING", "arm": "balanced_l1", "epoch": 1, "epochs": 3, "epoch_cursor": 8000, "anchors_per_epoch": 45646, "optimizer_steps": 250, "elapsed_seconds": 365.35703899900545, "train_l1_m": 0.014218456166801055, "learning_rate": 2.9773444499083124e-05}
{"phase": "TRAINING", "arm": "balanced_l1", "epoch": 1, "epochs": 3, "epoch_cursor": 9600, "anchors_per_epoch": 45646, "optimizer_steps": 300, "elapsed_seconds": 396.9717607430066, "train_l1_m": 0.01411222120860529, "learning_rate": 2.9674162728131704e-05}
{"phase": "TRAINING", "arm": "balanced_l1", "epoch": 1, "epochs": 3, "epoch_cursor": 11200, "anchors_per_epoch": 45646, "optimizer_steps": 350, "elapsed_seconds": 427.35381362901535, "train_l1_m": 0.01403913633939627, "learning_rate": 2.9557146267388712e-05}
{"phase": "TRAINING", "arm": "balanced_l1", "epoch": 1, "epochs": 3, "epoch_cursor": 12800, "anchors_per_epoch": 45646, "optimizer_steps": 400, "elapsed_seconds": 458.4146138820215, "train_l1_m": 0.013818253210058943, "learning_rate": 2.942255264114435e-05}
{"phase": "TRAINING", "arm": "balanced_l1", "epoch": 1, "epochs": 3, "epoch_cursor": 14400, "anchors_per_epoch": 45646, "optimizer_steps": 450, "elapsed_seconds": 490.58772088002297, "train_l1_m": 0.013824189238449207, "learning_rate": 2.92705630355778e-05}
{"phase": "TRAINING", "arm": "balanced_l1", "epoch": 1, "epochs": 3, "epoch_cursor": 16000, "anchors_per_epoch": 45646, "optimizer_steps": 500, "elapsed_seconds": 521.3898122660175, "train_l1_m": 0.013707954433429214, "learning_rate": 2.9101382054849642e-05}
{"phase": "TRAINING", "arm": "balanced_l1", "epoch": 1, "epochs": 3, "epoch_cursor": 17600, "anchors_per_epoch": 45646, "optimizer_steps": 550, "elapsed_seconds": 553.5060465930146, "train_l1_m": 0.013554026438476271, "learning_rate": 2.8915237445669406e-05}
{"phase": "TRAINING", "arm": "balanced_l1", "epoch": 1, "epochs": 3, "epoch_cursor": 19200, "anchors_per_epoch": 45646, "optimizer_steps": 600, "elapsed_seconds": 584.777343364025, "train_l1_m": 0.013465279507688145, "learning_rate": 2.8712379790709277e-05}
{"phase": "TRAINING", "arm": "balanced_l1", "epoch": 1, "epochs": 3, "epoch_cursor": 20800, "anchors_per_epoch": 45646, "optimizer_steps": 650, "elapsed_seconds": 617.5467471739976, "train_l1_m": 0.01342505330638762, "learning_rate": 2.849308217127674e-05}
{"phase": "TRAINING", "arm": "balanced_l1", "epoch": 1, "epochs": 3, "epoch_cursor": 22400, "anchors_per_epoch": 45646, "optimizer_steps": 700, "elapsed_seconds": 649.2447148110077, "train_l1_m": 0.013330346351517591, "learning_rate": 2.8257639799700054e-05}
{"phase": "TRAINING", "arm": "balanced_l1", "epoch": 1, "epochs": 3, "epoch_cursor": 24000, "anchors_per_epoch": 45646, "optimizer_steps": 750, "elapsed_seconds": 687.911197436013, "train_l1_m": 0.013275590214592596, "learning_rate": 2.8006369621921858e-05}
{"phase": "TRAINING", "arm": "balanced_l1", "epoch": 1, "epochs": 3, "epoch_cursor": 25600, "anchors_per_epoch": 45646, "optimizer_steps": 800, "elapsed_seconds": 718.9176424700127, "train_l1_m": 0.013226301913147895, "learning_rate": 2.7739609890835222e-05}
{"phase": "TRAINING", "arm": "balanced_l1", "epoch": 1, "epochs": 3, "epoch_cursor": 27200, "anchors_per_epoch": 45646, "optimizer_steps": 850, "elapsed_seconds": 750.3436593070219, "train_l1_m": 0.0131744653958047, "learning_rate": 2.745771971093712e-05}
{"phase": "TRAINING", "arm": "balanced_l1", "epoch": 1, "epochs": 3, "epoch_cursor": 28800, "anchors_per_epoch": 45646, "optimizer_steps": 900, "elapsed_seconds": 782.4490189630014, "train_l1_m": 0.013142619927937381, "learning_rate": 2.7161078554911985e-05}
{"phase": "TRAINING", "arm": "balanced_l1", "epoch": 1, "epochs": 3, "epoch_cursor": 30400, "anchors_per_epoch": 45646, "optimizer_steps": 950, "elapsed_seconds": 814.3504049690091, "train_l1_m": 0.013050114290953305, "learning_rate": 2.685008575279625e-05}
{"phase": "TRAINING", "arm": "balanced_l1", "epoch": 1, "epochs": 3, "epoch_cursor": 32000, "anchors_per_epoch": 45646, "optimizer_steps": 1000, "elapsed_seconds": 846.0465026680031, "train_l1_m": 0.01304034811881847, "learning_rate": 2.6525159954411242e-05}
{"phase": "TRAINING", "arm": "balanced_l1", "epoch": 1, "epochs": 3, "epoch_cursor": 33600, "anchors_per_epoch": 45646, "optimizer_steps": 1050, "elapsed_seconds": 877.8332222290046, "train_l1_m": 0.012973628564664446, "learning_rate": 2.6186738565788683e-05}
{"phase": "TRAINING", "arm": "balanced_l1", "epoch": 1, "epochs": 3, "epoch_cursor": 35200, "anchors_per_epoch": 45646, "optimizer_steps": 1100, "elapsed_seconds": 909.5197491029976, "train_l1_m": 0.012942572475878567, "learning_rate": 2.583527716034673e-05}
{"phase": "TRAINING", "arm": "balanced_l1", "epoch": 1, "epochs": 3, "epoch_cursor": 36800, "anchors_per_epoch": 45646, "optimizer_steps": 1150, "elapsed_seconds": 941.3543602620193, "train_l1_m": 0.012907958193983935, "learning_rate": 2.5471248865609924e-05}
{"phase": "TRAINING", "arm": "balanced_l1", "epoch": 1, "epochs": 3, "epoch_cursor": 38400, "anchors_per_epoch": 45646, "optimizer_steps": 1200, "elapsed_seconds": 973.1617644370126, "train_l1_m": 0.012890862074439905, "learning_rate": 2.5095143726298105e-05}
{"phase": "TRAINING", "arm": "balanced_l1", "epoch": 1, "epochs": 3, "epoch_cursor": 40000, "anchors_per_epoch": 45646, "optimizer_steps": 1250, "elapsed_seconds": 1006.3590138700092, "train_l1_m": 0.01286279081002292, "learning_rate": 2.4707468044641732e-05}
{"phase": "TRAINING", "arm": "balanced_l1", "epoch": 1, "epochs": 3, "epoch_cursor": 41600, "anchors_per_epoch": 45646, "optimizer_steps": 1300, "elapsed_seconds": 1037.0631749510067, "train_l1_m": 0.012855200559015272, "learning_rate": 2.430874369881218e-05}
{"phase": "TRAINING", "arm": "balanced_l1", "epoch": 1, "epochs": 3, "epoch_cursor": 43200, "anchors_per_epoch": 45646, "optimizer_steps": 1350, "elapsed_seconds": 1068.7418207800074, "train_l1_m": 0.01282981781356049, "learning_rate": 2.3899507440383884e-05}
{"phase": "TRAINING", "arm": "balanced_l1", "epoch": 1, "epochs": 3, "epoch_cursor": 44800, "anchors_per_epoch": 45646, "optimizer_steps": 1400, "elapsed_seconds": 1100.4683780920168, "train_l1_m": 0.012835250884683316, "learning_rate": 2.3480310171774243e-05}
{"phase": "VALIDATING", "arm": "balanced_l1", "epoch": 1, "epochs": 3, "epoch_cursor": 45646, "anchors_per_epoch": 45646, "optimizer_steps": 1427, "elapsed_seconds": 1136.535073491017, "train_l1_m": 0.012810061234970726}
{"phase": "EPOCH_COMPLETE", "arm": "balanced_l1", "epoch": 1, "epochs": 3, "epoch_cursor": 0, "anchors_per_epoch": 45646, "optimizer_steps": 1427, "elapsed_seconds": 1320.2042215550027, "train_l1_m": 0.012810061234970726, "train_counts": {"visited": 45646, "input_invalid": 158, "teacher_unsupported": 1208, "supported": 44280, "loss_sum_m": 567.2295114845037}, "validation_run_macro_3s_m": 0.05332589832444986, "validation_ade_m": 0.018288403749465942, "epoch_order_sha256": "b4adbe5e34d3c50fce12cc531ccfb46c5aecefed5f4dc84f62cc7b3b0e95f0a8", "best_epoch": 1}
{"phase": "TRAINING", "arm": "balanced_l1", "epoch": 2, "epochs": 3, "epoch_cursor": 0, "anchors_per_epoch": 45646, "optimizer_steps": 1427, "elapsed_seconds": 1320.285513955023}
{"phase": "TRAINING", "arm": "balanced_l1", "epoch": 2, "epochs": 3, "epoch_cursor": 1600, "anchors_per_epoch": 45646, "optimizer_steps": 1477, "elapsed_seconds": 1380.0958590890223, "train_l1_m": 0.012644879759662093, "learning_rate": 2.2816570940896875e-05}
{"phase": "TRAINING", "arm": "balanced_l1", "epoch": 2, "epochs": 3, "epoch_cursor": 3200, "anchors_per_epoch": 45646, "optimizer_steps": 1527, "elapsed_seconds": 1413.446977643005, "train_l1_m": 0.012162239634905982, "learning_rate": 2.2374638690469767e-05}
{"phase": "TRAINING", "arm": "balanced_l1", "epoch": 2, "epochs": 3, "epoch_cursor": 4800, "anchors_per_epoch": 45646, "optimizer_steps": 1577, "elapsed_seconds": 1445.7376432559977, "train_l1_m": 0.011667773691799473, "learning_rate": 2.1924798165569156e-05}
{"phase": "TRAINING", "arm": "balanced_l1", "epoch": 2, "epochs": 3, "epoch_cursor": 6400, "anchors_per_epoch": 45646, "optimizer_steps": 1627, "elapsed_seconds": 1477.7389214160212, "train_l1_m": 0.011858916472789456, "learning_rate": 2.1467654928941547e-05}
{"phase": "TRAINING", "arm": "balanced_l1", "epoch": 2, "epochs": 3, "epoch_cursor": 8000, "anchors_per_epoch": 45646, "optimizer_steps": 1677, "elapsed_seconds": 1508.9314337320102, "train_l1_m": 0.01172579701947202, "learning_rate": 2.100382437403998e-05}
{"phase": "TRAINING", "arm": "balanced_l1", "epoch": 2, "epochs": 3, "epoch_cursor": 9600, "anchors_per_epoch": 45646, "optimizer_steps": 1727, "elapsed_seconds": 1541.1009627010208, "train_l1_m": 0.01161659310906342, "learning_rate": 2.0533930896598468e-05}
{"phase": "TRAINING", "arm": "balanced_l1", "epoch": 2, "epochs": 3, "epoch_cursor": 11200, "anchors_per_epoch": 45646, "optimizer_steps": 1777, "elapsed_seconds": 1572.844141706999, "train_l1_m": 0.011567277974570843, "learning_rate": 2.0058607054088004e-05}
{"phase": "TRAINING", "arm": "balanced_l1", "epoch": 2, "epochs": 3, "epoch_cursor": 12800, "anchors_per_epoch": 45646, "optimizer_steps": 1827, "elapsed_seconds": 1604.5799164030177, "train_l1_m": 0.011566097449300447, "learning_rate": 1.957849271418527e-05}
{"phase": "TRAINING", "arm": "balanced_l1", "epoch": 2, "epochs": 3, "epoch_cursor": 14400, "anchors_per_epoch": 45646, "optimizer_steps": 1877, "elapsed_seconds": 1634.9669656710175, "train_l1_m": 0.011495618802956997, "learning_rate": 1.9094234193400733e-05}
{"phase": "TRAINING", "arm": "balanced_l1", "epoch": 2, "epochs": 3, "epoch_cursor": 16000, "anchors_per_epoch": 45646, "optimizer_steps": 1927, "elapsed_seconds": 1671.7519918140024, "train_l1_m": 0.01147871566224955, "learning_rate": 1.8606483387025406e-05}
{"phase": "TRAINING", "arm": "balanced_l1", "epoch": 2, "epochs": 3, "epoch_cursor": 17600, "anchors_per_epoch": 45646, "optimizer_steps": 1977, "elapsed_seconds": 1702.5449483249977, "train_l1_m": 0.011549579015525963, "learning_rate": 1.8115896891567503e-05}
{"phase": "TRAINING", "arm": "balanced_l1", "epoch": 2, "epochs": 3, "epoch_cursor": 19200, "anchors_per_epoch": 45646, "optimizer_steps": 2027, "elapsed_seconds": 1733.950068508013, "train_l1_m": 0.011550384548629777, "learning_rate": 1.762313512086065e-05}
{"phase": "TRAINING", "arm": "balanced_l1", "epoch": 2, "epochs": 3, "epoch_cursor": 20800, "anchors_per_epoch": 45646, "optimizer_steps": 2077, "elapsed_seconds": 1764.5512663730187, "train_l1_m": 0.011552793246583287, "learning_rate": 1.7128861417033393e-05}
{"phase": "TRAINING", "arm": "balanced_l1", "epoch": 2, "epochs": 3, "epoch_cursor": 22400, "anchors_per_epoch": 45646, "optimizer_steps": 2127, "elapsed_seconds": 1795.210365128005, "train_l1_m": 0.011535696132618808, "learning_rate": 1.663374115753631e-05}
{"phase": "TRAINING", "arm": "balanced_l1", "epoch": 2, "epochs": 3, "epoch_cursor": 24000, "anchors_per_epoch": 45646, "optimizer_steps": 2177, "elapsed_seconds": 1825.9558314530004, "train_l1_m": 0.011485808249286788, "learning_rate": 1.613844085942953e-05}
{"phase": "TRAINING", "arm": "balanced_l1", "epoch": 2, "epochs": 3, "epoch_cursor": 25600, "anchors_per_epoch": 45646, "optimizer_steps": 2227, "elapsed_seconds": 1856.2850870070106, "train_l1_m": 0.011441231083190633, "learning_rate": 1.5643627282136173e-05}
{"phase": "TRAINING", "arm": "balanced_l1", "epoch": 2, "epochs": 3, "epoch_cursor": 27200, "anchors_per_epoch": 45646, "optimizer_steps": 2277, "elapsed_seconds": 1886.6914586340135, "train_l1_m": 0.011379778159078889, "learning_rate": 1.514996652986941e-05}
{"phase": "TRAINING", "arm": "balanced_l1", "epoch": 2, "epochs": 3, "epoch_cursor": 28800, "anchors_per_epoch": 45646, "optimizer_steps": 2327, "elapsed_seconds": 1917.4850403279997, "train_l1_m": 0.011311750514490477, "learning_rate": 1.4658123154941537e-05}
{"phase": "TRAINING", "arm": "balanced_l1", "epoch": 2, "epochs": 3, "epoch_cursor": 30400, "anchors_per_epoch": 45646, "optimizer_steps": 2377, "elapsed_seconds": 1948.08639120101, "train_l1_m": 0.01129900039313748, "learning_rate": 1.4168759263162266e-05}
{"phase": "TRAINING", "arm": "balanced_l1", "epoch": 2, "epochs": 3, "epoch_cursor": 32000, "anchors_per_epoch": 45646, "optimizer_steps": 2427, "elapsed_seconds": 1978.9373451260035, "train_l1_m": 0.011294482014210192, "learning_rate": 1.3682533622530375e-05}
{"phase": "TRAINING", "arm": "balanced_l1", "epoch": 2, "epochs": 3, "epoch_cursor": 33600, "anchors_per_epoch": 45646, "optimizer_steps": 2477, "elapsed_seconds": 2009.9590000470052, "train_l1_m": 0.011260014794278187, "learning_rate": 1.320010077641861e-05}
{"phase": "TRAINING", "arm": "balanced_l1", "epoch": 2, "epochs": 3, "epoch_cursor": 35200, "anchors_per_epoch": 45646, "optimizer_steps": 2527, "elapsed_seconds": 2041.046082706016, "train_l1_m": 0.01124287598481868, "learning_rate": 1.2722110162445717e-05}
{"phase": "TRAINING", "arm": "balanced_l1", "epoch": 2, "epochs": 3, "epoch_cursor": 36800, "anchors_per_epoch": 45646, "optimizer_steps": 2577, "elapsed_seconds": 2071.5528190520126, "train_l1_m": 0.011236112398530913, "learning_rate": 1.2249205238221623e-05}
{"phase": "TRAINING", "arm": "balanced_l1", "epoch": 2, "epochs": 3, "epoch_cursor": 38400, "anchors_per_epoch": 45646, "optimizer_steps": 2627, "elapsed_seconds": 2101.803724406025, "train_l1_m": 0.011256630278951137, "learning_rate": 1.178202261514284e-05}
{"phase": "TRAINING", "arm": "balanced_l1", "epoch": 2, "epochs": 3, "epoch_cursor": 40000, "anchors_per_epoch": 45646, "optimizer_steps": 2677, "elapsed_seconds": 2133.107311774016, "train_l1_m": 0.011242399612422406, "learning_rate": 1.1321191201403935e-05}
{"phase": "TRAINING", "arm": "balanced_l1", "epoch": 2, "epochs": 3, "epoch_cursor": 41600, "anchors_per_epoch": 45646, "optimizer_steps": 2727, "elapsed_seconds": 2164.02875451601, "train_l1_m": 0.01125047114690007, "learning_rate": 1.0867331355378907e-05}
{"phase": "TRAINING", "arm": "balanced_l1", "epoch": 2, "epochs": 3, "epoch_cursor": 43200, "anchors_per_epoch": 45646, "optimizer_steps": 2777, "elapsed_seconds": 2194.948173163022, "train_l1_m": 0.011210950351274581, "learning_rate": 1.0421054050512086e-05}
{"phase": "TRAINING", "arm": "balanced_l1", "epoch": 2, "epochs": 3, "epoch_cursor": 44800, "anchors_per_epoch": 45646, "optimizer_steps": 2827, "elapsed_seconds": 2224.985004859016, "train_l1_m": 0.01123832815517343, "learning_rate": 9.982960052842723e-06}
{"phase": "VALIDATING", "arm": "balanced_l1", "epoch": 2, "epochs": 3, "epoch_cursor": 45646, "anchors_per_epoch": 45646, "optimizer_steps": 2854, "elapsed_seconds": 2250.8977885470085, "train_l1_m": 0.011243717028156205}
{"phase": "EPOCH_COMPLETE", "arm": "balanced_l1", "epoch": 2, "epochs": 3, "epoch_cursor": 0, "anchors_per_epoch": 45646, "optimizer_steps": 2854, "elapsed_seconds": 2424.2252093080024, "train_l1_m": 0.011243717028156205, "train_counts": {"visited": 45646, "input_invalid": 158, "teacher_unsupported": 1208, "supported": 44280, "loss_sum_m": 497.8717900067568}, "validation_run_macro_3s_m": 0.0494460699458917, "validation_ade_m": 0.01723305508494377, "epoch_order_sha256": "b88a638fef06e0c3a673682c02d2e21252f336fbdd49ffd01ebfd1152ac2b524", "best_epoch": 2}
{"phase": "TRAINING", "arm": "balanced_l1", "epoch": 3, "epochs": 3, "epoch_cursor": 0, "anchors_per_epoch": 45646, "optimizer_steps": 2854, "elapsed_seconds": 2424.276155896019}
{"phase": "TRAINING", "arm": "balanced_l1", "epoch": 3, "epochs": 3, "epoch_cursor": 1600, "anchors_per_epoch": 45646, "optimizer_steps": 2904, "elapsed_seconds": 2482.935680948023, "train_l1_m": 0.010866170131384904, "learning_rate": 9.325657602307443e-06}
{"phase": "TRAINING", "arm": "balanced_l1", "epoch": 3, "epochs": 3, "epoch_cursor": 3200, "anchors_per_epoch": 45646, "optimizer_steps": 2954, "elapsed_seconds": 2513.993030401005, "train_l1_m": 0.010470209743749345, "learning_rate": 8.910973103905536e-06}
{"phase": "TRAINING", "arm": "balanced_l1", "epoch": 3, "epochs": 3, "epoch_cursor": 4800, "anchors_per_epoch": 45646, "optimizer_steps": 3004, "elapsed_seconds": 2547.244721670024, "train_l1_m": 0.010200923116097936, "learning_rate": 8.50650474148124e-06}
{"phase": "TRAINING", "arm": "balanced_l1", "epoch": 3, "epochs": 3, "epoch_cursor": 6400, "anchors_per_epoch": 45646, "optimizer_steps": 3054, "elapsed_seconds": 2579.2066841060005, "train_l1_m": 0.010485216513085954, "learning_rate": 8.112796999043623e-06}
{"phase": "TRAINING", "arm": "balanced_l1", "epoch": 3, "epochs": 3, "epoch_cursor": 8000, "anchors_per_epoch": 45646, "optimizer_steps": 3104, "elapsed_seconds": 2610.6952827729983, "train_l1_m": 0.010337592027542636, "learning_rate": 7.730379874955723e-06}
{"phase": "TRAINING", "arm": "balanced_l1", "epoch": 3, "epochs": 3, "epoch_cursor": 9600, "anchors_per_epoch": 45646, "optimizer_steps": 3154, "elapsed_seconds": 2647.790437649004, "train_l1_m": 0.010389936703092535, "learning_rate": 7.359768168465658e-06}
{"phase": "TRAINING", "arm": "balanced_l1", "epoch": 3, "epochs": 3, "epoch_cursor": 11200, "anchors_per_epoch": 45646, "optimizer_steps": 3204, "elapsed_seconds": 2678.8371314929973, "train_l1_m": 0.010403164433542212, "learning_rate": 7.00146078669817e-06}
{"phase": "TRAINING", "arm": "balanced_l1", "epoch": 3, "epochs": 3, "epoch_cursor": 12800, "anchors_per_epoch": 45646, "optimizer_steps": 3254, "elapsed_seconds": 2711.1559949490183, "train_l1_m": 0.010560746360800037, "learning_rate": 6.655940073039831e-06}
{"phase": "TRAINING", "arm": "balanced_l1", "epoch": 3, "epochs": 3, "epoch_cursor": 14400, "anchors_per_epoch": 45646, "optimizer_steps": 3304, "elapsed_seconds": 2744.383581287024, "train_l1_m": 0.01052502992439441, "learning_rate": 6.323671157821878e-06}
{"phase": "TRAINING", "arm": "balanced_l1", "epoch": 3, "epochs": 3, "epoch_cursor": 16000, "anchors_per_epoch": 45646, "optimizer_steps": 3354, "elapsed_seconds": 2777.872054030013, "train_l1_m": 0.010404478816980239, "learning_rate": 6.0051013321746926e-06}
{"phase": "TRAINING", "arm": "balanced_l1", "epoch": 3, "epochs": 3, "epoch_cursor": 17600, "anchors_per_epoch": 45646, "optimizer_steps": 3404, "elapsed_seconds": 2809.6386908510176, "train_l1_m": 0.01047396432551148, "learning_rate": 5.700659445897052e-06}
{"phase": "TRAINING", "arm": "balanced_l1", "epoch": 3, "epochs": 3, "epoch_cursor": 19200, "anchors_per_epoch": 45646, "optimizer_steps": 3454, "elapsed_seconds": 2842.656139279017, "train_l1_m": 0.010440210631552345, "learning_rate": 5.410755330150449e-06}
{"phase": "TRAINING", "arm": "balanced_l1", "epoch": 3, "epochs": 3, "epoch_cursor": 20800, "anchors_per_epoch": 45646, "optimizer_steps": 3504, "elapsed_seconds": 2874.522513429023, "train_l1_m": 0.010373862143386335, "learning_rate": 5.135779245755869e-06}
{"phase": "TRAINING", "arm": "balanced_l1", "epoch": 3, "epochs": 3, "epoch_cursor": 22400, "anchors_per_epoch": 45646, "optimizer_steps": 3554, "elapsed_seconds": 2907.3756133810093, "train_l1_m": 0.010410610167230414, "learning_rate": 4.876101357835566e-06}
{"phase": "TRAINING", "arm": "balanced_l1", "epoch": 3, "epochs": 3, "epoch_cursor": 24000, "anchors_per_epoch": 45646, "optimizer_steps": 3604, "elapsed_seconds": 2942.626269422006, "train_l1_m": 0.010400799180768075, "learning_rate": 4.63207123750711e-06}
{"phase": "TRAINING", "arm": "balanced_l1", "epoch": 3, "epochs": 3, "epoch_cursor": 25600, "anchors_per_epoch": 45646, "optimizer_steps": 3654, "elapsed_seconds": 2976.0796703310043, "train_l1_m": 0.010391302644632984, "learning_rate": 4.404017391300536e-06}
{"phase": "TRAINING", "arm": "balanced_l1", "epoch": 3, "epochs": 3, "epoch_cursor": 27200, "anchors_per_epoch": 45646, "optimizer_steps": 3704, "elapsed_seconds": 3008.819978006999, "train_l1_m": 0.010352378693675392, "learning_rate": 4.192246818931999e-06}
{"phase": "TRAINING", "arm": "balanced_l1", "epoch": 3, "epochs": 3, "epoch_cursor": 28800, "anchors_per_epoch": 45646, "optimizer_steps": 3754, "elapsed_seconds": 3043.8949745499995, "train_l1_m": 0.010339319516139426, "learning_rate": 3.997044600029365e-06}
{"phase": "TRAINING", "arm": "balanced_l1", "epoch": 3, "epochs": 3, "epoch_cursor": 30400, "anchors_per_epoch": 45646, "optimizer_steps": 3804, "elapsed_seconds": 3076.4885617270193, "train_l1_m": 0.010316003401478644, "learning_rate": 3.818673510365965e-06}
{"phase": "TRAINING", "arm": "balanced_l1", "epoch": 3, "epochs": 3, "epoch_cursor": 32000, "anchors_per_epoch": 45646, "optimizer_steps": 3854, "elapsed_seconds": 3108.032288980001, "train_l1_m": 0.010288691147381962, "learning_rate": 3.6573736681191874e-06}
{"phase": "TRAINING", "arm": "balanced_l1", "epoch": 3, "epochs": 3, "epoch_cursor": 33600, "anchors_per_epoch": 45646, "optimizer_steps": 3904, "elapsed_seconds": 3141.446977870015, "train_l1_m": 0.010280588664281365, "learning_rate": 3.5133622106301155e-06}
{"phase": "TRAINING", "arm": "balanced_l1", "epoch": 3, "epochs": 3, "epoch_cursor": 35200, "anchors_per_epoch": 45646, "optimizer_steps": 3954, "elapsed_seconds": 3173.216041081003, "train_l1_m": 0.01030779099893468, "learning_rate": 3.3868330020992756e-06}
{"phase": "TRAINING", "arm": "balanced_l1", "epoch": 3, "epochs": 3, "epoch_cursor": 36800, "anchors_per_epoch": 45646, "optimizer_steps": 4004, "elapsed_seconds": 3205.4903696380206, "train_l1_m": 0.01031488448260395, "learning_rate": 3.2779563726120905e-06}
{"phase": "TRAINING", "arm": "balanced_l1", "epoch": 3, "epochs": 3, "epoch_cursor": 38400, "anchors_per_epoch": 45646, "optimizer_steps": 4054, "elapsed_seconds": 3238.1817927189986, "train_l1_m": 0.01029257441891742, "learning_rate": 3.1868788888452758e-06}
{"phase": "TRAINING", "arm": "balanced_l1", "epoch": 3, "epochs": 3, "epoch_cursor": 40000, "anchors_per_epoch": 45646, "optimizer_steps": 4104, "elapsed_seconds": 3270.723834864999, "train_l1_m": 0.010314578256915806, "learning_rate": 3.1137231567628604e-06}
{"phase": "TRAINING", "arm": "balanced_l1", "epoch": 3, "epochs": 3, "epoch_cursor": 41600, "anchors_per_epoch": 45646, "optimizer_steps": 4154, "elapsed_seconds": 3302.1242639470147, "train_l1_m": 0.010302298118734772, "learning_rate": 3.0585876565674773e-06}
{"phase": "TRAINING", "arm": "balanced_l1", "epoch": 3, "epochs": 3, "epoch_cursor": 43200, "anchors_per_epoch": 45646, "optimizer_steps": 4204, "elapsed_seconds": 3334.1696084160067, "train_l1_m": 0.010301909004605272, "learning_rate": 3.021546610129053e-06}
{"phase": "TRAINING", "arm": "balanced_l1", "epoch": 3, "epochs": 3, "epoch_cursor": 44800, "anchors_per_epoch": 45646, "optimizer_steps": 4254, "elapsed_seconds": 3369.9304168810195, "train_l1_m": 0.010257032204081912, "learning_rate": 3.0026498810694176e-06}
{"phase": "VALIDATING", "arm": "balanced_l1", "epoch": 3, "epochs": 3, "epoch_cursor": 45646, "anchors_per_epoch": 45646, "optimizer_steps": 4281, "elapsed_seconds": 3396.428432063025, "train_l1_m": 0.010259953594674855}
{"phase": "EPOCH_COMPLETE", "arm": "balanced_l1", "epoch": 3, "epochs": 3, "epoch_cursor": 0, "anchors_per_epoch": 45646, "optimizer_steps": 4281, "elapsed_seconds": 3573.3820448530023, "train_l1_m": 0.010259953594674855, "train_counts": {"visited": 45646, "input_invalid": 158, "teacher_unsupported": 1208, "supported": 44280, "loss_sum_m": 454.3107451722026}, "validation_run_macro_3s_m": 0.04845620784908533, "validation_ade_m": 0.016423972323536873, "epoch_order_sha256": "a35953f2326e34defa50549b06475e87553c23ea5d4c21f3cc8a346f96ecd70f", "best_epoch": 3}
{"phase": "RELOADING_BEST", "arm": "balanced_l1", "epoch": 3, "epochs": 3, "epoch_cursor": 0, "anchors_per_epoch": 45646, "optimizer_steps": 4281, "elapsed_seconds": 3573.3823920529976, "best_epoch": 3}
{"phase": "COMPLETE", "arm": "balanced_l1", "epoch": 3, "epochs": 3, "epoch_cursor": 0, "anchors_per_epoch": 45646, "optimizer_steps": 4281, "elapsed_seconds": 3749.2430443520134, "best_epoch": 3, "validation_run_macro_3s_m": 0.04845620784908533}
