/home/thistle/e2e_autonomous/e2e_lite_transfuser/.venv/lib/python3.10/site-packages/torch/nn/modules/transformer.py:382: UserWarning: enable_nested_tensor is True, but self.use_nested_tensor is False because encoder_layer.norm_first was True
  warnings.warn(
{"phase": "INITIAL_VALIDATION", "arm": "balanced_geometry", "epoch": 1, "epochs": 3, "epoch_cursor": 0, "anchors_per_epoch": 45646, "optimizer_steps": 0, "elapsed_seconds": 0.0628043019969482}
{"phase": "TRAINING", "arm": "balanced_geometry", "epoch": 1, "epochs": 3, "epoch_cursor": 0, "anchors_per_epoch": 45646, "optimizer_steps": 0, "elapsed_seconds": 137.98075626397622}
{"phase": "TRAINING", "arm": "balanced_geometry", "epoch": 1, "epochs": 3, "epoch_cursor": 1600, "anchors_per_epoch": 45646, "optimizer_steps": 50, "elapsed_seconds": 188.03996006399393, "train_l1_m": 0.016524755698419505, "learning_rate": 2.9990913338588383e-05}
{"phase": "TRAINING", "arm": "balanced_geometry", "epoch": 1, "epochs": 3, "epoch_cursor": 3200, "anchors_per_epoch": 45646, "optimizer_steps": 100, "elapsed_seconds": 214.75141973097925, "train_l1_m": 0.015352878713577113, "learning_rate": 2.9963665586563177e-05}
{"phase": "TRAINING", "arm": "balanced_geometry", "epoch": 1, "epochs": 3, "epoch_cursor": 4800, "anchors_per_epoch": 45646, "optimizer_steps": 150, "elapsed_seconds": 241.25068212099723, "train_l1_m": 0.01453510050839095, "learning_rate": 2.991829342408682e-05}
{"phase": "TRAINING", "arm": "balanced_geometry", "epoch": 1, "epochs": 3, "epoch_cursor": 6400, "anchors_per_epoch": 45646, "optimizer_steps": 200, "elapsed_seconds": 267.8867718509864, "train_l1_m": 0.014204792640049844, "learning_rate": 2.985485792989682e-05}
{"phase": "TRAINING", "arm": "balanced_geometry", "epoch": 1, "epochs": 3, "epoch_cursor": 8000, "anchors_per_epoch": 45646, "optimizer_steps": 250, "elapsed_seconds": 294.8411570699827, "train_l1_m": 0.01415121518549568, "learning_rate": 2.9773444499083124e-05}
{"phase": "TRAINING", "arm": "balanced_geometry", "epoch": 1, "epochs": 3, "epoch_cursor": 9600, "anchors_per_epoch": 45646, "optimizer_steps": 300, "elapsed_seconds": 322.12851634799154, "train_l1_m": 0.014104952956081319, "learning_rate": 2.9674162728131704e-05}
{"phase": "TRAINING", "arm": "balanced_geometry", "epoch": 1, "epochs": 3, "epoch_cursor": 11200, "anchors_per_epoch": 45646, "optimizer_steps": 350, "elapsed_seconds": 348.68041442899266, "train_l1_m": 0.014119568186135927, "learning_rate": 2.9557146267388712e-05}
{"phase": "TRAINING", "arm": "balanced_geometry", "epoch": 1, "epochs": 3, "epoch_cursor": 12800, "anchors_per_epoch": 45646, "optimizer_steps": 400, "elapsed_seconds": 376.3184833029809, "train_l1_m": 0.013946791928200203, "learning_rate": 2.942255264114435e-05}
{"phase": "TRAINING", "arm": "balanced_geometry", "epoch": 1, "epochs": 3, "epoch_cursor": 14400, "anchors_per_epoch": 45646, "optimizer_steps": 450, "elapsed_seconds": 402.87211128897616, "train_l1_m": 0.013975270686150619, "learning_rate": 2.92705630355778e-05}
{"phase": "TRAINING", "arm": "balanced_geometry", "epoch": 1, "epochs": 3, "epoch_cursor": 16000, "anchors_per_epoch": 45646, "optimizer_steps": 500, "elapsed_seconds": 430.3248752389918, "train_l1_m": 0.013955495266948066, "learning_rate": 2.9101382054849642e-05}
{"phase": "TRAINING", "arm": "balanced_geometry", "epoch": 1, "epochs": 3, "epoch_cursor": 17600, "anchors_per_epoch": 45646, "optimizer_steps": 550, "elapsed_seconds": 457.57054009698913, "train_l1_m": 0.013787489326069042, "learning_rate": 2.8915237445669406e-05}
{"phase": "TRAINING", "arm": "balanced_geometry", "epoch": 1, "epochs": 3, "epoch_cursor": 19200, "anchors_per_epoch": 45646, "optimizer_steps": 600, "elapsed_seconds": 484.0806609449792, "train_l1_m": 0.013629942711445705, "learning_rate": 2.8712379790709277e-05}
{"phase": "TRAINING", "arm": "balanced_geometry", "epoch": 1, "epochs": 3, "epoch_cursor": 20800, "anchors_per_epoch": 45646, "optimizer_steps": 650, "elapsed_seconds": 510.6011737700028, "train_l1_m": 0.013558756222831776, "learning_rate": 2.849308217127674e-05}
{"phase": "TRAINING", "arm": "balanced_geometry", "epoch": 1, "epochs": 3, "epoch_cursor": 22400, "anchors_per_epoch": 45646, "optimizer_steps": 700, "elapsed_seconds": 543.1965441909852, "train_l1_m": 0.013508937953971198, "learning_rate": 2.8257639799700054e-05}
{"phase": "TRAINING", "arm": "balanced_geometry", "epoch": 1, "epochs": 3, "epoch_cursor": 24000, "anchors_per_epoch": 45646, "optimizer_steps": 750, "elapsed_seconds": 569.6346322789905, "train_l1_m": 0.013468784398160537, "learning_rate": 2.8006369621921858e-05}
{"phase": "TRAINING", "arm": "balanced_geometry", "epoch": 1, "epochs": 3, "epoch_cursor": 25600, "anchors_per_epoch": 45646, "optimizer_steps": 800, "elapsed_seconds": 596.2580647720024, "train_l1_m": 0.013458604418589514, "learning_rate": 2.7739609890835222e-05}
{"phase": "TRAINING", "arm": "balanced_geometry", "epoch": 1, "epochs": 3, "epoch_cursor": 27200, "anchors_per_epoch": 45646, "optimizer_steps": 850, "elapsed_seconds": 622.3999747289927, "train_l1_m": 0.013412764833318488, "learning_rate": 2.745771971093712e-05}
{"phase": "TRAINING", "arm": "balanced_geometry", "epoch": 1, "epochs": 3, "epoch_cursor": 28800, "anchors_per_epoch": 45646, "optimizer_steps": 900, "elapsed_seconds": 648.8157689299842, "train_l1_m": 0.013376145761390783, "learning_rate": 2.7161078554911985e-05}
{"phase": "TRAINING", "arm": "balanced_geometry", "epoch": 1, "epochs": 3, "epoch_cursor": 30400, "anchors_per_epoch": 45646, "optimizer_steps": 950, "elapsed_seconds": 675.2087739569834, "train_l1_m": 0.013295314561543968, "learning_rate": 2.685008575279625e-05}
{"phase": "TRAINING", "arm": "balanced_geometry", "epoch": 1, "epochs": 3, "epoch_cursor": 32000, "anchors_per_epoch": 45646, "optimizer_steps": 1000, "elapsed_seconds": 701.7658226359927, "train_l1_m": 0.013273163692050602, "learning_rate": 2.6525159954411242e-05}
{"phase": "TRAINING", "arm": "balanced_geometry", "epoch": 1, "epochs": 3, "epoch_cursor": 33600, "anchors_per_epoch": 45646, "optimizer_steps": 1050, "elapsed_seconds": 728.781291035004, "train_l1_m": 0.013178550894206633, "learning_rate": 2.6186738565788683e-05}
{"phase": "TRAINING", "arm": "balanced_geometry", "epoch": 1, "epochs": 3, "epoch_cursor": 35200, "anchors_per_epoch": 45646, "optimizer_steps": 1100, "elapsed_seconds": 755.5412074999767, "train_l1_m": 0.013137565651651457, "learning_rate": 2.583527716034673e-05}
{"phase": "TRAINING", "arm": "balanced_geometry", "epoch": 1, "epochs": 3, "epoch_cursor": 36800, "anchors_per_epoch": 45646, "optimizer_steps": 1150, "elapsed_seconds": 783.1294770189852, "train_l1_m": 0.013095682636397713, "learning_rate": 2.5471248865609924e-05}
{"phase": "TRAINING", "arm": "balanced_geometry", "epoch": 1, "epochs": 3, "epoch_cursor": 38400, "anchors_per_epoch": 45646, "optimizer_steps": 1200, "elapsed_seconds": 809.9438280539762, "train_l1_m": 0.013075950113719264, "learning_rate": 2.5095143726298105e-05}
{"phase": "TRAINING", "arm": "balanced_geometry", "epoch": 1, "epochs": 3, "epoch_cursor": 40000, "anchors_per_epoch": 45646, "optimizer_steps": 1250, "elapsed_seconds": 836.9833460669906, "train_l1_m": 0.013067400256700572, "learning_rate": 2.4707468044641732e-05}
{"phase": "TRAINING", "arm": "balanced_geometry", "epoch": 1, "epochs": 3, "epoch_cursor": 41600, "anchors_per_epoch": 45646, "optimizer_steps": 1300, "elapsed_seconds": 863.9983511909959, "train_l1_m": 0.013087791635262748, "learning_rate": 2.430874369881218e-05}
{"phase": "TRAINING", "arm": "balanced_geometry", "epoch": 1, "epochs": 3, "epoch_cursor": 43200, "anchors_per_epoch": 45646, "optimizer_steps": 1350, "elapsed_seconds": 890.6562686819816, "train_l1_m": 0.013054785831723417, "learning_rate": 2.3899507440383884e-05}
{"phase": "TRAINING", "arm": "balanced_geometry", "epoch": 1, "epochs": 3, "epoch_cursor": 44800, "anchors_per_epoch": 45646, "optimizer_steps": 1400, "elapsed_seconds": 917.421430833987, "train_l1_m": 0.01306513775955975, "learning_rate": 2.3480310171774243e-05}
{"phase": "VALIDATING", "arm": "balanced_geometry", "epoch": 1, "epochs": 3, "epoch_cursor": 45646, "anchors_per_epoch": 45646, "optimizer_steps": 1427, "elapsed_seconds": 948.3477685169782, "train_l1_m": 0.013033546873493677}
{"phase": "EPOCH_COMPLETE", "arm": "balanced_geometry", "epoch": 1, "epochs": 3, "epoch_cursor": 0, "anchors_per_epoch": 45646, "optimizer_steps": 1427, "elapsed_seconds": 1087.297218534979, "train_l1_m": 0.013033546873493677, "train_counts": {"visited": 45646, "input_invalid": 158, "teacher_unsupported": 1208, "supported": 44280, "loss_sum_m": 577.1254555583, "auxiliary_loss_sum_m": 140.32727941172197}, "validation_run_macro_3s_m": 0.05408245883882046, "validation_ade_m": 0.02102542668581009, "epoch_order_sha256": "ad445f1a20203abddb3a9b4a141037abcb3dc6367dcbfaabb92941292b642d40", "best_epoch": 1}
{"phase": "TRAINING", "arm": "balanced_geometry", "epoch": 2, "epochs": 3, "epoch_cursor": 0, "anchors_per_epoch": 45646, "optimizer_steps": 1427, "elapsed_seconds": 1087.3380077350012}
{"phase": "TRAINING", "arm": "balanced_geometry", "epoch": 2, "epochs": 3, "epoch_cursor": 1600, "anchors_per_epoch": 45646, "optimizer_steps": 1477, "elapsed_seconds": 1135.7174607070046, "train_l1_m": 0.012064874958501053, "learning_rate": 2.2816570940896875e-05}
{"phase": "TRAINING", "arm": "balanced_geometry", "epoch": 2, "epochs": 3, "epoch_cursor": 3200, "anchors_per_epoch": 45646, "optimizer_steps": 1527, "elapsed_seconds": 1162.5949341539817, "train_l1_m": 0.01201764172669837, "learning_rate": 2.2374638690469767e-05}
{"phase": "TRAINING", "arm": "balanced_geometry", "epoch": 2, "epochs": 3, "epoch_cursor": 4800, "anchors_per_epoch": 45646, "optimizer_steps": 1577, "elapsed_seconds": 1189.4229372729897, "train_l1_m": 0.011677567390228098, "learning_rate": 2.1924798165569156e-05}
{"phase": "TRAINING", "arm": "balanced_geometry", "epoch": 2, "epochs": 3, "epoch_cursor": 6400, "anchors_per_epoch": 45646, "optimizer_steps": 1627, "elapsed_seconds": 1216.0647250539914, "train_l1_m": 0.012012190887542745, "learning_rate": 2.1467654928941547e-05}
{"phase": "TRAINING", "arm": "balanced_geometry", "epoch": 2, "epochs": 3, "epoch_cursor": 8000, "anchors_per_epoch": 45646, "optimizer_steps": 1677, "elapsed_seconds": 1242.887399934989, "train_l1_m": 0.01186061270743152, "learning_rate": 2.100382437403998e-05}
{"phase": "TRAINING", "arm": "balanced_geometry", "epoch": 2, "epochs": 3, "epoch_cursor": 9600, "anchors_per_epoch": 45646, "optimizer_steps": 1727, "elapsed_seconds": 1269.672036981996, "train_l1_m": 0.011790607017833207, "learning_rate": 2.0533930896598468e-05}
{"phase": "TRAINING", "arm": "balanced_geometry", "epoch": 2, "epochs": 3, "epoch_cursor": 11200, "anchors_per_epoch": 45646, "optimizer_steps": 1777, "elapsed_seconds": 1296.4666720349924, "train_l1_m": 0.011726381202725107, "learning_rate": 2.0058607054088004e-05}
{"phase": "TRAINING", "arm": "balanced_geometry", "epoch": 2, "epochs": 3, "epoch_cursor": 12800, "anchors_per_epoch": 45646, "optimizer_steps": 1827, "elapsed_seconds": 1323.0813973929908, "train_l1_m": 0.011797449437328683, "learning_rate": 1.957849271418527e-05}
{"phase": "TRAINING", "arm": "balanced_geometry", "epoch": 2, "epochs": 3, "epoch_cursor": 14400, "anchors_per_epoch": 45646, "optimizer_steps": 1877, "elapsed_seconds": 1349.7366190349858, "train_l1_m": 0.011850383458222485, "learning_rate": 1.9094234193400733e-05}
{"phase": "TRAINING", "arm": "balanced_geometry", "epoch": 2, "epochs": 3, "epoch_cursor": 16000, "anchors_per_epoch": 45646, "optimizer_steps": 1927, "elapsed_seconds": 1379.4062361809774, "train_l1_m": 0.011820622772250948, "learning_rate": 1.8606483387025406e-05}
{"phase": "TRAINING", "arm": "balanced_geometry", "epoch": 2, "epochs": 3, "epoch_cursor": 17600, "anchors_per_epoch": 45646, "optimizer_steps": 1977, "elapsed_seconds": 1406.1859159680025, "train_l1_m": 0.011841267035566809, "learning_rate": 1.8115896891567503e-05}
{"phase": "TRAINING", "arm": "balanced_geometry", "epoch": 2, "epochs": 3, "epoch_cursor": 19200, "anchors_per_epoch": 45646, "optimizer_steps": 2027, "elapsed_seconds": 1433.1661295589874, "train_l1_m": 0.011828359966311368, "learning_rate": 1.762313512086065e-05}
{"phase": "TRAINING", "arm": "balanced_geometry", "epoch": 2, "epochs": 3, "epoch_cursor": 20800, "anchors_per_epoch": 45646, "optimizer_steps": 2077, "elapsed_seconds": 1459.7162256019947, "train_l1_m": 0.011837065957106934, "learning_rate": 1.7128861417033393e-05}
{"phase": "TRAINING", "arm": "balanced_geometry", "epoch": 2, "epochs": 3, "epoch_cursor": 22400, "anchors_per_epoch": 45646, "optimizer_steps": 2127, "elapsed_seconds": 1486.2367399609939, "train_l1_m": 0.011882824899165863, "learning_rate": 1.663374115753631e-05}
{"phase": "TRAINING", "arm": "balanced_geometry", "epoch": 2, "epochs": 3, "epoch_cursor": 24000, "anchors_per_epoch": 45646, "optimizer_steps": 2177, "elapsed_seconds": 1512.6023348360031, "train_l1_m": 0.011813627646668958, "learning_rate": 1.613844085942953e-05}
{"phase": "TRAINING", "arm": "balanced_geometry", "epoch": 2, "epochs": 3, "epoch_cursor": 25600, "anchors_per_epoch": 45646, "optimizer_steps": 2227, "elapsed_seconds": 1539.055832276994, "train_l1_m": 0.011752507442710112, "learning_rate": 1.5643627282136173e-05}
{"phase": "TRAINING", "arm": "balanced_geometry", "epoch": 2, "epochs": 3, "epoch_cursor": 27200, "anchors_per_epoch": 45646, "optimizer_steps": 2277, "elapsed_seconds": 1565.7351974149933, "train_l1_m": 0.011678151521244498, "learning_rate": 1.514996652986941e-05}
{"phase": "TRAINING", "arm": "balanced_geometry", "epoch": 2, "epochs": 3, "epoch_cursor": 28800, "anchors_per_epoch": 45646, "optimizer_steps": 2327, "elapsed_seconds": 1592.1104354439885, "train_l1_m": 0.011606995000730477, "learning_rate": 1.4658123154941537e-05}
{"phase": "TRAINING", "arm": "balanced_geometry", "epoch": 2, "epochs": 3, "epoch_cursor": 30400, "anchors_per_epoch": 45646, "optimizer_steps": 2377, "elapsed_seconds": 1618.599394099001, "train_l1_m": 0.011590942733870414, "learning_rate": 1.4168759263162266e-05}
{"phase": "TRAINING", "arm": "balanced_geometry", "epoch": 2, "epochs": 3, "epoch_cursor": 32000, "anchors_per_epoch": 45646, "optimizer_steps": 2427, "elapsed_seconds": 1645.579508611001, "train_l1_m": 0.011570230830312294, "learning_rate": 1.3682533622530375e-05}
{"phase": "TRAINING", "arm": "balanced_geometry", "epoch": 2, "epochs": 3, "epoch_cursor": 33600, "anchors_per_epoch": 45646, "optimizer_steps": 2477, "elapsed_seconds": 1672.0179164189904, "train_l1_m": 0.011528414366082733, "learning_rate": 1.320010077641861e-05}
{"phase": "TRAINING", "arm": "balanced_geometry", "epoch": 2, "epochs": 3, "epoch_cursor": 35200, "anchors_per_epoch": 45646, "optimizer_steps": 2527, "elapsed_seconds": 1699.095992535993, "train_l1_m": 0.011504824233968106, "learning_rate": 1.2722110162445717e-05}
{"phase": "TRAINING", "arm": "balanced_geometry", "epoch": 2, "epochs": 3, "epoch_cursor": 36800, "anchors_per_epoch": 45646, "optimizer_steps": 2577, "elapsed_seconds": 1725.4203296189953, "train_l1_m": 0.011496127139409437, "learning_rate": 1.2249205238221623e-05}
{"phase": "TRAINING", "arm": "balanced_geometry", "epoch": 2, "epochs": 3, "epoch_cursor": 38400, "anchors_per_epoch": 45646, "optimizer_steps": 2627, "elapsed_seconds": 1752.001134555001, "train_l1_m": 0.011510712388308045, "learning_rate": 1.178202261514284e-05}
{"phase": "TRAINING", "arm": "balanced_geometry", "epoch": 2, "epochs": 3, "epoch_cursor": 40000, "anchors_per_epoch": 45646, "optimizer_steps": 2677, "elapsed_seconds": 1778.4984510159993, "train_l1_m": 0.011487868781737742, "learning_rate": 1.1321191201403935e-05}
{"phase": "TRAINING", "arm": "balanced_geometry", "epoch": 2, "epochs": 3, "epoch_cursor": 41600, "anchors_per_epoch": 45646, "optimizer_steps": 2727, "elapsed_seconds": 1805.168174409977, "train_l1_m": 0.011490339516509072, "learning_rate": 1.0867331355378907e-05}
{"phase": "TRAINING", "arm": "balanced_geometry", "epoch": 2, "epochs": 3, "epoch_cursor": 43200, "anchors_per_epoch": 45646, "optimizer_steps": 2777, "elapsed_seconds": 1832.471542172978, "train_l1_m": 0.011451779091059785, "learning_rate": 1.0421054050512086e-05}
{"phase": "TRAINING", "arm": "balanced_geometry", "epoch": 2, "epochs": 3, "epoch_cursor": 44800, "anchors_per_epoch": 45646, "optimizer_steps": 2827, "elapsed_seconds": 1865.4549668419932, "train_l1_m": 0.011464991679087917, "learning_rate": 9.982960052842723e-06}
{"phase": "VALIDATING", "arm": "balanced_geometry", "epoch": 2, "epochs": 3, "epoch_cursor": 45646, "anchors_per_epoch": 45646, "optimizer_steps": 2854, "elapsed_seconds": 1888.1845487989776, "train_l1_m": 0.011475980391199242}
{"phase": "EPOCH_COMPLETE", "arm": "balanced_geometry", "epoch": 2, "epochs": 3, "epoch_cursor": 0, "anchors_per_epoch": 45646, "optimizer_steps": 2854, "elapsed_seconds": 2008.3320481969859, "train_l1_m": 0.011475980391199242, "train_counts": {"visited": 45646, "input_invalid": 158, "teacher_unsupported": 1208, "supported": 44280, "loss_sum_m": 508.15641172230244, "auxiliary_loss_sum_m": 91.77843249496073}, "validation_run_macro_3s_m": 0.05100551061332226, "validation_ade_m": 0.019993958994746208, "epoch_order_sha256": "5353bec5e9f4ca95438671fb903e3f0dd996d1033a738faa8ba153715aba8e5f", "best_epoch": 2}
{"phase": "TRAINING", "arm": "balanced_geometry", "epoch": 3, "epochs": 3, "epoch_cursor": 0, "anchors_per_epoch": 45646, "optimizer_steps": 2854, "elapsed_seconds": 2008.369153298001}
{"phase": "TRAINING", "arm": "balanced_geometry", "epoch": 3, "epochs": 3, "epoch_cursor": 1600, "anchors_per_epoch": 45646, "optimizer_steps": 2904, "elapsed_seconds": 2050.6816594580014, "train_l1_m": 0.011192753258552846, "learning_rate": 9.325657602307443e-06}
{"phase": "TRAINING", "arm": "balanced_geometry", "epoch": 3, "epochs": 3, "epoch_cursor": 3200, "anchors_per_epoch": 45646, "optimizer_steps": 2954, "elapsed_seconds": 2073.646317153005, "train_l1_m": 0.010727047491728392, "learning_rate": 8.910973103905536e-06}
{"phase": "TRAINING", "arm": "balanced_geometry", "epoch": 3, "epochs": 3, "epoch_cursor": 4800, "anchors_per_epoch": 45646, "optimizer_steps": 3004, "elapsed_seconds": 2097.001227389992, "train_l1_m": 0.010425438911805638, "learning_rate": 8.50650474148124e-06}
{"phase": "TRAINING", "arm": "balanced_geometry", "epoch": 3, "epochs": 3, "epoch_cursor": 6400, "anchors_per_epoch": 45646, "optimizer_steps": 3054, "elapsed_seconds": 2120.549098514981, "train_l1_m": 0.010740754504597374, "learning_rate": 8.112796999043623e-06}
{"phase": "TRAINING", "arm": "balanced_geometry", "epoch": 3, "epochs": 3, "epoch_cursor": 8000, "anchors_per_epoch": 45646, "optimizer_steps": 3104, "elapsed_seconds": 2143.437904698978, "train_l1_m": 0.010566752246188476, "learning_rate": 7.730379874955723e-06}
{"phase": "TRAINING", "arm": "balanced_geometry", "epoch": 3, "epochs": 3, "epoch_cursor": 9600, "anchors_per_epoch": 45646, "optimizer_steps": 3154, "elapsed_seconds": 2166.3192107740033, "train_l1_m": 0.010621847560580521, "learning_rate": 7.359768168465658e-06}
{"phase": "TRAINING", "arm": "balanced_geometry", "epoch": 3, "epochs": 3, "epoch_cursor": 11200, "anchors_per_epoch": 45646, "optimizer_steps": 3204, "elapsed_seconds": 2190.8142702219775, "train_l1_m": 0.010631948769972333, "learning_rate": 7.00146078669817e-06}
{"phase": "TRAINING", "arm": "balanced_geometry", "epoch": 3, "epochs": 3, "epoch_cursor": 12800, "anchors_per_epoch": 45646, "optimizer_steps": 3254, "elapsed_seconds": 2214.4298787369917, "train_l1_m": 0.010791126422626722, "learning_rate": 6.655940073039831e-06}
{"phase": "TRAINING", "arm": "balanced_geometry", "epoch": 3, "epochs": 3, "epoch_cursor": 14400, "anchors_per_epoch": 45646, "optimizer_steps": 3304, "elapsed_seconds": 2237.84046635899, "train_l1_m": 0.01076687312040705, "learning_rate": 6.323671157821878e-06}
{"phase": "TRAINING", "arm": "balanced_geometry", "epoch": 3, "epochs": 3, "epoch_cursor": 16000, "anchors_per_epoch": 45646, "optimizer_steps": 3354, "elapsed_seconds": 2260.774496314989, "train_l1_m": 0.010639791384159545, "learning_rate": 6.0051013321746926e-06}
{"phase": "TRAINING", "arm": "balanced_geometry", "epoch": 3, "epochs": 3, "epoch_cursor": 17600, "anchors_per_epoch": 45646, "optimizer_steps": 3404, "elapsed_seconds": 2283.590612600994, "train_l1_m": 0.010706603738470252, "learning_rate": 5.700659445897052e-06}
{"phase": "TRAINING", "arm": "balanced_geometry", "epoch": 3, "epochs": 3, "epoch_cursor": 19200, "anchors_per_epoch": 45646, "optimizer_steps": 3454, "elapsed_seconds": 2306.499776449986, "train_l1_m": 0.010666206242152351, "learning_rate": 5.410755330150449e-06}
{"phase": "TRAINING", "arm": "balanced_geometry", "epoch": 3, "epochs": 3, "epoch_cursor": 20800, "anchors_per_epoch": 45646, "optimizer_steps": 3504, "elapsed_seconds": 2329.5193496510037, "train_l1_m": 0.010605032510821462, "learning_rate": 5.135779245755869e-06}
{"phase": "TRAINING", "arm": "balanced_geometry", "epoch": 3, "epochs": 3, "epoch_cursor": 22400, "anchors_per_epoch": 45646, "optimizer_steps": 3554, "elapsed_seconds": 2352.192619860987, "train_l1_m": 0.01063945711182524, "learning_rate": 4.876101357835566e-06}
{"phase": "TRAINING", "arm": "balanced_geometry", "epoch": 3, "epochs": 3, "epoch_cursor": 24000, "anchors_per_epoch": 45646, "optimizer_steps": 3604, "elapsed_seconds": 2375.7225623309787, "train_l1_m": 0.01062226065297414, "learning_rate": 4.63207123750711e-06}
{"phase": "TRAINING", "arm": "balanced_geometry", "epoch": 3, "epochs": 3, "epoch_cursor": 25600, "anchors_per_epoch": 45646, "optimizer_steps": 3654, "elapsed_seconds": 2398.192930413992, "train_l1_m": 0.010610435312628617, "learning_rate": 4.404017391300536e-06}
{"phase": "TRAINING", "arm": "balanced_geometry", "epoch": 3, "epochs": 3, "epoch_cursor": 27200, "anchors_per_epoch": 45646, "optimizer_steps": 3704, "elapsed_seconds": 2420.833834310004, "train_l1_m": 0.010575398515425709, "learning_rate": 4.192246818931999e-06}
{"phase": "TRAINING", "arm": "balanced_geometry", "epoch": 3, "epochs": 3, "epoch_cursor": 28800, "anchors_per_epoch": 45646, "optimizer_steps": 3754, "elapsed_seconds": 2444.2484377129877, "train_l1_m": 0.010558430402180618, "learning_rate": 3.997044600029365e-06}
{"phase": "TRAINING", "arm": "balanced_geometry", "epoch": 3, "epochs": 3, "epoch_cursor": 30400, "anchors_per_epoch": 45646, "optimizer_steps": 3804, "elapsed_seconds": 2466.856866973976, "train_l1_m": 0.010532871504118076, "learning_rate": 3.818673510365965e-06}
{"phase": "TRAINING", "arm": "balanced_geometry", "epoch": 3, "epochs": 3, "epoch_cursor": 32000, "anchors_per_epoch": 45646, "optimizer_steps": 3854, "elapsed_seconds": 2489.898543569987, "train_l1_m": 0.010502790181414956, "learning_rate": 3.6573736681191874e-06}
{"phase": "TRAINING", "arm": "balanced_geometry", "epoch": 3, "epochs": 3, "epoch_cursor": 33600, "anchors_per_epoch": 45646, "optimizer_steps": 3904, "elapsed_seconds": 2513.1897373239917, "train_l1_m": 0.010494485702314198, "learning_rate": 3.5133622106301155e-06}
{"phase": "TRAINING", "arm": "balanced_geometry", "epoch": 3, "epochs": 3, "epoch_cursor": 35200, "anchors_per_epoch": 45646, "optimizer_steps": 3954, "elapsed_seconds": 2537.0824237169873, "train_l1_m": 0.010521782403893362, "learning_rate": 3.3868330020992756e-06}
{"phase": "TRAINING", "arm": "balanced_geometry", "epoch": 3, "epochs": 3, "epoch_cursor": 36800, "anchors_per_epoch": 45646, "optimizer_steps": 4004, "elapsed_seconds": 2559.9912618439994, "train_l1_m": 0.010535191163314256, "learning_rate": 3.2779563726120905e-06}
{"phase": "TRAINING", "arm": "balanced_geometry", "epoch": 3, "epochs": 3, "epoch_cursor": 38400, "anchors_per_epoch": 45646, "optimizer_steps": 4054, "elapsed_seconds": 2582.629546979995, "train_l1_m": 0.010511141177104345, "learning_rate": 3.1868788888452758e-06}
{"phase": "TRAINING", "arm": "balanced_geometry", "epoch": 3, "epochs": 3, "epoch_cursor": 40000, "anchors_per_epoch": 45646, "optimizer_steps": 4104, "elapsed_seconds": 2606.337918167992, "train_l1_m": 0.010531381015625731, "learning_rate": 3.1137231567628604e-06}
{"phase": "TRAINING", "arm": "balanced_geometry", "epoch": 3, "epochs": 3, "epoch_cursor": 41600, "anchors_per_epoch": 45646, "optimizer_steps": 4154, "elapsed_seconds": 2629.5215545749816, "train_l1_m": 0.010515126886169096, "learning_rate": 3.0585876565674773e-06}
{"phase": "TRAINING", "arm": "balanced_geometry", "epoch": 3, "epochs": 3, "epoch_cursor": 43200, "anchors_per_epoch": 45646, "optimizer_steps": 4204, "elapsed_seconds": 2652.4473628829874, "train_l1_m": 0.010511597752443123, "learning_rate": 3.021546610129053e-06}
{"phase": "TRAINING", "arm": "balanced_geometry", "epoch": 3, "epochs": 3, "epoch_cursor": 44800, "anchors_per_epoch": 45646, "optimizer_steps": 4254, "elapsed_seconds": 2676.233739539981, "train_l1_m": 0.010468724582166262, "learning_rate": 3.0026498810694176e-06}
{"phase": "VALIDATING", "arm": "balanced_geometry", "epoch": 3, "epochs": 3, "epoch_cursor": 45646, "anchors_per_epoch": 45646, "optimizer_steps": 4281, "elapsed_seconds": 2698.3243646030023, "train_l1_m": 0.010471803287099693}
{"phase": "EPOCH_COMPLETE", "arm": "balanced_geometry", "epoch": 3, "epochs": 3, "epoch_cursor": 0, "anchors_per_epoch": 45646, "optimizer_steps": 4281, "elapsed_seconds": 2816.828665459994, "train_l1_m": 0.010471803287099693, "train_counts": {"visited": 45646, "input_invalid": 158, "teacher_unsupported": 1208, "supported": 44280, "loss_sum_m": 463.69144955277443, "auxiliary_loss_sum_m": 73.42392544168979}, "validation_run_macro_3s_m": 0.048661310536166034, "validation_ade_m": 0.01705187000334263, "epoch_order_sha256": "0c4a225362a91afbf31480c0795c8627ad7a5127f4c2eedc28dec48cbd5063d9", "best_epoch": 3}
{"phase": "RELOADING_BEST", "arm": "balanced_geometry", "epoch": 3, "epochs": 3, "epoch_cursor": 0, "anchors_per_epoch": 45646, "optimizer_steps": 4281, "elapsed_seconds": 2816.8290095609846, "best_epoch": 3}
{"phase": "COMPLETE", "arm": "balanced_geometry", "epoch": 3, "epochs": 3, "epoch_cursor": 0, "anchors_per_epoch": 45646, "optimizer_steps": 4281, "elapsed_seconds": 2931.7863731489924, "best_epoch": 3, "validation_run_macro_3s_m": 0.048661310536166034}
