/home/thistle/e2e_autonomous/e2e_lite_transfuser/.venv/lib/python3.10/site-packages/torch/nn/modules/transformer.py:382: UserWarning: enable_nested_tensor is True, but self.use_nested_tensor is False because encoder_layer.norm_first was True
  warnings.warn(
{"phase": "INITIAL_VALIDATION", "arm": "uniform_geometry", "epoch": 1, "epochs": 3, "epoch_cursor": 0, "anchors_per_epoch": 45646, "optimizer_steps": 0, "elapsed_seconds": 0.10418779798783362}
{"phase": "TRAINING", "arm": "uniform_geometry", "epoch": 1, "epochs": 3, "epoch_cursor": 0, "anchors_per_epoch": 45646, "optimizer_steps": 0, "elapsed_seconds": 177.62670686398633}
{"phase": "TRAINING", "arm": "uniform_geometry", "epoch": 1, "epochs": 3, "epoch_cursor": 1600, "anchors_per_epoch": 45646, "optimizer_steps": 50, "elapsed_seconds": 238.29111535998527, "train_l1_m": 0.017102299858272, "learning_rate": 2.9990913338588383e-05}
{"phase": "TRAINING", "arm": "uniform_geometry", "epoch": 1, "epochs": 3, "epoch_cursor": 3200, "anchors_per_epoch": 45646, "optimizer_steps": 100, "elapsed_seconds": 270.2920940309996, "train_l1_m": 0.015802838270132777, "learning_rate": 2.9963665586563177e-05}
{"phase": "TRAINING", "arm": "uniform_geometry", "epoch": 1, "epochs": 3, "epoch_cursor": 4800, "anchors_per_epoch": 45646, "optimizer_steps": 150, "elapsed_seconds": 302.3125213639869, "train_l1_m": 0.014894985674379517, "learning_rate": 2.991829342408682e-05}
{"phase": "TRAINING", "arm": "uniform_geometry", "epoch": 1, "epochs": 3, "epoch_cursor": 6400, "anchors_per_epoch": 45646, "optimizer_steps": 200, "elapsed_seconds": 333.86149764299626, "train_l1_m": 0.014420125705302527, "learning_rate": 2.985485792989682e-05}
{"phase": "TRAINING", "arm": "uniform_geometry", "epoch": 1, "epochs": 3, "epoch_cursor": 8000, "anchors_per_epoch": 45646, "optimizer_steps": 250, "elapsed_seconds": 366.42349440199905, "train_l1_m": 0.014494854263910553, "learning_rate": 2.9773444499083124e-05}
{"phase": "TRAINING", "arm": "uniform_geometry", "epoch": 1, "epochs": 3, "epoch_cursor": 9600, "anchors_per_epoch": 45646, "optimizer_steps": 300, "elapsed_seconds": 398.304792572977, "train_l1_m": 0.014287427430187124, "learning_rate": 2.9674162728131704e-05}
{"phase": "TRAINING", "arm": "uniform_geometry", "epoch": 1, "epochs": 3, "epoch_cursor": 11200, "anchors_per_epoch": 45646, "optimizer_steps": 350, "elapsed_seconds": 431.65681844198843, "train_l1_m": 0.014187057743692416, "learning_rate": 2.9557146267388712e-05}
{"phase": "TRAINING", "arm": "uniform_geometry", "epoch": 1, "epochs": 3, "epoch_cursor": 12800, "anchors_per_epoch": 45646, "optimizer_steps": 400, "elapsed_seconds": 464.6487029849959, "train_l1_m": 0.014011712112086024, "learning_rate": 2.942255264114435e-05}
{"phase": "TRAINING", "arm": "uniform_geometry", "epoch": 1, "epochs": 3, "epoch_cursor": 14400, "anchors_per_epoch": 45646, "optimizer_steps": 450, "elapsed_seconds": 497.375175373978, "train_l1_m": 0.01405497363647631, "learning_rate": 2.92705630355778e-05}
{"phase": "TRAINING", "arm": "uniform_geometry", "epoch": 1, "epochs": 3, "epoch_cursor": 16000, "anchors_per_epoch": 45646, "optimizer_steps": 500, "elapsed_seconds": 530.2030200599984, "train_l1_m": 0.013934412153441923, "learning_rate": 2.9101382054849642e-05}
{"phase": "TRAINING", "arm": "uniform_geometry", "epoch": 1, "epochs": 3, "epoch_cursor": 17600, "anchors_per_epoch": 45646, "optimizer_steps": 550, "elapsed_seconds": 562.949454362999, "train_l1_m": 0.013765806829458422, "learning_rate": 2.8915237445669406e-05}
{"phase": "TRAINING", "arm": "uniform_geometry", "epoch": 1, "epochs": 3, "epoch_cursor": 19200, "anchors_per_epoch": 45646, "optimizer_steps": 600, "elapsed_seconds": 596.433232610987, "train_l1_m": 0.013667415268968813, "learning_rate": 2.8712379790709277e-05}
{"phase": "TRAINING", "arm": "uniform_geometry", "epoch": 1, "epochs": 3, "epoch_cursor": 20800, "anchors_per_epoch": 45646, "optimizer_steps": 650, "elapsed_seconds": 628.4762484520033, "train_l1_m": 0.013633531123249353, "learning_rate": 2.849308217127674e-05}
{"phase": "TRAINING", "arm": "uniform_geometry", "epoch": 1, "epochs": 3, "epoch_cursor": 22400, "anchors_per_epoch": 45646, "optimizer_steps": 700, "elapsed_seconds": 661.1873791519902, "train_l1_m": 0.013551318723417827, "learning_rate": 2.8257639799700054e-05}
{"phase": "TRAINING", "arm": "uniform_geometry", "epoch": 1, "epochs": 3, "epoch_cursor": 24000, "anchors_per_epoch": 45646, "optimizer_steps": 750, "elapsed_seconds": 697.8830812980013, "train_l1_m": 0.01353835673594486, "learning_rate": 2.8006369621921858e-05}
{"phase": "TRAINING", "arm": "uniform_geometry", "epoch": 1, "epochs": 3, "epoch_cursor": 25600, "anchors_per_epoch": 45646, "optimizer_steps": 800, "elapsed_seconds": 729.0487666449917, "train_l1_m": 0.013455658330725411, "learning_rate": 2.7739609890835222e-05}
{"phase": "TRAINING", "arm": "uniform_geometry", "epoch": 1, "epochs": 3, "epoch_cursor": 27200, "anchors_per_epoch": 45646, "optimizer_steps": 850, "elapsed_seconds": 758.9612312440004, "train_l1_m": 0.013390088605935801, "learning_rate": 2.745771971093712e-05}
{"phase": "TRAINING", "arm": "uniform_geometry", "epoch": 1, "epochs": 3, "epoch_cursor": 28800, "anchors_per_epoch": 45646, "optimizer_steps": 900, "elapsed_seconds": 789.6375470240018, "train_l1_m": 0.013341531355216438, "learning_rate": 2.7161078554911985e-05}
{"phase": "TRAINING", "arm": "uniform_geometry", "epoch": 1, "epochs": 3, "epoch_cursor": 30400, "anchors_per_epoch": 45646, "optimizer_steps": 950, "elapsed_seconds": 820.014271010994, "train_l1_m": 0.013255124883202088, "learning_rate": 2.685008575279625e-05}
{"phase": "TRAINING", "arm": "uniform_geometry", "epoch": 1, "epochs": 3, "epoch_cursor": 32000, "anchors_per_epoch": 45646, "optimizer_steps": 1000, "elapsed_seconds": 849.9020076719753, "train_l1_m": 0.013248704537582907, "learning_rate": 2.6525159954411242e-05}
{"phase": "TRAINING", "arm": "uniform_geometry", "epoch": 1, "epochs": 3, "epoch_cursor": 33600, "anchors_per_epoch": 45646, "optimizer_steps": 1050, "elapsed_seconds": 879.8463815419818, "train_l1_m": 0.013162941617339111, "learning_rate": 2.6186738565788683e-05}
{"phase": "TRAINING", "arm": "uniform_geometry", "epoch": 1, "epochs": 3, "epoch_cursor": 35200, "anchors_per_epoch": 45646, "optimizer_steps": 1100, "elapsed_seconds": 909.4467522069754, "train_l1_m": 0.013122293068592935, "learning_rate": 2.583527716034673e-05}
{"phase": "TRAINING", "arm": "uniform_geometry", "epoch": 1, "epochs": 3, "epoch_cursor": 36800, "anchors_per_epoch": 45646, "optimizer_steps": 1150, "elapsed_seconds": 939.1861278679862, "train_l1_m": 0.013073468453446455, "learning_rate": 2.5471248865609924e-05}
{"phase": "TRAINING", "arm": "uniform_geometry", "epoch": 1, "epochs": 3, "epoch_cursor": 38400, "anchors_per_epoch": 45646, "optimizer_steps": 1200, "elapsed_seconds": 971.270242234983, "train_l1_m": 0.013079728685394792, "learning_rate": 2.5095143726298105e-05}
{"phase": "TRAINING", "arm": "uniform_geometry", "epoch": 1, "epochs": 3, "epoch_cursor": 40000, "anchors_per_epoch": 45646, "optimizer_steps": 1250, "elapsed_seconds": 1005.1833457419998, "train_l1_m": 0.013080631131968248, "learning_rate": 2.4707468044641732e-05}
{"phase": "TRAINING", "arm": "uniform_geometry", "epoch": 1, "epochs": 3, "epoch_cursor": 41600, "anchors_per_epoch": 45646, "optimizer_steps": 1300, "elapsed_seconds": 1038.6094638829818, "train_l1_m": 0.013065431712138288, "learning_rate": 2.430874369881218e-05}
{"phase": "TRAINING", "arm": "uniform_geometry", "epoch": 1, "epochs": 3, "epoch_cursor": 43200, "anchors_per_epoch": 45646, "optimizer_steps": 1350, "elapsed_seconds": 1071.6627658809884, "train_l1_m": 0.013034143244837032, "learning_rate": 2.3899507440383884e-05}
{"phase": "TRAINING", "arm": "uniform_geometry", "epoch": 1, "epochs": 3, "epoch_cursor": 44800, "anchors_per_epoch": 45646, "optimizer_steps": 1400, "elapsed_seconds": 1103.7188307530014, "train_l1_m": 0.01305490390770193, "learning_rate": 2.3480310171774243e-05}
{"phase": "VALIDATING", "arm": "uniform_geometry", "epoch": 1, "epochs": 3, "epoch_cursor": 45646, "anchors_per_epoch": 45646, "optimizer_steps": 1427, "elapsed_seconds": 1136.1566007819783, "train_l1_m": 0.013029904092149682}
{"phase": "EPOCH_COMPLETE", "arm": "uniform_geometry", "epoch": 1, "epochs": 3, "epoch_cursor": 0, "anchors_per_epoch": 45646, "optimizer_steps": 1427, "elapsed_seconds": 1324.0087498279754, "train_l1_m": 0.013029904092149682, "train_counts": {"visited": 45646, "input_invalid": 158, "teacher_unsupported": 1208, "supported": 44280, "loss_sum_m": 576.964153200388, "auxiliary_loss_sum_m": 130.3419290385209}, "validation_run_macro_3s_m": 0.053677490912377834, "validation_ade_m": 0.020578810945153236, "epoch_order_sha256": "e8a0375d7a1422f30418c6fa4bc53a2e7be51657185ff6f7bd0853ac5ce6769d", "best_epoch": 1}
{"phase": "TRAINING", "arm": "uniform_geometry", "epoch": 2, "epochs": 3, "epoch_cursor": 0, "anchors_per_epoch": 45646, "optimizer_steps": 1427, "elapsed_seconds": 1324.0402200279932}
{"phase": "TRAINING", "arm": "uniform_geometry", "epoch": 2, "epochs": 3, "epoch_cursor": 1600, "anchors_per_epoch": 45646, "optimizer_steps": 1477, "elapsed_seconds": 1385.5878573709924, "train_l1_m": 0.012531609570504462, "learning_rate": 2.2816570940896875e-05}
{"phase": "TRAINING", "arm": "uniform_geometry", "epoch": 2, "epochs": 3, "epoch_cursor": 3200, "anchors_per_epoch": 45646, "optimizer_steps": 1527, "elapsed_seconds": 1418.5979288939852, "train_l1_m": 0.01238668329763474, "learning_rate": 2.2374638690469767e-05}
{"phase": "TRAINING", "arm": "uniform_geometry", "epoch": 2, "epochs": 3, "epoch_cursor": 4800, "anchors_per_epoch": 45646, "optimizer_steps": 1577, "elapsed_seconds": 1452.0090627619938, "train_l1_m": 0.01173546423625823, "learning_rate": 2.1924798165569156e-05}
{"phase": "TRAINING", "arm": "uniform_geometry", "epoch": 2, "epochs": 3, "epoch_cursor": 6400, "anchors_per_epoch": 45646, "optimizer_steps": 1627, "elapsed_seconds": 1484.4971587299951, "train_l1_m": 0.011968588836722775, "learning_rate": 2.1467654928941547e-05}
{"phase": "TRAINING", "arm": "uniform_geometry", "epoch": 2, "epochs": 3, "epoch_cursor": 8000, "anchors_per_epoch": 45646, "optimizer_steps": 1677, "elapsed_seconds": 1516.9428368980007, "train_l1_m": 0.01180331570708922, "learning_rate": 2.100382437403998e-05}
{"phase": "TRAINING", "arm": "uniform_geometry", "epoch": 2, "epochs": 3, "epoch_cursor": 9600, "anchors_per_epoch": 45646, "optimizer_steps": 1727, "elapsed_seconds": 1549.4028426449804, "train_l1_m": 0.01177937026628418, "learning_rate": 2.0533930896598468e-05}
{"phase": "TRAINING", "arm": "uniform_geometry", "epoch": 2, "epochs": 3, "epoch_cursor": 11200, "anchors_per_epoch": 45646, "optimizer_steps": 1777, "elapsed_seconds": 1582.6778764229966, "train_l1_m": 0.011820146099272667, "learning_rate": 2.0058607054088004e-05}
{"phase": "TRAINING", "arm": "uniform_geometry", "epoch": 2, "epochs": 3, "epoch_cursor": 12800, "anchors_per_epoch": 45646, "optimizer_steps": 1827, "elapsed_seconds": 1614.3298690959928, "train_l1_m": 0.011823679929424163, "learning_rate": 1.957849271418527e-05}
{"phase": "TRAINING", "arm": "uniform_geometry", "epoch": 2, "epochs": 3, "epoch_cursor": 14400, "anchors_per_epoch": 45646, "optimizer_steps": 1877, "elapsed_seconds": 1645.904709260998, "train_l1_m": 0.011784693936590799, "learning_rate": 1.9094234193400733e-05}
{"phase": "TRAINING", "arm": "uniform_geometry", "epoch": 2, "epochs": 3, "epoch_cursor": 16000, "anchors_per_epoch": 45646, "optimizer_steps": 1927, "elapsed_seconds": 1680.628603663994, "train_l1_m": 0.011815973564849968, "learning_rate": 1.8606483387025406e-05}
{"phase": "TRAINING", "arm": "uniform_geometry", "epoch": 2, "epochs": 3, "epoch_cursor": 17600, "anchors_per_epoch": 45646, "optimizer_steps": 1977, "elapsed_seconds": 1713.1890978149895, "train_l1_m": 0.011842780552700983, "learning_rate": 1.8115896891567503e-05}
{"phase": "TRAINING", "arm": "uniform_geometry", "epoch": 2, "epochs": 3, "epoch_cursor": 19200, "anchors_per_epoch": 45646, "optimizer_steps": 2027, "elapsed_seconds": 1744.927426276001, "train_l1_m": 0.011842187236350282, "learning_rate": 1.762313512086065e-05}
{"phase": "TRAINING", "arm": "uniform_geometry", "epoch": 2, "epochs": 3, "epoch_cursor": 20800, "anchors_per_epoch": 45646, "optimizer_steps": 2077, "elapsed_seconds": 1776.865062236, "train_l1_m": 0.011787988707916666, "learning_rate": 1.7128861417033393e-05}
{"phase": "TRAINING", "arm": "uniform_geometry", "epoch": 2, "epochs": 3, "epoch_cursor": 22400, "anchors_per_epoch": 45646, "optimizer_steps": 2127, "elapsed_seconds": 1808.6212738289905, "train_l1_m": 0.01177253039243192, "learning_rate": 1.663374115753631e-05}
{"phase": "TRAINING", "arm": "uniform_geometry", "epoch": 2, "epochs": 3, "epoch_cursor": 24000, "anchors_per_epoch": 45646, "optimizer_steps": 2177, "elapsed_seconds": 1841.2013852249947, "train_l1_m": 0.011703287328186712, "learning_rate": 1.613844085942953e-05}
{"phase": "TRAINING", "arm": "uniform_geometry", "epoch": 2, "epochs": 3, "epoch_cursor": 25600, "anchors_per_epoch": 45646, "optimizer_steps": 2227, "elapsed_seconds": 1873.3940988699906, "train_l1_m": 0.011669421086450082, "learning_rate": 1.5643627282136173e-05}
{"phase": "TRAINING", "arm": "uniform_geometry", "epoch": 2, "epochs": 3, "epoch_cursor": 27200, "anchors_per_epoch": 45646, "optimizer_steps": 2277, "elapsed_seconds": 1905.0983460219868, "train_l1_m": 0.011598444969804927, "learning_rate": 1.514996652986941e-05}
{"phase": "TRAINING", "arm": "uniform_geometry", "epoch": 2, "epochs": 3, "epoch_cursor": 28800, "anchors_per_epoch": 45646, "optimizer_steps": 2327, "elapsed_seconds": 1936.3452737189946, "train_l1_m": 0.011537861009217592, "learning_rate": 1.4658123154941537e-05}
{"phase": "TRAINING", "arm": "uniform_geometry", "epoch": 2, "epochs": 3, "epoch_cursor": 30400, "anchors_per_epoch": 45646, "optimizer_steps": 2377, "elapsed_seconds": 1968.61041530699, "train_l1_m": 0.011525062265306363, "learning_rate": 1.4168759263162266e-05}
{"phase": "TRAINING", "arm": "uniform_geometry", "epoch": 2, "epochs": 3, "epoch_cursor": 32000, "anchors_per_epoch": 45646, "optimizer_steps": 2427, "elapsed_seconds": 2001.8332248239894, "train_l1_m": 0.011503165896833221, "learning_rate": 1.3682533622530375e-05}
{"phase": "TRAINING", "arm": "uniform_geometry", "epoch": 2, "epochs": 3, "epoch_cursor": 33600, "anchors_per_epoch": 45646, "optimizer_steps": 2477, "elapsed_seconds": 2032.8368545389967, "train_l1_m": 0.011479510557600658, "learning_rate": 1.320010077641861e-05}
{"phase": "TRAINING", "arm": "uniform_geometry", "epoch": 2, "epochs": 3, "epoch_cursor": 35200, "anchors_per_epoch": 45646, "optimizer_steps": 2527, "elapsed_seconds": 2066.0504861469963, "train_l1_m": 0.011460024721699795, "learning_rate": 1.2722110162445717e-05}
{"phase": "TRAINING", "arm": "uniform_geometry", "epoch": 2, "epochs": 3, "epoch_cursor": 36800, "anchors_per_epoch": 45646, "optimizer_steps": 2577, "elapsed_seconds": 2098.1526909819804, "train_l1_m": 0.011458148130157176, "learning_rate": 1.2249205238221623e-05}
{"phase": "TRAINING", "arm": "uniform_geometry", "epoch": 2, "epochs": 3, "epoch_cursor": 38400, "anchors_per_epoch": 45646, "optimizer_steps": 2627, "elapsed_seconds": 2130.8055859319866, "train_l1_m": 0.011456512983214108, "learning_rate": 1.178202261514284e-05}
{"phase": "TRAINING", "arm": "uniform_geometry", "epoch": 2, "epochs": 3, "epoch_cursor": 40000, "anchors_per_epoch": 45646, "optimizer_steps": 2677, "elapsed_seconds": 2163.1097087419766, "train_l1_m": 0.011435406459365078, "learning_rate": 1.1321191201403935e-05}
{"phase": "TRAINING", "arm": "uniform_geometry", "epoch": 2, "epochs": 3, "epoch_cursor": 41600, "anchors_per_epoch": 45646, "optimizer_steps": 2727, "elapsed_seconds": 2195.9937174719817, "train_l1_m": 0.011442416938561165, "learning_rate": 1.0867331355378907e-05}
{"phase": "TRAINING", "arm": "uniform_geometry", "epoch": 2, "epochs": 3, "epoch_cursor": 43200, "anchors_per_epoch": 45646, "optimizer_steps": 2777, "elapsed_seconds": 2228.8118573839893, "train_l1_m": 0.011406379503823984, "learning_rate": 1.0421054050512086e-05}
{"phase": "TRAINING", "arm": "uniform_geometry", "epoch": 2, "epochs": 3, "epoch_cursor": 44800, "anchors_per_epoch": 45646, "optimizer_steps": 2827, "elapsed_seconds": 2261.128257554985, "train_l1_m": 0.011434918920765891, "learning_rate": 9.982960052842723e-06}
{"phase": "VALIDATING", "arm": "uniform_geometry", "epoch": 2, "epochs": 3, "epoch_cursor": 45646, "anchors_per_epoch": 45646, "optimizer_steps": 2854, "elapsed_seconds": 2291.4460374749906, "train_l1_m": 0.011438049977374378}
{"phase": "EPOCH_COMPLETE", "arm": "uniform_geometry", "epoch": 2, "epochs": 3, "epoch_cursor": 0, "anchors_per_epoch": 45646, "optimizer_steps": 2854, "elapsed_seconds": 2476.0818916529824, "train_l1_m": 0.011438049977374378, "train_counts": {"visited": 45646, "input_invalid": 158, "teacher_unsupported": 1208, "supported": 44280, "loss_sum_m": 506.4768529981375, "auxiliary_loss_sum_m": 88.21560646290891}, "validation_run_macro_3s_m": 0.050861516036093235, "validation_ade_m": 0.017504019662737846, "epoch_order_sha256": "378d3c2eb4a6b85db737ab07453b4dfed75a62940496880ef1788c1d3ddfd66f", "best_epoch": 2}
{"phase": "TRAINING", "arm": "uniform_geometry", "epoch": 3, "epochs": 3, "epoch_cursor": 0, "anchors_per_epoch": 45646, "optimizer_steps": 2854, "elapsed_seconds": 2476.1790172519977}
{"phase": "TRAINING", "arm": "uniform_geometry", "epoch": 3, "epochs": 3, "epoch_cursor": 1600, "anchors_per_epoch": 45646, "optimizer_steps": 2904, "elapsed_seconds": 2538.949346612004, "train_l1_m": 0.010831188585630787, "learning_rate": 9.325657602307443e-06}
{"phase": "TRAINING", "arm": "uniform_geometry", "epoch": 3, "epochs": 3, "epoch_cursor": 3200, "anchors_per_epoch": 45646, "optimizer_steps": 2954, "elapsed_seconds": 2571.1264990879863, "train_l1_m": 0.010450524385410673, "learning_rate": 8.910973103905536e-06}
{"phase": "TRAINING", "arm": "uniform_geometry", "epoch": 3, "epochs": 3, "epoch_cursor": 4800, "anchors_per_epoch": 45646, "optimizer_steps": 3004, "elapsed_seconds": 2597.84433198598, "train_l1_m": 0.01021436257622263, "learning_rate": 8.50650474148124e-06}
{"phase": "TRAINING", "arm": "uniform_geometry", "epoch": 3, "epochs": 3, "epoch_cursor": 6400, "anchors_per_epoch": 45646, "optimizer_steps": 3054, "elapsed_seconds": 2625.9051507249824, "train_l1_m": 0.010576724036119997, "learning_rate": 8.112796999043623e-06}
{"phase": "TRAINING", "arm": "uniform_geometry", "epoch": 3, "epochs": 3, "epoch_cursor": 8000, "anchors_per_epoch": 45646, "optimizer_steps": 3104, "elapsed_seconds": 2652.309759222, "train_l1_m": 0.010448990528248558, "learning_rate": 7.730379874955723e-06}
{"phase": "TRAINING", "arm": "uniform_geometry", "epoch": 3, "epochs": 3, "epoch_cursor": 9600, "anchors_per_epoch": 45646, "optimizer_steps": 3154, "elapsed_seconds": 2678.866523192002, "train_l1_m": 0.010504591255170535, "learning_rate": 7.359768168465658e-06}
{"phase": "TRAINING", "arm": "uniform_geometry", "epoch": 3, "epochs": 3, "epoch_cursor": 11200, "anchors_per_epoch": 45646, "optimizer_steps": 3204, "elapsed_seconds": 2705.107655849977, "train_l1_m": 0.010512974991624645, "learning_rate": 7.00146078669817e-06}
{"phase": "TRAINING", "arm": "uniform_geometry", "epoch": 3, "epochs": 3, "epoch_cursor": 12800, "anchors_per_epoch": 45646, "optimizer_steps": 3254, "elapsed_seconds": 2731.782511616999, "train_l1_m": 0.0106811701929351, "learning_rate": 6.655940073039831e-06}
{"phase": "TRAINING", "arm": "uniform_geometry", "epoch": 3, "epochs": 3, "epoch_cursor": 14400, "anchors_per_epoch": 45646, "optimizer_steps": 3304, "elapsed_seconds": 2758.4421544549987, "train_l1_m": 0.01065649115911094, "learning_rate": 6.323671157821878e-06}
{"phase": "TRAINING", "arm": "uniform_geometry", "epoch": 3, "epochs": 3, "epoch_cursor": 16000, "anchors_per_epoch": 45646, "optimizer_steps": 3354, "elapsed_seconds": 2784.776289909001, "train_l1_m": 0.010544864492913555, "learning_rate": 6.0051013321746926e-06}
{"phase": "TRAINING", "arm": "uniform_geometry", "epoch": 3, "epochs": 3, "epoch_cursor": 17600, "anchors_per_epoch": 45646, "optimizer_steps": 3404, "elapsed_seconds": 2811.4957058389846, "train_l1_m": 0.010617546204323366, "learning_rate": 5.700659445897052e-06}
{"phase": "TRAINING", "arm": "uniform_geometry", "epoch": 3, "epochs": 3, "epoch_cursor": 19200, "anchors_per_epoch": 45646, "optimizer_steps": 3454, "elapsed_seconds": 2838.289937091002, "train_l1_m": 0.010589812612657793, "learning_rate": 5.410755330150449e-06}
{"phase": "TRAINING", "arm": "uniform_geometry", "epoch": 3, "epochs": 3, "epoch_cursor": 20800, "anchors_per_epoch": 45646, "optimizer_steps": 3504, "elapsed_seconds": 2864.913005027978, "train_l1_m": 0.010531195421958482, "learning_rate": 5.135779245755869e-06}
{"phase": "TRAINING", "arm": "uniform_geometry", "epoch": 3, "epochs": 3, "epoch_cursor": 22400, "anchors_per_epoch": 45646, "optimizer_steps": 3554, "elapsed_seconds": 2891.320887468988, "train_l1_m": 0.010571652509543783, "learning_rate": 4.876101357835566e-06}
{"phase": "TRAINING", "arm": "uniform_geometry", "epoch": 3, "epochs": 3, "epoch_cursor": 24000, "anchors_per_epoch": 45646, "optimizer_steps": 3604, "elapsed_seconds": 2918.0955044869916, "train_l1_m": 0.01055725065659664, "learning_rate": 4.63207123750711e-06}
{"phase": "TRAINING", "arm": "uniform_geometry", "epoch": 3, "epochs": 3, "epoch_cursor": 25600, "anchors_per_epoch": 45646, "optimizer_steps": 3654, "elapsed_seconds": 2944.416174332, "train_l1_m": 0.010545925726987886, "learning_rate": 4.404017391300536e-06}
{"phase": "TRAINING", "arm": "uniform_geometry", "epoch": 3, "epochs": 3, "epoch_cursor": 27200, "anchors_per_epoch": 45646, "optimizer_steps": 3704, "elapsed_seconds": 2970.721341123979, "train_l1_m": 0.010513626741550996, "learning_rate": 4.192246818931999e-06}
{"phase": "TRAINING", "arm": "uniform_geometry", "epoch": 3, "epochs": 3, "epoch_cursor": 28800, "anchors_per_epoch": 45646, "optimizer_steps": 3754, "elapsed_seconds": 2997.244840740983, "train_l1_m": 0.010495590240537485, "learning_rate": 3.997044600029365e-06}
{"phase": "TRAINING", "arm": "uniform_geometry", "epoch": 3, "epochs": 3, "epoch_cursor": 30400, "anchors_per_epoch": 45646, "optimizer_steps": 3804, "elapsed_seconds": 3023.6110529239813, "train_l1_m": 0.010469717289769923, "learning_rate": 3.818673510365965e-06}
{"phase": "TRAINING", "arm": "uniform_geometry", "epoch": 3, "epochs": 3, "epoch_cursor": 32000, "anchors_per_epoch": 45646, "optimizer_steps": 3854, "elapsed_seconds": 3049.975326869986, "train_l1_m": 0.010442316760593564, "learning_rate": 3.6573736681191874e-06}
{"phase": "TRAINING", "arm": "uniform_geometry", "epoch": 3, "epochs": 3, "epoch_cursor": 33600, "anchors_per_epoch": 45646, "optimizer_steps": 3904, "elapsed_seconds": 3076.562953710003, "train_l1_m": 0.010432767895475857, "learning_rate": 3.5133622106301155e-06}
{"phase": "TRAINING", "arm": "uniform_geometry", "epoch": 3, "epochs": 3, "epoch_cursor": 35200, "anchors_per_epoch": 45646, "optimizer_steps": 3954, "elapsed_seconds": 3103.651217006991, "train_l1_m": 0.010461972720326904, "learning_rate": 3.3868330020992756e-06}
{"phase": "TRAINING", "arm": "uniform_geometry", "epoch": 3, "epochs": 3, "epoch_cursor": 36800, "anchors_per_epoch": 45646, "optimizer_steps": 4004, "elapsed_seconds": 3130.1846359019983, "train_l1_m": 0.010475772842942224, "learning_rate": 3.2779563726120905e-06}
{"phase": "TRAINING", "arm": "uniform_geometry", "epoch": 3, "epochs": 3, "epoch_cursor": 38400, "anchors_per_epoch": 45646, "optimizer_steps": 4054, "elapsed_seconds": 3156.531099272979, "train_l1_m": 0.010456497017496657, "learning_rate": 3.1868788888452758e-06}
{"phase": "TRAINING", "arm": "uniform_geometry", "epoch": 3, "epochs": 3, "epoch_cursor": 40000, "anchors_per_epoch": 45646, "optimizer_steps": 4104, "elapsed_seconds": 3183.9172827969887, "train_l1_m": 0.010481496590920637, "learning_rate": 3.1137231567628604e-06}
{"phase": "TRAINING", "arm": "uniform_geometry", "epoch": 3, "epochs": 3, "epoch_cursor": 41600, "anchors_per_epoch": 45646, "optimizer_steps": 4154, "elapsed_seconds": 3210.119517960993, "train_l1_m": 0.010474297447925092, "learning_rate": 3.0585876565674773e-06}
{"phase": "TRAINING", "arm": "uniform_geometry", "epoch": 3, "epochs": 3, "epoch_cursor": 43200, "anchors_per_epoch": 45646, "optimizer_steps": 4204, "elapsed_seconds": 3236.5702846479835, "train_l1_m": 0.010469843502845569, "learning_rate": 3.021546610129053e-06}
{"phase": "TRAINING", "arm": "uniform_geometry", "epoch": 3, "epochs": 3, "epoch_cursor": 44800, "anchors_per_epoch": 45646, "optimizer_steps": 4254, "elapsed_seconds": 3266.225717494992, "train_l1_m": 0.010419909876405758, "learning_rate": 3.0026498810694176e-06}
{"phase": "VALIDATING", "arm": "uniform_geometry", "epoch": 3, "epochs": 3, "epoch_cursor": 45646, "anchors_per_epoch": 45646, "optimizer_steps": 4281, "elapsed_seconds": 3290.565731754992, "train_l1_m": 0.010420722629312954}
{"phase": "EPOCH_COMPLETE", "arm": "uniform_geometry", "epoch": 3, "epochs": 3, "epoch_cursor": 0, "anchors_per_epoch": 45646, "optimizer_steps": 4281, "elapsed_seconds": 3430.2119818229985, "train_l1_m": 0.010420722629312954, "train_counts": {"visited": 45646, "input_invalid": 158, "teacher_unsupported": 1208, "supported": 44280, "loss_sum_m": 461.4295980259776, "auxiliary_loss_sum_m": 68.43521353416145}, "validation_run_macro_3s_m": 0.049318364821374416, "validation_ade_m": 0.01689656637609005, "epoch_order_sha256": "194afe27420f4d0974fdd13abbc234e97927e2272ffdebb64887c89d25b3efa6", "best_epoch": 3}
{"phase": "RELOADING_BEST", "arm": "uniform_geometry", "epoch": 3, "epochs": 3, "epoch_cursor": 0, "anchors_per_epoch": 45646, "optimizer_steps": 4281, "elapsed_seconds": 3430.2121550229785, "best_epoch": 3}
{"phase": "COMPLETE", "arm": "uniform_geometry", "epoch": 3, "epochs": 3, "epoch_cursor": 0, "anchors_per_epoch": 45646, "optimizer_steps": 4281, "elapsed_seconds": 3568.0709521029785, "best_epoch": 3, "validation_run_macro_3s_m": 0.049318364821374416}
