/home/thistle/e2e_autonomous/e2e_lite_transfuser/.venv/lib/python3.10/site-packages/torch/nn/modules/transformer.py:382: UserWarning: enable_nested_tensor is True, but self.use_nested_tensor is False because encoder_layer.norm_first was True
  warnings.warn(
{"phase": "INITIAL_VALIDATION", "arm": "launch_balanced", "epoch": 1, "epochs": 3, "epoch_cursor": 0, "anchors_per_epoch": 60608, "optimizer_steps": 0, "elapsed_seconds": 0.0662735989999419}
{"phase": "TRAINING", "arm": "launch_balanced", "epoch": 1, "epochs": 3, "epoch_cursor": 0, "anchors_per_epoch": 60608, "optimizer_steps": 0, "elapsed_seconds": 152.80005014800008}
{"phase": "TRAINING", "arm": "launch_balanced", "epoch": 1, "epochs": 3, "epoch_cursor": 1600, "anchors_per_epoch": 60608, "optimizer_steps": 50, "elapsed_seconds": 178.7612923000006, "train_l1_m": 0.025568727949384754, "learning_rate": 2.9994841619088587e-05}
{"phase": "TRAINING", "arm": "launch_balanced", "epoch": 1, "epochs": 3, "epoch_cursor": 3200, "anchors_per_epoch": 60608, "optimizer_steps": 100, "elapsed_seconds": 202.89272135800002, "train_l1_m": 0.026257617242272845, "learning_rate": 2.9979370418412454e-05}
{"phase": "TRAINING", "arm": "launch_balanced", "epoch": 1, "epochs": 3, "epoch_cursor": 4800, "anchors_per_epoch": 60608, "optimizer_steps": 150, "elapsed_seconds": 226.39616806499998, "train_l1_m": 0.02513899289242659, "learning_rate": 2.995359822113403e-05}
{"phase": "TRAINING", "arm": "launch_balanced", "epoch": 1, "epochs": 3, "epoch_cursor": 6400, "anchors_per_epoch": 60608, "optimizer_steps": 200, "elapsed_seconds": 249.44811531800042, "train_l1_m": 0.024508049098481366, "learning_rate": 2.9917544722484477e-05}
{"phase": "TRAINING", "arm": "launch_balanced", "epoch": 1, "epochs": 3, "epoch_cursor": 8000, "anchors_per_epoch": 60608, "optimizer_steps": 250, "elapsed_seconds": 272.5850975070007, "train_l1_m": 0.023962371183857526, "learning_rate": 2.9871237474712582e-05}
{"phase": "TRAINING", "arm": "launch_balanced", "epoch": 1, "epochs": 3, "epoch_cursor": 9600, "anchors_per_epoch": 60608, "optimizer_steps": 300, "elapsed_seconds": 295.87449364700024, "train_l1_m": 0.023367264873984713, "learning_rate": 2.9814711866029106e-05}
{"phase": "TRAINING", "arm": "launch_balanced", "epoch": 1, "epochs": 3, "epoch_cursor": 11200, "anchors_per_epoch": 60608, "optimizer_steps": 350, "elapsed_seconds": 318.75277158100016, "train_l1_m": 0.023258639379723868, "learning_rate": 2.974801109356312e-05}
{"phase": "TRAINING", "arm": "launch_balanced", "epoch": 1, "epochs": 3, "epoch_cursor": 12800, "anchors_per_epoch": 60608, "optimizer_steps": 400, "elapsed_seconds": 341.84772225600045, "train_l1_m": 0.023092807771529566, "learning_rate": 2.9671186130350385e-05}
{"phase": "TRAINING", "arm": "launch_balanced", "epoch": 1, "epochs": 3, "epoch_cursor": 14400, "anchors_per_epoch": 60608, "optimizer_steps": 450, "elapsed_seconds": 364.7863081330006, "train_l1_m": 0.02301391139953078, "learning_rate": 2.9584295686379603e-05}
{"phase": "TRAINING", "arm": "launch_balanced", "epoch": 1, "epochs": 3, "epoch_cursor": 16000, "anchors_per_epoch": 60608, "optimizer_steps": 500, "elapsed_seconds": 387.72260151000046, "train_l1_m": 0.022912809882828133, "learning_rate": 2.9487406163725954e-05}
{"phase": "TRAINING", "arm": "launch_balanced", "epoch": 1, "epochs": 3, "epoch_cursor": 17600, "anchors_per_epoch": 60608, "optimizer_steps": 550, "elapsed_seconds": 410.82621499800007, "train_l1_m": 0.02271734404293822, "learning_rate": 2.9380591605806417e-05}
{"phase": "TRAINING", "arm": "launch_balanced", "epoch": 1, "epochs": 3, "epoch_cursor": 19200, "anchors_per_epoch": 60608, "optimizer_steps": 600, "elapsed_seconds": 433.6544105090006, "train_l1_m": 0.022600926165291357, "learning_rate": 2.9263933640795224e-05}
{"phase": "TRAINING", "arm": "launch_balanced", "epoch": 1, "epochs": 3, "epoch_cursor": 20800, "anchors_per_epoch": 60608, "optimizer_steps": 650, "elapsed_seconds": 456.3691452990006, "train_l1_m": 0.02246708630051227, "learning_rate": 2.9137521419243532e-05}
{"phase": "TRAINING", "arm": "launch_balanced", "epoch": 1, "epochs": 3, "epoch_cursor": 22400, "anchors_per_epoch": 60608, "optimizer_steps": 700, "elapsed_seconds": 479.11192718300026, "train_l1_m": 0.02227876702562271, "learning_rate": 2.9001451545949925e-05}
{"phase": "TRAINING", "arm": "launch_balanced", "epoch": 1, "epochs": 3, "epoch_cursor": 24000, "anchors_per_epoch": 60608, "optimizer_steps": 750, "elapsed_seconds": 501.8189782119998, "train_l1_m": 0.022117459148656312, "learning_rate": 2.8855828006134713e-05}
{"phase": "TRAINING", "arm": "launch_balanced", "epoch": 1, "epochs": 3, "epoch_cursor": 25600, "anchors_per_epoch": 60608, "optimizer_steps": 800, "elapsed_seconds": 525.1608646390005, "train_l1_m": 0.022124037020015443, "learning_rate": 2.8700762085973916e-05}
{"phase": "TRAINING", "arm": "launch_balanced", "epoch": 1, "epochs": 3, "epoch_cursor": 27200, "anchors_per_epoch": 60608, "optimizer_steps": 850, "elapsed_seconds": 548.4123925980002, "train_l1_m": 0.022236971357909356, "learning_rate": 2.853637228755383e-05}
{"phase": "TRAINING", "arm": "launch_balanced", "epoch": 1, "epochs": 3, "epoch_cursor": 28800, "anchors_per_epoch": 60608, "optimizer_steps": 900, "elapsed_seconds": 570.8805447670002, "train_l1_m": 0.022179571418685234, "learning_rate": 2.8362784238311258e-05}
{"phase": "TRAINING", "arm": "launch_balanced", "epoch": 1, "epochs": 3, "epoch_cursor": 30400, "anchors_per_epoch": 60608, "optimizer_steps": 950, "elapsed_seconds": 593.3160368030003, "train_l1_m": 0.022278401366503164, "learning_rate": 2.818013059502834e-05}
{"phase": "TRAINING", "arm": "launch_balanced", "epoch": 1, "epochs": 3, "epoch_cursor": 32000, "anchors_per_epoch": 60608, "optimizer_steps": 1000, "elapsed_seconds": 615.6801234730001, "train_l1_m": 0.022262462535849434, "learning_rate": 2.798855094245571e-05}
{"phase": "TRAINING", "arm": "launch_balanced", "epoch": 1, "epochs": 3, "epoch_cursor": 33600, "anchors_per_epoch": 60608, "optimizer_steps": 1050, "elapsed_seconds": 638.2595534090005, "train_l1_m": 0.022222128569573247, "learning_rate": 2.7788191686641263e-05}
{"phase": "TRAINING", "arm": "launch_balanced", "epoch": 1, "epochs": 3, "epoch_cursor": 35200, "anchors_per_epoch": 60608, "optimizer_steps": 1100, "elapsed_seconds": 660.4182300430002, "train_l1_m": 0.02216698811948172, "learning_rate": 2.7579205943045754e-05}
{"phase": "TRAINING", "arm": "launch_balanced", "epoch": 1, "epochs": 3, "epoch_cursor": 36800, "anchors_per_epoch": 60608, "optimizer_steps": 1150, "elapsed_seconds": 682.7785397480002, "train_l1_m": 0.022073660270199073, "learning_rate": 2.7361753419531547e-05}
{"phase": "TRAINING", "arm": "launch_balanced", "epoch": 1, "epochs": 3, "epoch_cursor": 38400, "anchors_per_epoch": 60608, "optimizer_steps": 1200, "elapsed_seconds": 705.0876824510005, "train_l1_m": 0.022002348739162104, "learning_rate": 2.713600029431292e-05}
{"phase": "TRAINING", "arm": "launch_balanced", "epoch": 1, "epochs": 3, "epoch_cursor": 40000, "anchors_per_epoch": 60608, "optimizer_steps": 1250, "elapsed_seconds": 727.4102952930007, "train_l1_m": 0.02197499457526907, "learning_rate": 2.690211908896198e-05}
{"phase": "TRAINING", "arm": "launch_balanced", "epoch": 1, "epochs": 3, "epoch_cursor": 41600, "anchors_per_epoch": 60608, "optimizer_steps": 1300, "elapsed_seconds": 750.037685925, "train_l1_m": 0.021870408240105586, "learning_rate": 2.6660288536566912e-05}
{"phase": "TRAINING", "arm": "launch_balanced", "epoch": 1, "epochs": 3, "epoch_cursor": 43200, "anchors_per_epoch": 60608, "optimizer_steps": 1350, "elapsed_seconds": 772.7551374630002, "train_l1_m": 0.02186686521005542, "learning_rate": 2.641069344514332e-05}
{"phase": "TRAINING", "arm": "launch_balanced", "epoch": 1, "epochs": 3, "epoch_cursor": 44800, "anchors_per_epoch": 60608, "optimizer_steps": 1400, "elapsed_seconds": 795.054229712, "train_l1_m": 0.021764370728017863, "learning_rate": 2.6153524556403107e-05}
{"phase": "TRAINING", "arm": "launch_balanced", "epoch": 1, "epochs": 3, "epoch_cursor": 46400, "anchors_per_epoch": 60608, "optimizer_steps": 1450, "elapsed_seconds": 817.2678031619998, "train_l1_m": 0.021739049958610257, "learning_rate": 2.5888978399988733e-05}
{"phase": "TRAINING", "arm": "launch_balanced", "epoch": 1, "epochs": 3, "epoch_cursor": 48000, "anchors_per_epoch": 60608, "optimizer_steps": 1500, "elapsed_seconds": 839.4343322610002, "train_l1_m": 0.02169598060980199, "learning_rate": 2.5617257143284397e-05}
{"phase": "TRAINING", "arm": "launch_balanced", "epoch": 1, "epochs": 3, "epoch_cursor": 49600, "anchors_per_epoch": 60608, "optimizer_steps": 1550, "elapsed_seconds": 861.7765467950003, "train_l1_m": 0.021614327800718175, "learning_rate": 2.5338568436918833e-05}
{"phase": "TRAINING", "arm": "launch_balanced", "epoch": 1, "epochs": 3, "epoch_cursor": 51200, "anchors_per_epoch": 60608, "optimizer_steps": 1600, "elapsed_seconds": 884.0043107620004, "train_l1_m": 0.021535474920092734, "learning_rate": 2.5053125256077712e-05}
{"phase": "TRAINING", "arm": "launch_balanced", "epoch": 1, "epochs": 3, "epoch_cursor": 52800, "anchors_per_epoch": 60608, "optimizer_steps": 1650, "elapsed_seconds": 906.2844400499998, "train_l1_m": 0.02148740252844579, "learning_rate": 2.476114573774698e-05}
{"phase": "TRAINING", "arm": "launch_balanced", "epoch": 1, "epochs": 3, "epoch_cursor": 54400, "anchors_per_epoch": 60608, "optimizer_steps": 1700, "elapsed_seconds": 928.846426135, "train_l1_m": 0.021417561233050258, "learning_rate": 2.4462853014011704e-05}
{"phase": "TRAINING", "arm": "launch_balanced", "epoch": 1, "epochs": 3, "epoch_cursor": 56000, "anchors_per_epoch": 60608, "optimizer_steps": 1750, "elapsed_seconds": 950.9973680000003, "train_l1_m": 0.02137662095965285, "learning_rate": 2.415847504153738e-05}
{"phase": "TRAINING", "arm": "launch_balanced", "epoch": 1, "epochs": 3, "epoch_cursor": 57600, "anchors_per_epoch": 60608, "optimizer_steps": 1800, "elapsed_seconds": 973.6362470410004, "train_l1_m": 0.021321314970209854, "learning_rate": 2.3848244427364422e-05}
{"phase": "TRAINING", "arm": "launch_balanced", "epoch": 1, "epochs": 3, "epoch_cursor": 59200, "anchors_per_epoch": 60608, "optimizer_steps": 1850, "elapsed_seconds": 996.2881250179998, "train_l1_m": 0.0212752986804324, "learning_rate": 2.3532398251148907e-05}
{"phase": "VALIDATING", "arm": "launch_balanced", "epoch": 1, "epochs": 3, "epoch_cursor": 60608, "anchors_per_epoch": 60608, "optimizer_steps": 1894, "elapsed_seconds": 1016.0513295589999, "train_l1_m": 0.021243511018407782}
{"phase": "EPOCH_COMPLETE", "arm": "launch_balanced", "epoch": 1, "epochs": 3, "epoch_cursor": 0, "anchors_per_epoch": 60608, "optimizer_steps": 1894, "elapsed_seconds": 1173.6109811940005, "train_l1_m": 0.021243511018407782, "train_counts": {"visited": 60608, "input_invalid": 118, "teacher_unsupported": 0, "supported": 60490, "loss_sum_m": 1285.0199815034866, "auxiliary_loss_sum_m": 504.3218834735453}, "validation_run_macro_3s_m": 0.055444792398939964, "validation_ade_m": 0.020460084080696106, "epoch_order_sha256": "f670d2be561a28a516517df668ef9d8f3557ee0f2efec23b5a6c065f35a39915", "best_epoch": 1}
{"phase": "TRAINING", "arm": "launch_balanced", "epoch": 2, "epochs": 3, "epoch_cursor": 0, "anchors_per_epoch": 60608, "optimizer_steps": 1894, "elapsed_seconds": 1173.6271822940007}
{"phase": "TRAINING", "arm": "launch_balanced", "epoch": 2, "epochs": 3, "epoch_cursor": 1600, "anchors_per_epoch": 60608, "optimizer_steps": 1944, "elapsed_seconds": 1198.164427398, "train_l1_m": 0.018427288192406036, "learning_rate": 2.292425327282963e-05}
{"phase": "TRAINING", "arm": "launch_balanced", "epoch": 2, "epochs": 3, "epoch_cursor": 3200, "anchors_per_epoch": 60608, "optimizer_steps": 1994, "elapsed_seconds": 1221.8875550330004, "train_l1_m": 0.01948580814124722, "learning_rate": 2.2593597101885743e-05}
{"phase": "TRAINING", "arm": "launch_balanced", "epoch": 2, "epochs": 3, "epoch_cursor": 4800, "anchors_per_epoch": 60608, "optimizer_steps": 2044, "elapsed_seconds": 1245.3392089460003, "train_l1_m": 0.019930763881739096, "learning_rate": 2.225828417613111e-05}
{"phase": "TRAINING", "arm": "launch_balanced", "epoch": 2, "epochs": 3, "epoch_cursor": 6400, "anchors_per_epoch": 60608, "optimizer_steps": 2094, "elapsed_seconds": 1268.5023719660003, "train_l1_m": 0.019472084898664314, "learning_rate": 2.1918570743239063e-05}
{"phase": "TRAINING", "arm": "launch_balanced", "epoch": 2, "epochs": 3, "epoch_cursor": 8000, "anchors_per_epoch": 60608, "optimizer_steps": 2144, "elapsed_seconds": 1291.3100197410004, "train_l1_m": 0.019662304525980816, "learning_rate": 2.1574716413770783e-05}
{"phase": "TRAINING", "arm": "launch_balanced", "epoch": 2, "epochs": 3, "epoch_cursor": 9600, "anchors_per_epoch": 60608, "optimizer_steps": 2194, "elapsed_seconds": 1314.0240610760002, "train_l1_m": 0.01965288124982429, "learning_rate": 2.1226983962779517e-05}
{"phase": "TRAINING", "arm": "launch_balanced", "epoch": 2, "epochs": 3, "epoch_cursor": 11200, "anchors_per_epoch": 60608, "optimizer_steps": 2244, "elapsed_seconds": 1336.469400639, "train_l1_m": 0.019692686992436502, "learning_rate": 2.0875639128996742e-05}
{"phase": "TRAINING", "arm": "launch_balanced", "epoch": 2, "epochs": 3, "epoch_cursor": 12800, "anchors_per_epoch": 60608, "optimizer_steps": 2294, "elapsed_seconds": 1359.2606180480007, "train_l1_m": 0.0195118840050785, "learning_rate": 2.0520950411753428e-05}
{"phase": "TRAINING", "arm": "launch_balanced", "epoch": 2, "epochs": 3, "epoch_cursor": 14400, "anchors_per_epoch": 60608, "optimizer_steps": 2344, "elapsed_seconds": 1381.8336197050003, "train_l1_m": 0.019380159745512857, "learning_rate": 2.016318886579158e-05}
{"phase": "TRAINING", "arm": "launch_balanced", "epoch": 2, "epochs": 3, "epoch_cursor": 16000, "anchors_per_epoch": 60608, "optimizer_steps": 2394, "elapsed_seconds": 1404.2398668200003, "train_l1_m": 0.019250740960170407, "learning_rate": 1.980262789412297e-05}
{"phase": "TRAINING", "arm": "launch_balanced", "epoch": 2, "epochs": 3, "epoch_cursor": 17600, "anchors_per_epoch": 60608, "optimizer_steps": 2444, "elapsed_seconds": 1426.53262214, "train_l1_m": 0.019301420332174857, "learning_rate": 1.9439543039093342e-05}
{"phase": "TRAINING", "arm": "launch_balanced", "epoch": 2, "epochs": 3, "epoch_cursor": 19200, "anchors_per_epoch": 60608, "optimizer_steps": 2494, "elapsed_seconds": 1448.7912005240005, "train_l1_m": 0.01927761123320577, "learning_rate": 1.9074211771811676e-05}
{"phase": "TRAINING", "arm": "launch_balanced", "epoch": 2, "epochs": 3, "epoch_cursor": 20800, "anchors_per_epoch": 60608, "optimizer_steps": 2544, "elapsed_seconds": 1471.3414280820007, "train_l1_m": 0.01925055966617227, "learning_rate": 1.8706913280105438e-05}
{"phase": "TRAINING", "arm": "launch_balanced", "epoch": 2, "epochs": 3, "epoch_cursor": 22400, "anchors_per_epoch": 60608, "optimizer_steps": 2594, "elapsed_seconds": 1493.5150452470007, "train_l1_m": 0.019230372047336894, "learning_rate": 1.833792825516399e-05}
{"phase": "TRAINING", "arm": "launch_balanced", "epoch": 2, "epochs": 3, "epoch_cursor": 24000, "anchors_per_epoch": 60608, "optimizer_steps": 2644, "elapsed_seconds": 1515.562870021, "train_l1_m": 0.019194544569429053, "learning_rate": 1.7967538677033127e-05}
{"phase": "TRAINING", "arm": "launch_balanced", "epoch": 2, "epochs": 3, "epoch_cursor": 25600, "anchors_per_epoch": 60608, "optimizer_steps": 2694, "elapsed_seconds": 1537.775186076, "train_l1_m": 0.019140450736811157, "learning_rate": 1.759602759912469e-05}
{"phase": "TRAINING", "arm": "launch_balanced", "epoch": 2, "epochs": 3, "epoch_cursor": 27200, "anchors_per_epoch": 60608, "optimizer_steps": 2744, "elapsed_seconds": 1559.8263138970005, "train_l1_m": 0.01899599431343035, "learning_rate": 1.7223678931905756e-05}
{"phase": "TRAINING", "arm": "launch_balanced", "epoch": 2, "epochs": 3, "epoch_cursor": 28800, "anchors_per_epoch": 60608, "optimizer_steps": 2794, "elapsed_seconds": 1582.1969016330004, "train_l1_m": 0.01893180763094136, "learning_rate": 1.685077722593299e-05}
{"phase": "TRAINING", "arm": "launch_balanced", "epoch": 2, "epochs": 3, "epoch_cursor": 30400, "anchors_per_epoch": 60608, "optimizer_steps": 2844, "elapsed_seconds": 1604.32541295, "train_l1_m": 0.018810658189575193, "learning_rate": 1.6477607454397796e-05}
{"phase": "TRAINING", "arm": "launch_balanced", "epoch": 2, "epochs": 3, "epoch_cursor": 32000, "anchors_per_epoch": 60608, "optimizer_steps": 2894, "elapsed_seconds": 1626.4110322710003, "train_l1_m": 0.018744727890987967, "learning_rate": 1.610445479534849e-05}
{"phase": "TRAINING", "arm": "launch_balanced", "epoch": 2, "epochs": 3, "epoch_cursor": 33600, "anchors_per_epoch": 60608, "optimizer_steps": 2944, "elapsed_seconds": 1648.5401409280003, "train_l1_m": 0.018740073555864836, "learning_rate": 1.5731604413755972e-05}
{"phase": "TRAINING", "arm": "launch_balanced", "epoch": 2, "epochs": 3, "epoch_cursor": 35200, "anchors_per_epoch": 60608, "optimizer_steps": 2994, "elapsed_seconds": 1670.5627270680006, "train_l1_m": 0.01872591736917816, "learning_rate": 1.535934124358934e-05}
{"phase": "TRAINING", "arm": "launch_balanced", "epoch": 2, "epochs": 3, "epoch_cursor": 36800, "anchors_per_epoch": 60608, "optimizer_steps": 3044, "elapsed_seconds": 1692.9748112800007, "train_l1_m": 0.018779157881640713, "learning_rate": 1.4987949770067978e-05}
{"phase": "TRAINING", "arm": "launch_balanced", "epoch": 2, "epochs": 3, "epoch_cursor": 38400, "anchors_per_epoch": 60608, "optimizer_steps": 3094, "elapsed_seconds": 1715.1368695110004, "train_l1_m": 0.018720526416708815, "learning_rate": 1.4617713812256742e-05}
{"phase": "TRAINING", "arm": "launch_balanced", "epoch": 2, "epochs": 3, "epoch_cursor": 40000, "anchors_per_epoch": 60608, "optimizer_steps": 3144, "elapsed_seconds": 1737.2415266160006, "train_l1_m": 0.018619114405917687, "learning_rate": 1.4248916306170081e-05}
{"phase": "TRAINING", "arm": "launch_balanced", "epoch": 2, "epochs": 3, "epoch_cursor": 41600, "anchors_per_epoch": 60608, "optimizer_steps": 3194, "elapsed_seconds": 1759.3248566640004, "train_l1_m": 0.018591244684165856, "learning_rate": 1.3881839088551043e-05}
{"phase": "TRAINING", "arm": "launch_balanced", "epoch": 2, "epochs": 3, "epoch_cursor": 43200, "anchors_per_epoch": 60608, "optimizer_steps": 3244, "elapsed_seconds": 1781.5011297290002, "train_l1_m": 0.018602857616204033, "learning_rate": 1.3516762681490358e-05}
{"phase": "TRAINING", "arm": "launch_balanced", "epoch": 2, "epochs": 3, "epoch_cursor": 44800, "anchors_per_epoch": 60608, "optimizer_steps": 3294, "elapsed_seconds": 1803.6292701030006, "train_l1_m": 0.01856882307154941, "learning_rate": 1.3153966078050164e-05}
{"phase": "TRAINING", "arm": "launch_balanced", "epoch": 2, "epochs": 3, "epoch_cursor": 46400, "anchors_per_epoch": 60608, "optimizer_steps": 3344, "elapsed_seconds": 1825.5819554360005, "train_l1_m": 0.018545694890370383, "learning_rate": 1.2793726529056237e-05}
{"phase": "TRAINING", "arm": "launch_balanced", "epoch": 2, "epochs": 3, "epoch_cursor": 48000, "anchors_per_epoch": 60608, "optimizer_steps": 3394, "elapsed_seconds": 1847.6597122140001, "train_l1_m": 0.018563902974414882, "learning_rate": 1.2436319331221636e-05}
{"phase": "TRAINING", "arm": "launch_balanced", "epoch": 2, "epochs": 3, "epoch_cursor": 49600, "anchors_per_epoch": 60608, "optimizer_steps": 3444, "elapsed_seconds": 1869.5933131749998, "train_l1_m": 0.018570770119433064, "learning_rate": 1.2082017616763665e-05}
{"phase": "TRAINING", "arm": "launch_balanced", "epoch": 2, "epochs": 3, "epoch_cursor": 51200, "anchors_per_epoch": 60608, "optimizer_steps": 3494, "elapsed_seconds": 1891.861644902, "train_l1_m": 0.018537904172441756, "learning_rate": 1.1731092144675045e-05}
{"phase": "TRAINING", "arm": "launch_balanced", "epoch": 2, "epochs": 3, "epoch_cursor": 52800, "anchors_per_epoch": 60608, "optimizer_steps": 3544, "elapsed_seconds": 1914.2647409710007, "train_l1_m": 0.018473733515548336, "learning_rate": 1.13838110938086e-05}
{"phase": "TRAINING", "arm": "launch_balanced", "epoch": 2, "epochs": 3, "epoch_cursor": 54400, "anchors_per_epoch": 60608, "optimizer_steps": 3594, "elapsed_seconds": 1936.3324369410002, "train_l1_m": 0.01843371930475087, "learning_rate": 1.1040439857933769e-05}
{"phase": "TRAINING", "arm": "launch_balanced", "epoch": 2, "epochs": 3, "epoch_cursor": 56000, "anchors_per_epoch": 60608, "optimizer_steps": 3644, "elapsed_seconds": 1958.4371057510007, "train_l1_m": 0.018386057346863015, "learning_rate": 1.0701240842921474e-05}
{"phase": "TRAINING", "arm": "launch_balanced", "epoch": 2, "epochs": 3, "epoch_cursor": 57600, "anchors_per_epoch": 60608, "optimizer_steps": 3694, "elapsed_seconds": 1980.620417086, "train_l1_m": 0.01839162068543187, "learning_rate": 1.0366473266212348e-05}
{"phase": "TRAINING", "arm": "launch_balanced", "epoch": 2, "epochs": 3, "epoch_cursor": 59200, "anchors_per_epoch": 60608, "optimizer_steps": 3744, "elapsed_seconds": 2004.943230291, "train_l1_m": 0.018390142801415953, "learning_rate": 1.003639295872156e-05}
{"phase": "VALIDATING", "arm": "launch_balanced", "epoch": 2, "epochs": 3, "epoch_cursor": 60608, "anchors_per_epoch": 60608, "optimizer_steps": 3788, "elapsed_seconds": 2027.9859198900003, "train_l1_m": 0.018366056111139156}
{"phase": "EPOCH_COMPLETE", "arm": "launch_balanced", "epoch": 2, "epochs": 3, "epoch_cursor": 0, "anchors_per_epoch": 60608, "optimizer_steps": 3788, "elapsed_seconds": 2215.7840510470005, "train_l1_m": 0.018366056111139156, "train_counts": {"visited": 60608, "input_invalid": 118, "teacher_unsupported": 0, "supported": 60490, "loss_sum_m": 1110.9627341628075, "auxiliary_loss_sum_m": 365.6042261905968}, "validation_run_macro_3s_m": 0.04815330765331569, "validation_ade_m": 0.018706610426306725, "epoch_order_sha256": "a2ad9b500116127db3c5bb8a62664fc0db7fa7e108e2b782da4baf517c31222b", "best_epoch": 2}
{"phase": "TRAINING", "arm": "launch_balanced", "epoch": 3, "epochs": 3, "epoch_cursor": 0, "anchors_per_epoch": 60608, "optimizer_steps": 3788, "elapsed_seconds": 2215.7933459470005}
{"phase": "TRAINING", "arm": "launch_balanced", "epoch": 3, "epochs": 3, "epoch_cursor": 1600, "anchors_per_epoch": 60608, "optimizer_steps": 3838, "elapsed_seconds": 2247.196994543, "train_l1_m": 0.016884051659888002, "learning_rate": 9.429411653739695e-06}
{"phase": "TRAINING", "arm": "launch_balanced", "epoch": 3, "epochs": 3, "epoch_cursor": 3200, "anchors_per_epoch": 60608, "optimizer_steps": 3888, "elapsed_seconds": 2277.356135852, "train_l1_m": 0.017066932071651154, "learning_rate": 9.11422668347195e-06}
{"phase": "TRAINING", "arm": "launch_balanced", "epoch": 3, "epochs": 3, "epoch_cursor": 4800, "anchors_per_epoch": 60608, "optimizer_steps": 3938, "elapsed_seconds": 2306.3763351730004, "train_l1_m": 0.017583337495232942, "learning_rate": 8.804685954995719e-06}
{"phase": "TRAINING", "arm": "launch_balanced", "epoch": 3, "epochs": 3, "epoch_cursor": 6400, "anchors_per_epoch": 60608, "optimizer_steps": 3988, "elapsed_seconds": 2334.9406031690005, "train_l1_m": 0.017500344050850724, "learning_rate": 8.501026020753239e-06}
{"phase": "TRAINING", "arm": "launch_balanced", "epoch": 3, "epochs": 3, "epoch_cursor": 8000, "anchors_per_epoch": 60608, "optimizer_steps": 4038, "elapsed_seconds": 2366.5702872890006, "train_l1_m": 0.017260914581898382, "learning_rate": 8.203478939056865e-06}
{"phase": "TRAINING", "arm": "launch_balanced", "epoch": 3, "epochs": 3, "epoch_cursor": 9600, "anchors_per_epoch": 60608, "optimizer_steps": 4088, "elapsed_seconds": 2401.76639486, "train_l1_m": 0.017236229267878763, "learning_rate": 7.912272096749058e-06}
{"phase": "TRAINING", "arm": "launch_balanced", "epoch": 3, "epochs": 3, "epoch_cursor": 11200, "anchors_per_epoch": 60608, "optimizer_steps": 4138, "elapsed_seconds": 2434.560357243, "train_l1_m": 0.017160883203007536, "learning_rate": 7.6276280354322746e-06}
{"phase": "TRAINING", "arm": "launch_balanced", "epoch": 3, "epochs": 3, "epoch_cursor": 12800, "anchors_per_epoch": 60608, "optimizer_steps": 4188, "elapsed_seconds": 2466.6156927700004, "train_l1_m": 0.01704386532241346, "learning_rate": 7.349764281401696e-06}
{"phase": "TRAINING", "arm": "launch_balanced", "epoch": 3, "epochs": 3, "epoch_cursor": 14400, "anchors_per_epoch": 60608, "optimizer_steps": 4238, "elapsed_seconds": 2498.842850553, "train_l1_m": 0.017035866603965444, "learning_rate": 7.078893179410624e-06}
{"phase": "TRAINING", "arm": "launch_balanced", "epoch": 3, "epochs": 3, "epoch_cursor": 16000, "anchors_per_epoch": 60608, "optimizer_steps": 4288, "elapsed_seconds": 2532.606410462, "train_l1_m": 0.016918047709249734, "learning_rate": 6.815221730395647e-06}
{"phase": "TRAINING", "arm": "launch_balanced", "epoch": 3, "epochs": 3, "epoch_cursor": 17600, "anchors_per_epoch": 60608, "optimizer_steps": 4338, "elapsed_seconds": 2563.89998646, "train_l1_m": 0.016914500553588258, "learning_rate": 6.558951433285595e-06}
{"phase": "TRAINING", "arm": "launch_balanced", "epoch": 3, "epochs": 3, "epoch_cursor": 19200, "anchors_per_epoch": 60608, "optimizer_steps": 4388, "elapsed_seconds": 2595.3395573750004, "train_l1_m": 0.01691602975206286, "learning_rate": 6.3102781310150915e-06}
{"phase": "TRAINING", "arm": "launch_balanced", "epoch": 3, "epochs": 3, "epoch_cursor": 20800, "anchors_per_epoch": 60608, "optimizer_steps": 4438, "elapsed_seconds": 2628.8196180550003, "train_l1_m": 0.016952834301314144, "learning_rate": 6.069391860860533e-06}
{"phase": "TRAINING", "arm": "launch_balanced", "epoch": 3, "epochs": 3, "epoch_cursor": 22400, "anchors_per_epoch": 60608, "optimizer_steps": 4488, "elapsed_seconds": 2660.349492927, "train_l1_m": 0.01693154381379067, "learning_rate": 5.836476709212708e-06}
{"phase": "TRAINING", "arm": "launch_balanced", "epoch": 3, "epochs": 3, "epoch_cursor": 24000, "anchors_per_epoch": 60608, "optimizer_steps": 4538, "elapsed_seconds": 2691.8346503330004, "train_l1_m": 0.016865254269589763, "learning_rate": 5.611710670897133e-06}
{"phase": "TRAINING", "arm": "launch_balanced", "epoch": 3, "epochs": 3, "epoch_cursor": 25600, "anchors_per_epoch": 60608, "optimizer_steps": 4588, "elapsed_seconds": 2723.5215250050005, "train_l1_m": 0.01678862578340602, "learning_rate": 5.395265513149594e-06}
{"phase": "TRAINING", "arm": "launch_balanced", "epoch": 3, "epochs": 3, "epoch_cursor": 27200, "anchors_per_epoch": 60608, "optimizer_steps": 4638, "elapsed_seconds": 2755.1458906120006, "train_l1_m": 0.01679027639301989, "learning_rate": 5.187306644350865e-06}
{"phase": "TRAINING", "arm": "launch_balanced", "epoch": 3, "epochs": 3, "epoch_cursor": 28800, "anchors_per_epoch": 60608, "optimizer_steps": 4688, "elapsed_seconds": 2786.5315031210002, "train_l1_m": 0.016776913526805097, "learning_rate": 4.98799298762082e-06}
{"phase": "TRAINING", "arm": "launch_balanced", "epoch": 3, "epochs": 3, "epoch_cursor": 30400, "anchors_per_epoch": 60608, "optimizer_steps": 4738, "elapsed_seconds": 2818.3588735970006, "train_l1_m": 0.016776166787290686, "learning_rate": 4.797476859368676e-06}
{"phase": "TRAINING", "arm": "launch_balanced", "epoch": 3, "epochs": 3, "epoch_cursor": 32000, "anchors_per_epoch": 60608, "optimizer_steps": 4788, "elapsed_seconds": 2850.5075477130003, "train_l1_m": 0.016829929015815526, "learning_rate": 4.615903852892119e-06}
{"phase": "TRAINING", "arm": "launch_balanced", "epoch": 3, "epochs": 3, "epoch_cursor": 33600, "anchors_per_epoch": 60608, "optimizer_steps": 4838, "elapsed_seconds": 2881.8198006330003, "train_l1_m": 0.016768185217554406, "learning_rate": 4.443412727114209e-06}
{"phase": "TRAINING", "arm": "launch_balanced", "epoch": 3, "epochs": 3, "epoch_cursor": 35200, "anchors_per_epoch": 60608, "optimizer_steps": 4888, "elapsed_seconds": 2913.1790593260002, "train_l1_m": 0.016756426791321773, "learning_rate": 4.280135300543181e-06}
{"phase": "TRAINING", "arm": "launch_balanced", "epoch": 3, "epochs": 3, "epoch_cursor": 36800, "anchors_per_epoch": 60608, "optimizer_steps": 4938, "elapsed_seconds": 2944.819705056, "train_l1_m": 0.01674468868024979, "learning_rate": 4.126196350536148e-06}
{"phase": "TRAINING", "arm": "launch_balanced", "epoch": 3, "epochs": 3, "epoch_cursor": 38400, "anchors_per_epoch": 60608, "optimizer_steps": 4988, "elapsed_seconds": 2976.0108259440003, "train_l1_m": 0.016690661081903355, "learning_rate": 3.981713517943668e-06}
{"phase": "TRAINING", "arm": "launch_balanced", "epoch": 3, "epochs": 3, "epoch_cursor": 40000, "anchors_per_epoch": 60608, "optimizer_steps": 5038, "elapsed_seconds": 3007.9770852010006, "train_l1_m": 0.016666086358375253, "learning_rate": 3.846797217208064e-06}
{"phase": "TRAINING", "arm": "launch_balanced", "epoch": 3, "epochs": 3, "epoch_cursor": 41600, "anchors_per_epoch": 60608, "optimizer_steps": 5088, "elapsed_seconds": 3039.130157099, "train_l1_m": 0.01672354729716118, "learning_rate": 3.7215505519842044e-06}
{"phase": "TRAINING", "arm": "launch_balanced", "epoch": 3, "epochs": 3, "epoch_cursor": 43200, "anchors_per_epoch": 60608, "optimizer_steps": 5138, "elapsed_seconds": 3070.23003718, "train_l1_m": 0.0166997346736781, "learning_rate": 3.60606923634722e-06}
{"phase": "TRAINING", "arm": "launch_balanced", "epoch": 3, "epochs": 3, "epoch_cursor": 44800, "anchors_per_epoch": 60608, "optimizer_steps": 5188, "elapsed_seconds": 3101.102033489, "train_l1_m": 0.016670134996496083, "learning_rate": 3.500441521647366e-06}
{"phase": "TRAINING", "arm": "launch_balanced", "epoch": 3, "epochs": 3, "epoch_cursor": 46400, "anchors_per_epoch": 60608, "optimizer_steps": 5238, "elapsed_seconds": 3132.8807217150006, "train_l1_m": 0.016658314620871147, "learning_rate": 3.404748129067933e-06}
{"phase": "TRAINING", "arm": "launch_balanced", "epoch": 3, "epochs": 3, "epoch_cursor": 48000, "anchors_per_epoch": 60608, "optimizer_steps": 5288, "elapsed_seconds": 3166.988528662, "train_l1_m": 0.016641251990575624, "learning_rate": 3.3190621879377564e-06}
{"phase": "TRAINING", "arm": "launch_balanced", "epoch": 3, "epochs": 3, "epoch_cursor": 49600, "anchors_per_epoch": 60608, "optimizer_steps": 5338, "elapsed_seconds": 3198.272279693, "train_l1_m": 0.016603671560758083, "learning_rate": 3.2434491798454515e-06}
{"phase": "TRAINING", "arm": "launch_balanced", "epoch": 3, "epochs": 3, "epoch_cursor": 51200, "anchors_per_epoch": 60608, "optimizer_steps": 5388, "elapsed_seconds": 3230.4494845220006, "train_l1_m": 0.01656510129934859, "learning_rate": 3.1779668885980667e-06}
{"phase": "TRAINING", "arm": "launch_balanced", "epoch": 3, "epochs": 3, "epoch_cursor": 52800, "anchors_per_epoch": 60608, "optimizer_steps": 5438, "elapsed_seconds": 3262.033466701, "train_l1_m": 0.01654650621476256, "learning_rate": 3.122665356062447e-06}
{"phase": "TRAINING", "arm": "launch_balanced", "epoch": 3, "epochs": 3, "epoch_cursor": 54400, "anchors_per_epoch": 60608, "optimizer_steps": 5488, "elapsed_seconds": 3293.1783277210006, "train_l1_m": 0.016528457659522256, "learning_rate": 3.0775868439230074e-06}
{"phase": "TRAINING", "arm": "launch_balanced", "epoch": 3, "epochs": 3, "epoch_cursor": 56000, "anchors_per_epoch": 60608, "optimizer_steps": 5538, "elapsed_seconds": 3323.6936565020005, "train_l1_m": 0.01654355771007392, "learning_rate": 3.0427658013851665e-06}
{"phase": "TRAINING", "arm": "launch_balanced", "epoch": 3, "epochs": 3, "epoch_cursor": 57600, "anchors_per_epoch": 60608, "optimizer_steps": 5588, "elapsed_seconds": 3353.558260392, "train_l1_m": 0.01653990554887123, "learning_rate": 3.0182288388490908e-06}
{"phase": "TRAINING", "arm": "launch_balanced", "epoch": 3, "epochs": 3, "epoch_cursor": 59200, "anchors_per_epoch": 60608, "optimizer_steps": 5638, "elapsed_seconds": 3386.0386725200005, "train_l1_m": 0.016504197822485092, "learning_rate": 3.003994707573916e-06}
{"phase": "VALIDATING", "arm": "launch_balanced", "epoch": 3, "epochs": 3, "epoch_cursor": 60608, "anchors_per_epoch": 60608, "optimizer_steps": 5682, "elapsed_seconds": 3413.2309467000005, "train_l1_m": 0.016509342471968735}
{"phase": "EPOCH_COMPLETE", "arm": "launch_balanced", "epoch": 3, "epochs": 3, "epoch_cursor": 0, "anchors_per_epoch": 60608, "optimizer_steps": 5682, "elapsed_seconds": 3649.0044760539995, "train_l1_m": 0.016509342471968735, "train_counts": {"visited": 60608, "input_invalid": 118, "teacher_unsupported": 0, "supported": 60490, "loss_sum_m": 998.6501261293888, "auxiliary_loss_sum_m": 295.3860963396728}, "validation_run_macro_3s_m": 0.04635045070039189, "validation_ade_m": 0.01780635118484497, "epoch_order_sha256": "5a66bb0b5c28709b5175c92408edd2935700f6b4b440ea39ba74fb33a96f4dea", "best_epoch": 3}
{"phase": "RELOADING_BEST", "arm": "launch_balanced", "epoch": 3, "epochs": 3, "epoch_cursor": 0, "anchors_per_epoch": 60608, "optimizer_steps": 5682, "elapsed_seconds": 3649.005260754001, "best_epoch": 3}
{"phase": "COMPLETE", "arm": "launch_balanced", "epoch": 3, "epochs": 3, "epoch_cursor": 0, "anchors_per_epoch": 60608, "optimizer_steps": 5682, "elapsed_seconds": 3888.16006026, "best_epoch": 3, "validation_run_macro_3s_m": 0.04635045070039189}
