/home/thistle/e2e_autonomous/e2e_lite_transfuser/.venv/lib/python3.10/site-packages/torch/nn/modules/transformer.py:382: UserWarning: enable_nested_tensor is True, but self.use_nested_tensor is False because encoder_layer.norm_first was True
  warnings.warn(
{"phase": "INITIAL_VALIDATION", "arm": "protocol_control", "epoch": 1, "epochs": 3, "epoch_cursor": 0, "anchors_per_epoch": 60608, "optimizer_steps": 0, "elapsed_seconds": 0.07831860299995697}
{"phase": "TRAINING", "arm": "protocol_control", "epoch": 1, "epochs": 3, "epoch_cursor": 0, "anchors_per_epoch": 60608, "optimizer_steps": 0, "elapsed_seconds": 177.56225975999996}
{"phase": "TRAINING", "arm": "protocol_control", "epoch": 1, "epochs": 3, "epoch_cursor": 1600, "anchors_per_epoch": 60608, "optimizer_steps": 50, "elapsed_seconds": 209.15777957299997, "train_l1_m": 0.017559720126350174, "learning_rate": 2.9994841619088587e-05}
{"phase": "TRAINING", "arm": "protocol_control", "epoch": 1, "epochs": 3, "epoch_cursor": 3200, "anchors_per_epoch": 60608, "optimizer_steps": 100, "elapsed_seconds": 237.60483589199998, "train_l1_m": 0.017326401050475095, "learning_rate": 2.9979370418412454e-05}
{"phase": "TRAINING", "arm": "protocol_control", "epoch": 1, "epochs": 3, "epoch_cursor": 4800, "anchors_per_epoch": 60608, "optimizer_steps": 150, "elapsed_seconds": 264.88095670999996, "train_l1_m": 0.016737270485881972, "learning_rate": 2.995359822113403e-05}
{"phase": "TRAINING", "arm": "protocol_control", "epoch": 1, "epochs": 3, "epoch_cursor": 6400, "anchors_per_epoch": 60608, "optimizer_steps": 200, "elapsed_seconds": 291.71983729499993, "train_l1_m": 0.016445696661922575, "learning_rate": 2.9917544722484477e-05}
{"phase": "TRAINING", "arm": "protocol_control", "epoch": 1, "epochs": 3, "epoch_cursor": 8000, "anchors_per_epoch": 60608, "optimizer_steps": 250, "elapsed_seconds": 317.6949858580001, "train_l1_m": 0.01640966470768445, "learning_rate": 2.9871237474712582e-05}
{"phase": "TRAINING", "arm": "protocol_control", "epoch": 1, "epochs": 3, "epoch_cursor": 9600, "anchors_per_epoch": 60608, "optimizer_steps": 300, "elapsed_seconds": 344.16669503799994, "train_l1_m": 0.016363277905345, "learning_rate": 2.9814711866029106e-05}
{"phase": "TRAINING", "arm": "protocol_control", "epoch": 1, "epochs": 3, "epoch_cursor": 11200, "anchors_per_epoch": 60608, "optimizer_steps": 350, "elapsed_seconds": 369.97489980699993, "train_l1_m": 0.01623374567141076, "learning_rate": 2.974801109356312e-05}
{"phase": "TRAINING", "arm": "protocol_control", "epoch": 1, "epochs": 3, "epoch_cursor": 12800, "anchors_per_epoch": 60608, "optimizer_steps": 400, "elapsed_seconds": 396.0721389780001, "train_l1_m": 0.01615825413481922, "learning_rate": 2.9671186130350385e-05}
{"phase": "TRAINING", "arm": "protocol_control", "epoch": 1, "epochs": 3, "epoch_cursor": 14400, "anchors_per_epoch": 60608, "optimizer_steps": 450, "elapsed_seconds": 422.1913661660001, "train_l1_m": 0.016106301493430068, "learning_rate": 2.9584295686379603e-05}
{"phase": "TRAINING", "arm": "protocol_control", "epoch": 1, "epochs": 3, "epoch_cursor": 16000, "anchors_per_epoch": 60608, "optimizer_steps": 500, "elapsed_seconds": 447.9974958969999, "train_l1_m": 0.016095902317227843, "learning_rate": 2.9487406163725954e-05}
{"phase": "TRAINING", "arm": "protocol_control", "epoch": 1, "epochs": 3, "epoch_cursor": 17600, "anchors_per_epoch": 60608, "optimizer_steps": 550, "elapsed_seconds": 474.2466553510001, "train_l1_m": 0.016013657616830657, "learning_rate": 2.9380591605806417e-05}
{"phase": "TRAINING", "arm": "protocol_control", "epoch": 1, "epochs": 3, "epoch_cursor": 19200, "anchors_per_epoch": 60608, "optimizer_steps": 600, "elapsed_seconds": 500.19072488000006, "train_l1_m": 0.0159327918755475, "learning_rate": 2.9263933640795224e-05}
{"phase": "TRAINING", "arm": "protocol_control", "epoch": 1, "epochs": 3, "epoch_cursor": 20800, "anchors_per_epoch": 60608, "optimizer_steps": 650, "elapsed_seconds": 526.035385545, "train_l1_m": 0.015935774819354792, "learning_rate": 2.9137521419243532e-05}
{"phase": "TRAINING", "arm": "protocol_control", "epoch": 1, "epochs": 3, "epoch_cursor": 22400, "anchors_per_epoch": 60608, "optimizer_steps": 700, "elapsed_seconds": 551.792979431, "train_l1_m": 0.015849754533573596, "learning_rate": 2.9001451545949925e-05}
{"phase": "TRAINING", "arm": "protocol_control", "epoch": 1, "epochs": 3, "epoch_cursor": 24000, "anchors_per_epoch": 60608, "optimizer_steps": 750, "elapsed_seconds": 577.723332975, "train_l1_m": 0.015811934813349422, "learning_rate": 2.8855828006134713e-05}
{"phase": "TRAINING", "arm": "protocol_control", "epoch": 1, "epochs": 3, "epoch_cursor": 25600, "anchors_per_epoch": 60608, "optimizer_steps": 800, "elapsed_seconds": 605.008211055, "train_l1_m": 0.015794662631499055, "learning_rate": 2.8700762085973916e-05}
{"phase": "TRAINING", "arm": "protocol_control", "epoch": 1, "epochs": 3, "epoch_cursor": 27200, "anchors_per_epoch": 60608, "optimizer_steps": 850, "elapsed_seconds": 631.1964715900001, "train_l1_m": 0.01576820924905563, "learning_rate": 2.853637228755383e-05}
{"phase": "TRAINING", "arm": "protocol_control", "epoch": 1, "epochs": 3, "epoch_cursor": 28800, "anchors_per_epoch": 60608, "optimizer_steps": 900, "elapsed_seconds": 657.2305331770001, "train_l1_m": 0.01575578851824911, "learning_rate": 2.8362784238311258e-05}
{"phase": "TRAINING", "arm": "protocol_control", "epoch": 1, "epochs": 3, "epoch_cursor": 30400, "anchors_per_epoch": 60608, "optimizer_steps": 950, "elapsed_seconds": 683.447696193, "train_l1_m": 0.015740573605615395, "learning_rate": 2.818013059502834e-05}
{"phase": "TRAINING", "arm": "protocol_control", "epoch": 1, "epochs": 3, "epoch_cursor": 32000, "anchors_per_epoch": 60608, "optimizer_steps": 1000, "elapsed_seconds": 709.5837212870001, "train_l1_m": 0.01570695849550716, "learning_rate": 2.798855094245571e-05}
{"phase": "TRAINING", "arm": "protocol_control", "epoch": 1, "epochs": 3, "epoch_cursor": 33600, "anchors_per_epoch": 60608, "optimizer_steps": 1050, "elapsed_seconds": 735.8013027469999, "train_l1_m": 0.015658024318246314, "learning_rate": 2.7788191686641263e-05}
{"phase": "TRAINING", "arm": "protocol_control", "epoch": 1, "epochs": 3, "epoch_cursor": 35200, "anchors_per_epoch": 60608, "optimizer_steps": 1100, "elapsed_seconds": 762.331526744, "train_l1_m": 0.015601816137804782, "learning_rate": 2.7579205943045754e-05}
{"phase": "TRAINING", "arm": "protocol_control", "epoch": 1, "epochs": 3, "epoch_cursor": 36800, "anchors_per_epoch": 60608, "optimizer_steps": 1150, "elapsed_seconds": 788.3933356540001, "train_l1_m": 0.01554063328610881, "learning_rate": 2.7361753419531547e-05}
{"phase": "TRAINING", "arm": "protocol_control", "epoch": 1, "epochs": 3, "epoch_cursor": 38400, "anchors_per_epoch": 60608, "optimizer_steps": 1200, "elapsed_seconds": 814.9080182350001, "train_l1_m": 0.015506131540249393, "learning_rate": 2.713600029431292e-05}
{"phase": "TRAINING", "arm": "protocol_control", "epoch": 1, "epochs": 3, "epoch_cursor": 40000, "anchors_per_epoch": 60608, "optimizer_steps": 1250, "elapsed_seconds": 840.9460310290001, "train_l1_m": 0.01550569449934999, "learning_rate": 2.690211908896198e-05}
{"phase": "TRAINING", "arm": "protocol_control", "epoch": 1, "epochs": 3, "epoch_cursor": 41600, "anchors_per_epoch": 60608, "optimizer_steps": 1300, "elapsed_seconds": 867.0417209090001, "train_l1_m": 0.015460857207575118, "learning_rate": 2.6660288536566912e-05}
{"phase": "TRAINING", "arm": "protocol_control", "epoch": 1, "epochs": 3, "epoch_cursor": 43200, "anchors_per_epoch": 60608, "optimizer_steps": 1350, "elapsed_seconds": 893.089987803, "train_l1_m": 0.015416754605956998, "learning_rate": 2.641069344514332e-05}
{"phase": "TRAINING", "arm": "protocol_control", "epoch": 1, "epochs": 3, "epoch_cursor": 44800, "anchors_per_epoch": 60608, "optimizer_steps": 1400, "elapsed_seconds": 919.2573016440001, "train_l1_m": 0.01537035012745838, "learning_rate": 2.6153524556403107e-05}
{"phase": "TRAINING", "arm": "protocol_control", "epoch": 1, "epochs": 3, "epoch_cursor": 46400, "anchors_per_epoch": 60608, "optimizer_steps": 1450, "elapsed_seconds": 945.0938735679999, "train_l1_m": 0.015342758353945581, "learning_rate": 2.5888978399988733e-05}
{"phase": "TRAINING", "arm": "protocol_control", "epoch": 1, "epochs": 3, "epoch_cursor": 48000, "anchors_per_epoch": 60608, "optimizer_steps": 1500, "elapsed_seconds": 970.8234321929999, "train_l1_m": 0.015322997183829404, "learning_rate": 2.5617257143284397e-05}
{"phase": "TRAINING", "arm": "protocol_control", "epoch": 1, "epochs": 3, "epoch_cursor": 49600, "anchors_per_epoch": 60608, "optimizer_steps": 1550, "elapsed_seconds": 997.6910137689999, "train_l1_m": 0.015277204688974444, "learning_rate": 2.5338568436918833e-05}
{"phase": "TRAINING", "arm": "protocol_control", "epoch": 1, "epochs": 3, "epoch_cursor": 51200, "anchors_per_epoch": 60608, "optimizer_steps": 1600, "elapsed_seconds": 1023.2636603630001, "train_l1_m": 0.015281021953671859, "learning_rate": 2.5053125256077712e-05}
{"phase": "TRAINING", "arm": "protocol_control", "epoch": 1, "epochs": 3, "epoch_cursor": 52800, "anchors_per_epoch": 60608, "optimizer_steps": 1650, "elapsed_seconds": 1049.554980201, "train_l1_m": 0.015234176673990867, "learning_rate": 2.476114573774698e-05}
{"phase": "TRAINING", "arm": "protocol_control", "epoch": 1, "epochs": 3, "epoch_cursor": 54400, "anchors_per_epoch": 60608, "optimizer_steps": 1700, "elapsed_seconds": 1075.687984546, "train_l1_m": 0.015212484100126064, "learning_rate": 2.4462853014011704e-05}
{"phase": "TRAINING", "arm": "protocol_control", "epoch": 1, "epochs": 3, "epoch_cursor": 56000, "anchors_per_epoch": 60608, "optimizer_steps": 1750, "elapsed_seconds": 1101.256524849, "train_l1_m": 0.015179606778509006, "learning_rate": 2.415847504153738e-05}
{"phase": "TRAINING", "arm": "protocol_control", "epoch": 1, "epochs": 3, "epoch_cursor": 57600, "anchors_per_epoch": 60608, "optimizer_steps": 1800, "elapsed_seconds": 1127.3274542670001, "train_l1_m": 0.01514756456914405, "learning_rate": 2.3848244427364422e-05}
{"phase": "TRAINING", "arm": "protocol_control", "epoch": 1, "epochs": 3, "epoch_cursor": 59200, "anchors_per_epoch": 60608, "optimizer_steps": 1850, "elapsed_seconds": 1153.129640864, "train_l1_m": 0.015104575289564248, "learning_rate": 2.3532398251148907e-05}
{"phase": "VALIDATING", "arm": "protocol_control", "epoch": 1, "epochs": 3, "epoch_cursor": 60608, "anchors_per_epoch": 60608, "optimizer_steps": 1894, "elapsed_seconds": 1175.953654558, "train_l1_m": 0.015075604170979617}
{"phase": "EPOCH_COMPLETE", "arm": "protocol_control", "epoch": 1, "epochs": 3, "epoch_cursor": 0, "anchors_per_epoch": 60608, "optimizer_steps": 1894, "elapsed_seconds": 1360.1491949760002, "train_l1_m": 0.015075604170979617, "train_counts": {"visited": 60608, "input_invalid": 118, "teacher_unsupported": 0, "supported": 60490, "loss_sum_m": 911.923296302557, "auxiliary_loss_sum_m": 559.022268038243}, "validation_run_macro_3s_m": 0.05354996713931146, "validation_ade_m": 0.021127203479409218, "epoch_order_sha256": "d00f762222b4a9265b7c27a336b6a8d3235da075b015a2a439782c5df652f098", "best_epoch": 1}
{"phase": "TRAINING", "arm": "protocol_control", "epoch": 2, "epochs": 3, "epoch_cursor": 0, "anchors_per_epoch": 60608, "optimizer_steps": 1894, "elapsed_seconds": 1360.164337576}
{"phase": "TRAINING", "arm": "protocol_control", "epoch": 2, "epochs": 3, "epoch_cursor": 1600, "anchors_per_epoch": 60608, "optimizer_steps": 1944, "elapsed_seconds": 1387.7632513919998, "train_l1_m": 0.0143822818284943, "learning_rate": 2.292425327282963e-05}
{"phase": "TRAINING", "arm": "protocol_control", "epoch": 2, "epochs": 3, "epoch_cursor": 3200, "anchors_per_epoch": 60608, "optimizer_steps": 1994, "elapsed_seconds": 1414.0259121519998, "train_l1_m": 0.01389986210357721, "learning_rate": 2.2593597101885743e-05}
{"phase": "TRAINING", "arm": "protocol_control", "epoch": 2, "epochs": 3, "epoch_cursor": 4800, "anchors_per_epoch": 60608, "optimizer_steps": 2044, "elapsed_seconds": 1440.5478828199998, "train_l1_m": 0.013790746521601348, "learning_rate": 2.225828417613111e-05}
{"phase": "TRAINING", "arm": "protocol_control", "epoch": 2, "epochs": 3, "epoch_cursor": 6400, "anchors_per_epoch": 60608, "optimizer_steps": 2094, "elapsed_seconds": 1466.4297642850001, "train_l1_m": 0.013957961948288496, "learning_rate": 2.1918570743239063e-05}
{"phase": "TRAINING", "arm": "protocol_control", "epoch": 2, "epochs": 3, "epoch_cursor": 8000, "anchors_per_epoch": 60608, "optimizer_steps": 2144, "elapsed_seconds": 1492.22334203, "train_l1_m": 0.013778518651202302, "learning_rate": 2.1574716413770783e-05}
{"phase": "TRAINING", "arm": "protocol_control", "epoch": 2, "epochs": 3, "epoch_cursor": 9600, "anchors_per_epoch": 60608, "optimizer_steps": 2194, "elapsed_seconds": 1518.193092997, "train_l1_m": 0.013702942259186062, "learning_rate": 2.1226983962779517e-05}
{"phase": "TRAINING", "arm": "protocol_control", "epoch": 2, "epochs": 3, "epoch_cursor": 11200, "anchors_per_epoch": 60608, "optimizer_steps": 2244, "elapsed_seconds": 1544.701998346, "train_l1_m": 0.013711083506169114, "learning_rate": 2.0875639128996742e-05}
{"phase": "TRAINING", "arm": "protocol_control", "epoch": 2, "epochs": 3, "epoch_cursor": 12800, "anchors_per_epoch": 60608, "optimizer_steps": 2294, "elapsed_seconds": 1571.006046126, "train_l1_m": 0.013730066964328033, "learning_rate": 2.0520950411753428e-05}
{"phase": "TRAINING", "arm": "protocol_control", "epoch": 2, "epochs": 3, "epoch_cursor": 14400, "anchors_per_epoch": 60608, "optimizer_steps": 2344, "elapsed_seconds": 1596.663344961, "train_l1_m": 0.013625976274981588, "learning_rate": 2.016318886579158e-05}
{"phase": "TRAINING", "arm": "protocol_control", "epoch": 2, "epochs": 3, "epoch_cursor": 16000, "anchors_per_epoch": 60608, "optimizer_steps": 2394, "elapsed_seconds": 1622.59849046, "train_l1_m": 0.013550080758678335, "learning_rate": 1.980262789412297e-05}
{"phase": "TRAINING", "arm": "protocol_control", "epoch": 2, "epochs": 3, "epoch_cursor": 17600, "anchors_per_epoch": 60608, "optimizer_steps": 2444, "elapsed_seconds": 1648.1338006800001, "train_l1_m": 0.013559303267478454, "learning_rate": 1.9439543039093342e-05}
{"phase": "TRAINING", "arm": "protocol_control", "epoch": 2, "epochs": 3, "epoch_cursor": 19200, "anchors_per_epoch": 60608, "optimizer_steps": 2494, "elapsed_seconds": 1673.945423184, "train_l1_m": 0.013589775048555103, "learning_rate": 1.9074211771811676e-05}
{"phase": "TRAINING", "arm": "protocol_control", "epoch": 2, "epochs": 3, "epoch_cursor": 20800, "anchors_per_epoch": 60608, "optimizer_steps": 2544, "elapsed_seconds": 1700.029728736, "train_l1_m": 0.013550290131666504, "learning_rate": 1.8706913280105438e-05}
{"phase": "TRAINING", "arm": "protocol_control", "epoch": 2, "epochs": 3, "epoch_cursor": 22400, "anchors_per_epoch": 60608, "optimizer_steps": 2594, "elapsed_seconds": 1725.7870498030002, "train_l1_m": 0.013529494258866286, "learning_rate": 1.833792825516399e-05}
{"phase": "TRAINING", "arm": "protocol_control", "epoch": 2, "epochs": 3, "epoch_cursor": 24000, "anchors_per_epoch": 60608, "optimizer_steps": 2644, "elapsed_seconds": 1751.383889312, "train_l1_m": 0.013486372306321022, "learning_rate": 1.7967538677033127e-05}
{"phase": "TRAINING", "arm": "protocol_control", "epoch": 2, "epochs": 3, "epoch_cursor": 25600, "anchors_per_epoch": 60608, "optimizer_steps": 2694, "elapsed_seconds": 1777.0859216459999, "train_l1_m": 0.01345183225257132, "learning_rate": 1.759602759912469e-05}
{"phase": "TRAINING", "arm": "protocol_control", "epoch": 2, "epochs": 3, "epoch_cursor": 27200, "anchors_per_epoch": 60608, "optimizer_steps": 2744, "elapsed_seconds": 1803.056184596, "train_l1_m": 0.013398164787712831, "learning_rate": 1.7223678931905756e-05}
{"phase": "TRAINING", "arm": "protocol_control", "epoch": 2, "epochs": 3, "epoch_cursor": 28800, "anchors_per_epoch": 60608, "optimizer_steps": 2794, "elapsed_seconds": 1828.738808956, "train_l1_m": 0.013396102144823402, "learning_rate": 1.685077722593299e-05}
{"phase": "TRAINING", "arm": "protocol_control", "epoch": 2, "epochs": 3, "epoch_cursor": 30400, "anchors_per_epoch": 60608, "optimizer_steps": 2844, "elapsed_seconds": 1854.660026181, "train_l1_m": 0.013384968007018631, "learning_rate": 1.6477607454397796e-05}
{"phase": "TRAINING", "arm": "protocol_control", "epoch": 2, "epochs": 3, "epoch_cursor": 32000, "anchors_per_epoch": 60608, "optimizer_steps": 2894, "elapsed_seconds": 1880.20765406, "train_l1_m": 0.013344221540129396, "learning_rate": 1.610445479534849e-05}
{"phase": "TRAINING", "arm": "protocol_control", "epoch": 2, "epochs": 3, "epoch_cursor": 33600, "anchors_per_epoch": 60608, "optimizer_steps": 2944, "elapsed_seconds": 1906.1339379730002, "train_l1_m": 0.013316950926899971, "learning_rate": 1.5731604413755972e-05}
{"phase": "TRAINING", "arm": "protocol_control", "epoch": 2, "epochs": 3, "epoch_cursor": 35200, "anchors_per_epoch": 60608, "optimizer_steps": 2994, "elapsed_seconds": 1932.3787166880002, "train_l1_m": 0.01330469721375912, "learning_rate": 1.535934124358934e-05}
{"phase": "TRAINING", "arm": "protocol_control", "epoch": 2, "epochs": 3, "epoch_cursor": 36800, "anchors_per_epoch": 60608, "optimizer_steps": 3044, "elapsed_seconds": 1956.8664672579998, "train_l1_m": 0.01328066001460159, "learning_rate": 1.4987949770067978e-05}
{"phase": "TRAINING", "arm": "protocol_control", "epoch": 2, "epochs": 3, "epoch_cursor": 38400, "anchors_per_epoch": 60608, "optimizer_steps": 3094, "elapsed_seconds": 1980.8975420440001, "train_l1_m": 0.013244108530089381, "learning_rate": 1.4617713812256742e-05}
{"phase": "TRAINING", "arm": "protocol_control", "epoch": 2, "epochs": 3, "epoch_cursor": 40000, "anchors_per_epoch": 60608, "optimizer_steps": 3144, "elapsed_seconds": 2005.000265262, "train_l1_m": 0.013199446239176264, "learning_rate": 1.4248916306170081e-05}
{"phase": "TRAINING", "arm": "protocol_control", "epoch": 2, "epochs": 3, "epoch_cursor": 41600, "anchors_per_epoch": 60608, "optimizer_steps": 3194, "elapsed_seconds": 2029.1653442850002, "train_l1_m": 0.013168485705576372, "learning_rate": 1.3881839088551043e-05}
{"phase": "TRAINING", "arm": "protocol_control", "epoch": 2, "epochs": 3, "epoch_cursor": 43200, "anchors_per_epoch": 60608, "optimizer_steps": 3244, "elapsed_seconds": 2052.527206711, "train_l1_m": 0.013156139869137516, "learning_rate": 1.3516762681490358e-05}
{"phase": "TRAINING", "arm": "protocol_control", "epoch": 2, "epochs": 3, "epoch_cursor": 44800, "anchors_per_epoch": 60608, "optimizer_steps": 3294, "elapsed_seconds": 2074.835318772, "train_l1_m": 0.013124996886391772, "learning_rate": 1.3153966078050164e-05}
{"phase": "TRAINING", "arm": "protocol_control", "epoch": 2, "epochs": 3, "epoch_cursor": 46400, "anchors_per_epoch": 60608, "optimizer_steps": 3344, "elapsed_seconds": 2096.813330146, "train_l1_m": 0.013130234265439165, "learning_rate": 1.2793726529056237e-05}
{"phase": "TRAINING", "arm": "protocol_control", "epoch": 2, "epochs": 3, "epoch_cursor": 48000, "anchors_per_epoch": 60608, "optimizer_steps": 3394, "elapsed_seconds": 2119.200197618, "train_l1_m": 0.013108760553323317, "learning_rate": 1.2436319331221636e-05}
{"phase": "TRAINING", "arm": "protocol_control", "epoch": 2, "epochs": 3, "epoch_cursor": 49600, "anchors_per_epoch": 60608, "optimizer_steps": 3444, "elapsed_seconds": 2141.358215421, "train_l1_m": 0.013085068812149528, "learning_rate": 1.2082017616763665e-05}
{"phase": "TRAINING", "arm": "protocol_control", "epoch": 2, "epochs": 3, "epoch_cursor": 51200, "anchors_per_epoch": 60608, "optimizer_steps": 3494, "elapsed_seconds": 2163.510903841, "train_l1_m": 0.013059545577349231, "learning_rate": 1.1731092144675045e-05}
{"phase": "TRAINING", "arm": "protocol_control", "epoch": 2, "epochs": 3, "epoch_cursor": 52800, "anchors_per_epoch": 60608, "optimizer_steps": 3544, "elapsed_seconds": 2185.773510625, "train_l1_m": 0.013025085150555346, "learning_rate": 1.13838110938086e-05}
{"phase": "TRAINING", "arm": "protocol_control", "epoch": 2, "epochs": 3, "epoch_cursor": 54400, "anchors_per_epoch": 60608, "optimizer_steps": 3594, "elapsed_seconds": 2207.772302033, "train_l1_m": 0.0130099379525376, "learning_rate": 1.1040439857933769e-05}
{"phase": "TRAINING", "arm": "protocol_control", "epoch": 2, "epochs": 3, "epoch_cursor": 56000, "anchors_per_epoch": 60608, "optimizer_steps": 3644, "elapsed_seconds": 2230.0198855, "train_l1_m": 0.012974184330135814, "learning_rate": 1.0701240842921474e-05}
{"phase": "TRAINING", "arm": "protocol_control", "epoch": 2, "epochs": 3, "epoch_cursor": 57600, "anchors_per_epoch": 60608, "optimizer_steps": 3694, "elapsed_seconds": 2252.086939864, "train_l1_m": 0.012945620971876839, "learning_rate": 1.0366473266212348e-05}
{"phase": "TRAINING", "arm": "protocol_control", "epoch": 2, "epochs": 3, "epoch_cursor": 59200, "anchors_per_epoch": 60608, "optimizer_steps": 3744, "elapsed_seconds": 2274.076161578, "train_l1_m": 0.012933447622864268, "learning_rate": 1.003639295872156e-05}
{"phase": "VALIDATING", "arm": "protocol_control", "epoch": 2, "epochs": 3, "epoch_cursor": 60608, "anchors_per_epoch": 60608, "optimizer_steps": 3788, "elapsed_seconds": 2293.900883917, "train_l1_m": 0.012902645922176187}
{"phase": "EPOCH_COMPLETE", "arm": "protocol_control", "epoch": 2, "epochs": 3, "epoch_cursor": 0, "anchors_per_epoch": 60608, "optimizer_steps": 3788, "elapsed_seconds": 2449.497560966, "train_l1_m": 0.012902645922176187, "train_counts": {"visited": 60608, "input_invalid": 118, "teacher_unsupported": 0, "supported": 60490, "loss_sum_m": 780.4810518324375, "auxiliary_loss_sum_m": 397.13856301642954}, "validation_run_macro_3s_m": 0.04691891088757826, "validation_ade_m": 0.018202394247055054, "epoch_order_sha256": "84e4e82200a33f3e2de46e39599494b897f9ce6426934733d9a88d64a5b10d58", "best_epoch": 2}
{"phase": "TRAINING", "arm": "protocol_control", "epoch": 3, "epochs": 3, "epoch_cursor": 0, "anchors_per_epoch": 60608, "optimizer_steps": 3788, "elapsed_seconds": 2449.507297366}
{"phase": "TRAINING", "arm": "protocol_control", "epoch": 3, "epochs": 3, "epoch_cursor": 1600, "anchors_per_epoch": 60608, "optimizer_steps": 3838, "elapsed_seconds": 2473.573299048, "train_l1_m": 0.011946053040647178, "learning_rate": 9.429411653739695e-06}
{"phase": "TRAINING", "arm": "protocol_control", "epoch": 3, "epochs": 3, "epoch_cursor": 3200, "anchors_per_epoch": 60608, "optimizer_steps": 3888, "elapsed_seconds": 2497.221365673, "train_l1_m": 0.011917383187848773, "learning_rate": 9.11422668347195e-06}
{"phase": "TRAINING", "arm": "protocol_control", "epoch": 3, "epochs": 3, "epoch_cursor": 4800, "anchors_per_epoch": 60608, "optimizer_steps": 3938, "elapsed_seconds": 2520.922911924, "train_l1_m": 0.012053404016600251, "learning_rate": 8.804685954995719e-06}
{"phase": "TRAINING", "arm": "protocol_control", "epoch": 3, "epochs": 3, "epoch_cursor": 6400, "anchors_per_epoch": 60608, "optimizer_steps": 3988, "elapsed_seconds": 2544.479484978, "train_l1_m": 0.011876314066563934, "learning_rate": 8.501026020753239e-06}
{"phase": "TRAINING", "arm": "protocol_control", "epoch": 3, "epochs": 3, "epoch_cursor": 8000, "anchors_per_epoch": 60608, "optimizer_steps": 4038, "elapsed_seconds": 2568.421389032, "train_l1_m": 0.011918194479097331, "learning_rate": 8.203478939056865e-06}
{"phase": "TRAINING", "arm": "protocol_control", "epoch": 3, "epochs": 3, "epoch_cursor": 9600, "anchors_per_epoch": 60608, "optimizer_steps": 4088, "elapsed_seconds": 2591.975507712, "train_l1_m": 0.011834716708544177, "learning_rate": 7.912272096749058e-06}
{"phase": "TRAINING", "arm": "protocol_control", "epoch": 3, "epochs": 3, "epoch_cursor": 11200, "anchors_per_epoch": 60608, "optimizer_steps": 4138, "elapsed_seconds": 2614.96739638, "train_l1_m": 0.01186060822805622, "learning_rate": 7.6276280354322746e-06}
{"phase": "TRAINING", "arm": "protocol_control", "epoch": 3, "epochs": 3, "epoch_cursor": 12800, "anchors_per_epoch": 60608, "optimizer_steps": 4188, "elapsed_seconds": 2637.652199235, "train_l1_m": 0.011872962196518674, "learning_rate": 7.349764281401696e-06}
{"phase": "TRAINING", "arm": "protocol_control", "epoch": 3, "epochs": 3, "epoch_cursor": 14400, "anchors_per_epoch": 60608, "optimizer_steps": 4238, "elapsed_seconds": 2660.107075512, "train_l1_m": 0.011800339824013925, "learning_rate": 7.078893179410624e-06}
{"phase": "TRAINING", "arm": "protocol_control", "epoch": 3, "epochs": 3, "epoch_cursor": 16000, "anchors_per_epoch": 60608, "optimizer_steps": 4288, "elapsed_seconds": 2682.687246769, "train_l1_m": 0.011743889820061373, "learning_rate": 6.815221730395647e-06}
{"phase": "TRAINING", "arm": "protocol_control", "epoch": 3, "epochs": 3, "epoch_cursor": 17600, "anchors_per_epoch": 60608, "optimizer_steps": 4338, "elapsed_seconds": 2705.006552945, "train_l1_m": 0.011745010087743228, "learning_rate": 6.558951433285595e-06}
{"phase": "TRAINING", "arm": "protocol_control", "epoch": 3, "epochs": 3, "epoch_cursor": 19200, "anchors_per_epoch": 60608, "optimizer_steps": 4388, "elapsed_seconds": 2727.412231899, "train_l1_m": 0.011765362656465472, "learning_rate": 6.3102781310150915e-06}
{"phase": "TRAINING", "arm": "protocol_control", "epoch": 3, "epochs": 3, "epoch_cursor": 20800, "anchors_per_epoch": 60608, "optimizer_steps": 4438, "elapsed_seconds": 2749.531754798, "train_l1_m": 0.01178414491301327, "learning_rate": 6.069391860860533e-06}
{"phase": "TRAINING", "arm": "protocol_control", "epoch": 3, "epochs": 3, "epoch_cursor": 22400, "anchors_per_epoch": 60608, "optimizer_steps": 4488, "elapsed_seconds": 2771.55792202, "train_l1_m": 0.011753441174960112, "learning_rate": 5.836476709212708e-06}
{"phase": "TRAINING", "arm": "protocol_control", "epoch": 3, "epochs": 3, "epoch_cursor": 24000, "anchors_per_epoch": 60608, "optimizer_steps": 4538, "elapsed_seconds": 2793.982901061, "train_l1_m": 0.011727395063401065, "learning_rate": 5.611710670897133e-06}
{"phase": "TRAINING", "arm": "protocol_control", "epoch": 3, "epochs": 3, "epoch_cursor": 25600, "anchors_per_epoch": 60608, "optimizer_steps": 4588, "elapsed_seconds": 2816.069126046, "train_l1_m": 0.01170136607583349, "learning_rate": 5.395265513149594e-06}
{"phase": "TRAINING", "arm": "protocol_control", "epoch": 3, "epochs": 3, "epoch_cursor": 27200, "anchors_per_epoch": 60608, "optimizer_steps": 4638, "elapsed_seconds": 2838.103097543, "train_l1_m": 0.011684030220867591, "learning_rate": 5.187306644350865e-06}
{"phase": "TRAINING", "arm": "protocol_control", "epoch": 3, "epochs": 3, "epoch_cursor": 28800, "anchors_per_epoch": 60608, "optimizer_steps": 4688, "elapsed_seconds": 2860.171860636, "train_l1_m": 0.011675085045188629, "learning_rate": 4.98799298762082e-06}
{"phase": "TRAINING", "arm": "protocol_control", "epoch": 3, "epochs": 3, "epoch_cursor": 30400, "anchors_per_epoch": 60608, "optimizer_steps": 4738, "elapsed_seconds": 2882.302499022, "train_l1_m": 0.011666797216167299, "learning_rate": 4.797476859368676e-06}
{"phase": "TRAINING", "arm": "protocol_control", "epoch": 3, "epochs": 3, "epoch_cursor": 32000, "anchors_per_epoch": 60608, "optimizer_steps": 4788, "elapsed_seconds": 2904.632916001, "train_l1_m": 0.011658045774657387, "learning_rate": 4.615903852892119e-06}
{"phase": "TRAINING", "arm": "protocol_control", "epoch": 3, "epochs": 3, "epoch_cursor": 33600, "anchors_per_epoch": 60608, "optimizer_steps": 4838, "elapsed_seconds": 2926.892746785, "train_l1_m": 0.011654777870109123, "learning_rate": 4.443412727114209e-06}
{"phase": "TRAINING", "arm": "protocol_control", "epoch": 3, "epochs": 3, "epoch_cursor": 35200, "anchors_per_epoch": 60608, "optimizer_steps": 4888, "elapsed_seconds": 2948.948616281, "train_l1_m": 0.011643816160783829, "learning_rate": 4.280135300543181e-06}
{"phase": "TRAINING", "arm": "protocol_control", "epoch": 3, "epochs": 3, "epoch_cursor": 36800, "anchors_per_epoch": 60608, "optimizer_steps": 4938, "elapsed_seconds": 2971.030755654, "train_l1_m": 0.011622564225601094, "learning_rate": 4.126196350536148e-06}
{"phase": "TRAINING", "arm": "protocol_control", "epoch": 3, "epochs": 3, "epoch_cursor": 38400, "anchors_per_epoch": 60608, "optimizer_steps": 4988, "elapsed_seconds": 2993.013201694, "train_l1_m": 0.011607915228745701, "learning_rate": 3.981713517943668e-06}
{"phase": "TRAINING", "arm": "protocol_control", "epoch": 3, "epochs": 3, "epoch_cursor": 40000, "anchors_per_epoch": 60608, "optimizer_steps": 5038, "elapsed_seconds": 3015.375316394, "train_l1_m": 0.011595663711825405, "learning_rate": 3.846797217208064e-06}
{"phase": "TRAINING", "arm": "protocol_control", "epoch": 3, "epochs": 3, "epoch_cursor": 41600, "anchors_per_epoch": 60608, "optimizer_steps": 5088, "elapsed_seconds": 3038.256978524, "train_l1_m": 0.011602826793310034, "learning_rate": 3.7215505519842044e-06}
{"phase": "TRAINING", "arm": "protocol_control", "epoch": 3, "epochs": 3, "epoch_cursor": 43200, "anchors_per_epoch": 60608, "optimizer_steps": 5138, "elapsed_seconds": 3061.003040052, "train_l1_m": 0.011588992818789159, "learning_rate": 3.60606923634722e-06}
{"phase": "TRAINING", "arm": "protocol_control", "epoch": 3, "epochs": 3, "epoch_cursor": 44800, "anchors_per_epoch": 60608, "optimizer_steps": 5188, "elapsed_seconds": 3083.74809176, "train_l1_m": 0.011588045325533038, "learning_rate": 3.500441521647366e-06}
{"phase": "TRAINING", "arm": "protocol_control", "epoch": 3, "epochs": 3, "epoch_cursor": 46400, "anchors_per_epoch": 60608, "optimizer_steps": 5238, "elapsed_seconds": 3106.862138402, "train_l1_m": 0.011573507465462856, "learning_rate": 3.404748129067933e-06}
{"phase": "TRAINING", "arm": "protocol_control", "epoch": 3, "epochs": 3, "epoch_cursor": 48000, "anchors_per_epoch": 60608, "optimizer_steps": 5288, "elapsed_seconds": 3129.825488539, "train_l1_m": 0.011562698246760435, "learning_rate": 3.3190621879377564e-06}
{"phase": "TRAINING", "arm": "protocol_control", "epoch": 3, "epochs": 3, "epoch_cursor": 49600, "anchors_per_epoch": 60608, "optimizer_steps": 5338, "elapsed_seconds": 3151.941276251, "train_l1_m": 0.011556906798510173, "learning_rate": 3.2434491798454515e-06}
{"phase": "TRAINING", "arm": "protocol_control", "epoch": 3, "epochs": 3, "epoch_cursor": 51200, "anchors_per_epoch": 60608, "optimizer_steps": 5388, "elapsed_seconds": 3173.870118466, "train_l1_m": 0.011538110560001006, "learning_rate": 3.1779668885980667e-06}
{"phase": "TRAINING", "arm": "protocol_control", "epoch": 3, "epochs": 3, "epoch_cursor": 52800, "anchors_per_epoch": 60608, "optimizer_steps": 5438, "elapsed_seconds": 3195.790797582, "train_l1_m": 0.011522933187010882, "learning_rate": 3.122665356062447e-06}
{"phase": "TRAINING", "arm": "protocol_control", "epoch": 3, "epochs": 3, "epoch_cursor": 54400, "anchors_per_epoch": 60608, "optimizer_steps": 5488, "elapsed_seconds": 3217.525947379, "train_l1_m": 0.011521733069920903, "learning_rate": 3.0775868439230074e-06}
{"phase": "TRAINING", "arm": "protocol_control", "epoch": 3, "epochs": 3, "epoch_cursor": 56000, "anchors_per_epoch": 60608, "optimizer_steps": 5538, "elapsed_seconds": 3239.6980791919996, "train_l1_m": 0.011519844428066603, "learning_rate": 3.0427658013851665e-06}
{"phase": "TRAINING", "arm": "protocol_control", "epoch": 3, "epochs": 3, "epoch_cursor": 57600, "anchors_per_epoch": 60608, "optimizer_steps": 5588, "elapsed_seconds": 3261.552633995, "train_l1_m": 0.01151259548048565, "learning_rate": 3.0182288388490908e-06}
{"phase": "TRAINING", "arm": "protocol_control", "epoch": 3, "epochs": 3, "epoch_cursor": 59200, "anchors_per_epoch": 60608, "optimizer_steps": 5638, "elapsed_seconds": 3283.6441507930003, "train_l1_m": 0.011501627517622156, "learning_rate": 3.003994707573916e-06}
{"phase": "VALIDATING", "arm": "protocol_control", "epoch": 3, "epochs": 3, "epoch_cursor": 60608, "anchors_per_epoch": 60608, "optimizer_steps": 5682, "elapsed_seconds": 3303.3964300489997, "train_l1_m": 0.01150515547053324}
{"phase": "EPOCH_COMPLETE", "arm": "protocol_control", "epoch": 3, "epochs": 3, "epoch_cursor": 0, "anchors_per_epoch": 60608, "optimizer_steps": 5682, "elapsed_seconds": 3458.72746732, "train_l1_m": 0.01150515547053324, "train_counts": {"visited": 60608, "input_invalid": 118, "teacher_unsupported": 0, "supported": 60490, "loss_sum_m": 695.9468544125557, "auxiliary_loss_sum_m": 317.93740548565984}, "validation_run_macro_3s_m": 0.04481862857937813, "validation_ade_m": 0.017688272520899773, "epoch_order_sha256": "76140d76efb9948f6f47cea9d4d23608936641959297fe077a05c25f7cdc8c23", "best_epoch": 3}
{"phase": "RELOADING_BEST", "arm": "protocol_control", "epoch": 3, "epochs": 3, "epoch_cursor": 0, "anchors_per_epoch": 60608, "optimizer_steps": 5682, "elapsed_seconds": 3458.72784462, "best_epoch": 3}
{"phase": "COMPLETE", "arm": "protocol_control", "epoch": 3, "epochs": 3, "epoch_cursor": 0, "anchors_per_epoch": 60608, "optimizer_steps": 5682, "elapsed_seconds": 3612.343505672, "best_epoch": 3, "validation_run_macro_3s_m": 0.04481862857937813}
