/home/thistle/e2e_autonomous/e2e_lite_transfuser/.venv/lib/python3.10/site-packages/torch/nn/modules/transformer.py:382: UserWarning: enable_nested_tensor is True, but self.use_nested_tensor is False because encoder_layer.norm_first was True
  warnings.warn(
{"phase": "INITIAL_VALIDATION", "arm": "balanced_training", "epoch": 1, "epochs": 3, "epoch_cursor": 0, "anchors_per_epoch": 45646, "optimizer_steps": 0, "elapsed_seconds": 0.06740909701329656}
{"phase": "TRAINING", "arm": "balanced_training", "epoch": 1, "epochs": 3, "epoch_cursor": 0, "anchors_per_epoch": 45646, "optimizer_steps": 0, "elapsed_seconds": 141.19423468000605}
{"phase": "TRAINING", "arm": "balanced_training", "epoch": 1, "epochs": 3, "epoch_cursor": 1600, "anchors_per_epoch": 45646, "optimizer_steps": 50, "elapsed_seconds": 193.01157596200937, "train_l1_m": 0.015724994404784216, "learning_rate": 2.9990913338588383e-05}
{"phase": "TRAINING", "arm": "balanced_training", "epoch": 1, "epochs": 3, "epoch_cursor": 3200, "anchors_per_epoch": 45646, "optimizer_steps": 100, "elapsed_seconds": 218.59486778100836, "train_l1_m": 0.01491947295237063, "learning_rate": 2.9963665586563177e-05}
{"phase": "TRAINING", "arm": "balanced_training", "epoch": 1, "epochs": 3, "epoch_cursor": 4800, "anchors_per_epoch": 45646, "optimizer_steps": 150, "elapsed_seconds": 244.28629084900604, "train_l1_m": 0.014079781860989118, "learning_rate": 2.991829342408682e-05}
{"phase": "TRAINING", "arm": "balanced_training", "epoch": 1, "epochs": 3, "epoch_cursor": 6400, "anchors_per_epoch": 45646, "optimizer_steps": 200, "elapsed_seconds": 269.83266352899955, "train_l1_m": 0.013805741046801937, "learning_rate": 2.985485792989682e-05}
{"phase": "TRAINING", "arm": "balanced_training", "epoch": 1, "epochs": 3, "epoch_cursor": 8000, "anchors_per_epoch": 45646, "optimizer_steps": 250, "elapsed_seconds": 295.33283764502266, "train_l1_m": 0.013783245872663554, "learning_rate": 2.9773444499083124e-05}
{"phase": "TRAINING", "arm": "balanced_training", "epoch": 1, "epochs": 3, "epoch_cursor": 9600, "anchors_per_epoch": 45646, "optimizer_steps": 300, "elapsed_seconds": 321.19461954801227, "train_l1_m": 0.013690421256964886, "learning_rate": 2.9674162728131704e-05}
{"phase": "TRAINING", "arm": "balanced_training", "epoch": 1, "epochs": 3, "epoch_cursor": 11200, "anchors_per_epoch": 45646, "optimizer_steps": 350, "elapsed_seconds": 347.1779941030254, "train_l1_m": 0.013567791601182606, "learning_rate": 2.9557146267388712e-05}
{"phase": "TRAINING", "arm": "balanced_training", "epoch": 1, "epochs": 3, "epoch_cursor": 12800, "anchors_per_epoch": 45646, "optimizer_steps": 400, "elapsed_seconds": 373.07351013601874, "train_l1_m": 0.013439408716357218, "learning_rate": 2.942255264114435e-05}
{"phase": "TRAINING", "arm": "balanced_training", "epoch": 1, "epochs": 3, "epoch_cursor": 14400, "anchors_per_epoch": 45646, "optimizer_steps": 450, "elapsed_seconds": 398.97640935500385, "train_l1_m": 0.013471637477061756, "learning_rate": 2.92705630355778e-05}
{"phase": "TRAINING", "arm": "balanced_training", "epoch": 1, "epochs": 3, "epoch_cursor": 16000, "anchors_per_epoch": 45646, "optimizer_steps": 500, "elapsed_seconds": 424.89444581602584, "train_l1_m": 0.013381193881244702, "learning_rate": 2.9101382054849642e-05}
{"phase": "TRAINING", "arm": "balanced_training", "epoch": 1, "epochs": 3, "epoch_cursor": 17600, "anchors_per_epoch": 45646, "optimizer_steps": 550, "elapsed_seconds": 451.14752332901116, "train_l1_m": 0.013220509318282192, "learning_rate": 2.8915237445669406e-05}
{"phase": "TRAINING", "arm": "balanced_training", "epoch": 1, "epochs": 3, "epoch_cursor": 19200, "anchors_per_epoch": 45646, "optimizer_steps": 600, "elapsed_seconds": 477.6382104350196, "train_l1_m": 0.013157177509810387, "learning_rate": 2.8712379790709277e-05}
{"phase": "TRAINING", "arm": "balanced_training", "epoch": 1, "epochs": 3, "epoch_cursor": 20800, "anchors_per_epoch": 45646, "optimizer_steps": 650, "elapsed_seconds": 503.8240914210037, "train_l1_m": 0.01313365406000238, "learning_rate": 2.849308217127674e-05}
{"phase": "TRAINING", "arm": "balanced_training", "epoch": 1, "epochs": 3, "epoch_cursor": 22400, "anchors_per_epoch": 45646, "optimizer_steps": 700, "elapsed_seconds": 529.5220723780221, "train_l1_m": 0.013063445124998959, "learning_rate": 2.8257639799700054e-05}
{"phase": "TRAINING", "arm": "balanced_training", "epoch": 1, "epochs": 3, "epoch_cursor": 24000, "anchors_per_epoch": 45646, "optimizer_steps": 750, "elapsed_seconds": 554.9428053180163, "train_l1_m": 0.012990677947419678, "learning_rate": 2.8006369621921858e-05}
{"phase": "TRAINING", "arm": "balanced_training", "epoch": 1, "epochs": 3, "epoch_cursor": 25600, "anchors_per_epoch": 45646, "optimizer_steps": 800, "elapsed_seconds": 580.8222650579992, "train_l1_m": 0.01292642503263733, "learning_rate": 2.7739609890835222e-05}
{"phase": "TRAINING", "arm": "balanced_training", "epoch": 1, "epochs": 3, "epoch_cursor": 27200, "anchors_per_epoch": 45646, "optimizer_steps": 850, "elapsed_seconds": 606.3292588710028, "train_l1_m": 0.012927932243590533, "learning_rate": 2.745771971093712e-05}
{"phase": "TRAINING", "arm": "balanced_training", "epoch": 1, "epochs": 3, "epoch_cursor": 28800, "anchors_per_epoch": 45646, "optimizer_steps": 900, "elapsed_seconds": 631.6241500500182, "train_l1_m": 0.012925892807170216, "learning_rate": 2.7161078554911985e-05}
{"phase": "TRAINING", "arm": "balanced_training", "epoch": 1, "epochs": 3, "epoch_cursor": 30400, "anchors_per_epoch": 45646, "optimizer_steps": 950, "elapsed_seconds": 657.2167809329985, "train_l1_m": 0.012850117382287325, "learning_rate": 2.685008575279625e-05}
{"phase": "TRAINING", "arm": "balanced_training", "epoch": 1, "epochs": 3, "epoch_cursor": 32000, "anchors_per_epoch": 45646, "optimizer_steps": 1000, "elapsed_seconds": 683.0063300890033, "train_l1_m": 0.012884385013770585, "learning_rate": 2.6525159954411242e-05}
{"phase": "TRAINING", "arm": "balanced_training", "epoch": 1, "epochs": 3, "epoch_cursor": 33600, "anchors_per_epoch": 45646, "optimizer_steps": 1050, "elapsed_seconds": 709.2488049420062, "train_l1_m": 0.01280652403057016, "learning_rate": 2.6186738565788683e-05}
{"phase": "TRAINING", "arm": "balanced_training", "epoch": 1, "epochs": 3, "epoch_cursor": 35200, "anchors_per_epoch": 45646, "optimizer_steps": 1100, "elapsed_seconds": 737.3448778910097, "train_l1_m": 0.012770015636903123, "learning_rate": 2.583527716034673e-05}
{"phase": "TRAINING", "arm": "balanced_training", "epoch": 1, "epochs": 3, "epoch_cursor": 36800, "anchors_per_epoch": 45646, "optimizer_steps": 1150, "elapsed_seconds": 762.9645463880152, "train_l1_m": 0.012717739531055984, "learning_rate": 2.5471248865609924e-05}
{"phase": "TRAINING", "arm": "balanced_training", "epoch": 1, "epochs": 3, "epoch_cursor": 38400, "anchors_per_epoch": 45646, "optimizer_steps": 1200, "elapsed_seconds": 788.9331196359999, "train_l1_m": 0.012708844892240235, "learning_rate": 2.5095143726298105e-05}
{"phase": "TRAINING", "arm": "balanced_training", "epoch": 1, "epochs": 3, "epoch_cursor": 40000, "anchors_per_epoch": 45646, "optimizer_steps": 1250, "elapsed_seconds": 818.6219614660076, "train_l1_m": 0.01266337641824031, "learning_rate": 2.4707468044641732e-05}
{"phase": "TRAINING", "arm": "balanced_training", "epoch": 1, "epochs": 3, "epoch_cursor": 41600, "anchors_per_epoch": 45646, "optimizer_steps": 1300, "elapsed_seconds": 849.7245200500183, "train_l1_m": 0.012657249209370797, "learning_rate": 2.430874369881218e-05}
{"phase": "TRAINING", "arm": "balanced_training", "epoch": 1, "epochs": 3, "epoch_cursor": 43200, "anchors_per_epoch": 45646, "optimizer_steps": 1350, "elapsed_seconds": 881.833654757007, "train_l1_m": 0.01262400608914495, "learning_rate": 2.3899507440383884e-05}
{"phase": "TRAINING", "arm": "balanced_training", "epoch": 1, "epochs": 3, "epoch_cursor": 44800, "anchors_per_epoch": 45646, "optimizer_steps": 1400, "elapsed_seconds": 918.4811615560029, "train_l1_m": 0.012637370433401643, "learning_rate": 2.3480310171774243e-05}
{"phase": "VALIDATING", "arm": "balanced_training", "epoch": 1, "epochs": 3, "epoch_cursor": 45646, "anchors_per_epoch": 45646, "optimizer_steps": 1427, "elapsed_seconds": 940.3363100200077, "train_l1_m": 0.012606768922538723}
{"phase": "EPOCH_COMPLETE", "arm": "balanced_training", "epoch": 1, "epochs": 3, "epoch_cursor": 0, "anchors_per_epoch": 45646, "optimizer_steps": 1427, "elapsed_seconds": 1104.186548120022, "train_l1_m": 0.012606768922538723, "train_counts": {"visited": 45646, "input_invalid": 158, "teacher_unsupported": 1208, "supported": 44280, "loss_sum_m": 558.2277278900146}, "validation_run_macro_3s_m": 0.054518899569908776, "validation_ade_m": 0.018920235335826874, "epoch_order_sha256": "34a80b0f8b174995175cc0cd58cc2e9062ce0615795cba194dad2f33ab2524e6", "best_epoch": 1}
{"phase": "TRAINING", "arm": "balanced_training", "epoch": 2, "epochs": 3, "epoch_cursor": 0, "anchors_per_epoch": 45646, "optimizer_steps": 1427, "elapsed_seconds": 1104.254672723997}
{"phase": "TRAINING", "arm": "balanced_training", "epoch": 2, "epochs": 3, "epoch_cursor": 1600, "anchors_per_epoch": 45646, "optimizer_steps": 1477, "elapsed_seconds": 1158.2277032870043, "train_l1_m": 0.0119426335319589, "learning_rate": 2.2816570940896875e-05}
{"phase": "TRAINING", "arm": "balanced_training", "epoch": 2, "epochs": 3, "epoch_cursor": 3200, "anchors_per_epoch": 45646, "optimizer_steps": 1527, "elapsed_seconds": 1188.9058525450237, "train_l1_m": 0.011924154589612046, "learning_rate": 2.2374638690469767e-05}
{"phase": "TRAINING", "arm": "balanced_training", "epoch": 2, "epochs": 3, "epoch_cursor": 4800, "anchors_per_epoch": 45646, "optimizer_steps": 1577, "elapsed_seconds": 1217.8750261390232, "train_l1_m": 0.011412536488163082, "learning_rate": 2.1924798165569156e-05}
{"phase": "TRAINING", "arm": "balanced_training", "epoch": 2, "epochs": 3, "epoch_cursor": 6400, "anchors_per_epoch": 45646, "optimizer_steps": 1627, "elapsed_seconds": 1247.689071057015, "train_l1_m": 0.011648230577544619, "learning_rate": 2.1467654928941547e-05}
{"phase": "TRAINING", "arm": "balanced_training", "epoch": 2, "epochs": 3, "epoch_cursor": 8000, "anchors_per_epoch": 45646, "optimizer_steps": 1677, "elapsed_seconds": 1278.5692810000037, "train_l1_m": 0.01150623526607868, "learning_rate": 2.100382437403998e-05}
{"phase": "TRAINING", "arm": "balanced_training", "epoch": 2, "epochs": 3, "epoch_cursor": 9600, "anchors_per_epoch": 45646, "optimizer_steps": 1727, "elapsed_seconds": 1309.6067963780079, "train_l1_m": 0.011490876060760716, "learning_rate": 2.0533930896598468e-05}
{"phase": "TRAINING", "arm": "balanced_training", "epoch": 2, "epochs": 3, "epoch_cursor": 11200, "anchors_per_epoch": 45646, "optimizer_steps": 1777, "elapsed_seconds": 1341.4852499670233, "train_l1_m": 0.011390909106005069, "learning_rate": 2.0058607054088004e-05}
{"phase": "TRAINING", "arm": "balanced_training", "epoch": 2, "epochs": 3, "epoch_cursor": 12800, "anchors_per_epoch": 45646, "optimizer_steps": 1827, "elapsed_seconds": 1373.3830738120014, "train_l1_m": 0.011381685767386062, "learning_rate": 1.957849271418527e-05}
{"phase": "TRAINING", "arm": "balanced_training", "epoch": 2, "epochs": 3, "epoch_cursor": 14400, "anchors_per_epoch": 45646, "optimizer_steps": 1877, "elapsed_seconds": 1403.867783285008, "train_l1_m": 0.011376829767102614, "learning_rate": 1.9094234193400733e-05}
{"phase": "TRAINING", "arm": "balanced_training", "epoch": 2, "epochs": 3, "epoch_cursor": 16000, "anchors_per_epoch": 45646, "optimizer_steps": 1927, "elapsed_seconds": 1434.070972143003, "train_l1_m": 0.011351577496115546, "learning_rate": 1.8606483387025406e-05}
{"phase": "TRAINING", "arm": "balanced_training", "epoch": 2, "epochs": 3, "epoch_cursor": 17600, "anchors_per_epoch": 45646, "optimizer_steps": 1977, "elapsed_seconds": 1464.742632108013, "train_l1_m": 0.011379207087235204, "learning_rate": 1.8115896891567503e-05}
{"phase": "TRAINING", "arm": "balanced_training", "epoch": 2, "epochs": 3, "epoch_cursor": 19200, "anchors_per_epoch": 45646, "optimizer_steps": 2027, "elapsed_seconds": 1495.062618527998, "train_l1_m": 0.011392968292843258, "learning_rate": 1.762313512086065e-05}
{"phase": "TRAINING", "arm": "balanced_training", "epoch": 2, "epochs": 3, "epoch_cursor": 20800, "anchors_per_epoch": 45646, "optimizer_steps": 2077, "elapsed_seconds": 1525.154563070013, "train_l1_m": 0.011364974016510208, "learning_rate": 1.7128861417033393e-05}
{"phase": "TRAINING", "arm": "balanced_training", "epoch": 2, "epochs": 3, "epoch_cursor": 22400, "anchors_per_epoch": 45646, "optimizer_steps": 2127, "elapsed_seconds": 1555.3336671750003, "train_l1_m": 0.011389814989312214, "learning_rate": 1.663374115753631e-05}
{"phase": "TRAINING", "arm": "balanced_training", "epoch": 2, "epochs": 3, "epoch_cursor": 24000, "anchors_per_epoch": 45646, "optimizer_steps": 2177, "elapsed_seconds": 1585.6165046980022, "train_l1_m": 0.011344110498974718, "learning_rate": 1.613844085942953e-05}
{"phase": "TRAINING", "arm": "balanced_training", "epoch": 2, "epochs": 3, "epoch_cursor": 25600, "anchors_per_epoch": 45646, "optimizer_steps": 2227, "elapsed_seconds": 1615.374677822023, "train_l1_m": 0.011276955330406447, "learning_rate": 1.5643627282136173e-05}
{"phase": "TRAINING", "arm": "balanced_training", "epoch": 2, "epochs": 3, "epoch_cursor": 27200, "anchors_per_epoch": 45646, "optimizer_steps": 2277, "elapsed_seconds": 1646.7719734350103, "train_l1_m": 0.011210639783729643, "learning_rate": 1.514996652986941e-05}
{"phase": "TRAINING", "arm": "balanced_training", "epoch": 2, "epochs": 3, "epoch_cursor": 28800, "anchors_per_epoch": 45646, "optimizer_steps": 2327, "elapsed_seconds": 1676.4532556720078, "train_l1_m": 0.011155214704488589, "learning_rate": 1.4658123154941537e-05}
{"phase": "TRAINING", "arm": "balanced_training", "epoch": 2, "epochs": 3, "epoch_cursor": 30400, "anchors_per_epoch": 45646, "optimizer_steps": 2377, "elapsed_seconds": 1707.1277145440108, "train_l1_m": 0.011145323402743754, "learning_rate": 1.4168759263162266e-05}
{"phase": "TRAINING", "arm": "balanced_training", "epoch": 2, "epochs": 3, "epoch_cursor": 32000, "anchors_per_epoch": 45646, "optimizer_steps": 2427, "elapsed_seconds": 1737.9547406320053, "train_l1_m": 0.011127541614954776, "learning_rate": 1.3682533622530375e-05}
{"phase": "TRAINING", "arm": "balanced_training", "epoch": 2, "epochs": 3, "epoch_cursor": 33600, "anchors_per_epoch": 45646, "optimizer_steps": 2477, "elapsed_seconds": 1769.0028117390175, "train_l1_m": 0.011101767361766011, "learning_rate": 1.320010077641861e-05}
{"phase": "TRAINING", "arm": "balanced_training", "epoch": 2, "epochs": 3, "epoch_cursor": 35200, "anchors_per_epoch": 45646, "optimizer_steps": 2527, "elapsed_seconds": 1801.1855876430054, "train_l1_m": 0.011084369148295357, "learning_rate": 1.2722110162445717e-05}
{"phase": "TRAINING", "arm": "balanced_training", "epoch": 2, "epochs": 3, "epoch_cursor": 36800, "anchors_per_epoch": 45646, "optimizer_steps": 2577, "elapsed_seconds": 1833.4050391650235, "train_l1_m": 0.011069922428116274, "learning_rate": 1.2249205238221623e-05}
{"phase": "TRAINING", "arm": "balanced_training", "epoch": 2, "epochs": 3, "epoch_cursor": 38400, "anchors_per_epoch": 45646, "optimizer_steps": 2627, "elapsed_seconds": 1863.0989428510075, "train_l1_m": 0.011078016733494582, "learning_rate": 1.178202261514284e-05}
{"phase": "TRAINING", "arm": "balanced_training", "epoch": 2, "epochs": 3, "epoch_cursor": 40000, "anchors_per_epoch": 45646, "optimizer_steps": 2677, "elapsed_seconds": 1891.7678109040135, "train_l1_m": 0.011062406485303855, "learning_rate": 1.1321191201403935e-05}
{"phase": "TRAINING", "arm": "balanced_training", "epoch": 2, "epochs": 3, "epoch_cursor": 41600, "anchors_per_epoch": 45646, "optimizer_steps": 2727, "elapsed_seconds": 1920.8135163359984, "train_l1_m": 0.011052121128803842, "learning_rate": 1.0867331355378907e-05}
{"phase": "TRAINING", "arm": "balanced_training", "epoch": 2, "epochs": 3, "epoch_cursor": 43200, "anchors_per_epoch": 45646, "optimizer_steps": 2777, "elapsed_seconds": 1950.8775133879972, "train_l1_m": 0.01101315405395715, "learning_rate": 1.0421054050512086e-05}
{"phase": "TRAINING", "arm": "balanced_training", "epoch": 2, "epochs": 3, "epoch_cursor": 44800, "anchors_per_epoch": 45646, "optimizer_steps": 2827, "elapsed_seconds": 1984.915275628009, "train_l1_m": 0.011036309023577037, "learning_rate": 9.982960052842723e-06}
{"phase": "VALIDATING", "arm": "balanced_training", "epoch": 2, "epochs": 3, "epoch_cursor": 45646, "anchors_per_epoch": 45646, "optimizer_steps": 2854, "elapsed_seconds": 2008.9272735230043, "train_l1_m": 0.011048829036259178}
{"phase": "EPOCH_COMPLETE", "arm": "balanced_training", "epoch": 2, "epochs": 3, "epoch_cursor": 0, "anchors_per_epoch": 45646, "optimizer_steps": 2854, "elapsed_seconds": 2169.6320560890017, "train_l1_m": 0.011048829036259178, "train_counts": {"visited": 45646, "input_invalid": 158, "teacher_unsupported": 1208, "supported": 44280, "loss_sum_m": 489.2421497255564}, "validation_run_macro_3s_m": 0.0504989018663764, "validation_ade_m": 0.01927448809146881, "epoch_order_sha256": "66bcf61bef39d145a6cd9349935385cee690142130e784c569cd56ba14d3be65", "best_epoch": 2}
{"phase": "TRAINING", "arm": "balanced_training", "epoch": 3, "epochs": 3, "epoch_cursor": 0, "anchors_per_epoch": 45646, "optimizer_steps": 2854, "elapsed_seconds": 2169.687136088003}
{"phase": "TRAINING", "arm": "balanced_training", "epoch": 3, "epochs": 3, "epoch_cursor": 1600, "anchors_per_epoch": 45646, "optimizer_steps": 2904, "elapsed_seconds": 2224.2267380900157, "train_l1_m": 0.010556618004787835, "learning_rate": 9.325657602307443e-06}
{"phase": "TRAINING", "arm": "balanced_training", "epoch": 3, "epochs": 3, "epoch_cursor": 3200, "anchors_per_epoch": 45646, "optimizer_steps": 2954, "elapsed_seconds": 2252.885856391018, "train_l1_m": 0.010239863660493459, "learning_rate": 8.910973103905536e-06}
{"phase": "TRAINING", "arm": "balanced_training", "epoch": 3, "epochs": 3, "epoch_cursor": 4800, "anchors_per_epoch": 45646, "optimizer_steps": 3004, "elapsed_seconds": 2281.7610443739977, "train_l1_m": 0.010038819634204423, "learning_rate": 8.50650474148124e-06}
{"phase": "TRAINING", "arm": "balanced_training", "epoch": 3, "epochs": 3, "epoch_cursor": 6400, "anchors_per_epoch": 45646, "optimizer_steps": 3054, "elapsed_seconds": 2310.898075142002, "train_l1_m": 0.010335705073213677, "learning_rate": 8.112796999043623e-06}
{"phase": "TRAINING", "arm": "balanced_training", "epoch": 3, "epochs": 3, "epoch_cursor": 8000, "anchors_per_epoch": 45646, "optimizer_steps": 3104, "elapsed_seconds": 2340.022631569009, "train_l1_m": 0.010178892880924478, "learning_rate": 7.730379874955723e-06}
{"phase": "TRAINING", "arm": "balanced_training", "epoch": 3, "epochs": 3, "epoch_cursor": 9600, "anchors_per_epoch": 45646, "optimizer_steps": 3154, "elapsed_seconds": 2369.096957707021, "train_l1_m": 0.010268231088050741, "learning_rate": 7.359768168465658e-06}
{"phase": "TRAINING", "arm": "balanced_training", "epoch": 3, "epochs": 3, "epoch_cursor": 11200, "anchors_per_epoch": 45646, "optimizer_steps": 3204, "elapsed_seconds": 2398.0565761550097, "train_l1_m": 0.01027370347225578, "learning_rate": 7.00146078669817e-06}
{"phase": "TRAINING", "arm": "balanced_training", "epoch": 3, "epochs": 3, "epoch_cursor": 12800, "anchors_per_epoch": 45646, "optimizer_steps": 3254, "elapsed_seconds": 2426.981633055024, "train_l1_m": 0.010409594929375007, "learning_rate": 6.655940073039831e-06}
{"phase": "TRAINING", "arm": "balanced_training", "epoch": 3, "epochs": 3, "epoch_cursor": 14400, "anchors_per_epoch": 45646, "optimizer_steps": 3304, "elapsed_seconds": 2455.8600952850247, "train_l1_m": 0.010369272188260137, "learning_rate": 6.323671157821878e-06}
{"phase": "TRAINING", "arm": "balanced_training", "epoch": 3, "epochs": 3, "epoch_cursor": 16000, "anchors_per_epoch": 45646, "optimizer_steps": 3354, "elapsed_seconds": 2484.5275020880217, "train_l1_m": 0.010267703225438967, "learning_rate": 6.0051013321746926e-06}
{"phase": "TRAINING", "arm": "balanced_training", "epoch": 3, "epochs": 3, "epoch_cursor": 17600, "anchors_per_epoch": 45646, "optimizer_steps": 3404, "elapsed_seconds": 2515.8188311250124, "train_l1_m": 0.010330308595188954, "learning_rate": 5.700659445897052e-06}
{"phase": "TRAINING", "arm": "balanced_training", "epoch": 3, "epochs": 3, "epoch_cursor": 19200, "anchors_per_epoch": 45646, "optimizer_steps": 3454, "elapsed_seconds": 2544.525622522022, "train_l1_m": 0.010286651425659512, "learning_rate": 5.410755330150449e-06}
{"phase": "TRAINING", "arm": "balanced_training", "epoch": 3, "epochs": 3, "epoch_cursor": 20800, "anchors_per_epoch": 45646, "optimizer_steps": 3504, "elapsed_seconds": 2573.8181287980115, "train_l1_m": 0.010223539683989605, "learning_rate": 5.135779245755869e-06}
{"phase": "TRAINING", "arm": "balanced_training", "epoch": 3, "epochs": 3, "epoch_cursor": 22400, "anchors_per_epoch": 45646, "optimizer_steps": 3554, "elapsed_seconds": 2602.4102125360223, "train_l1_m": 0.010267298412870066, "learning_rate": 4.876101357835566e-06}
{"phase": "TRAINING", "arm": "balanced_training", "epoch": 3, "epochs": 3, "epoch_cursor": 24000, "anchors_per_epoch": 45646, "optimizer_steps": 3604, "elapsed_seconds": 2631.4646675930126, "train_l1_m": 0.010250367925677125, "learning_rate": 4.63207123750711e-06}
{"phase": "TRAINING", "arm": "balanced_training", "epoch": 3, "epochs": 3, "epoch_cursor": 25600, "anchors_per_epoch": 45646, "optimizer_steps": 3654, "elapsed_seconds": 2660.568854953017, "train_l1_m": 0.010245021291220804, "learning_rate": 4.404017391300536e-06}
{"phase": "TRAINING", "arm": "balanced_training", "epoch": 3, "epochs": 3, "epoch_cursor": 27200, "anchors_per_epoch": 45646, "optimizer_steps": 3704, "elapsed_seconds": 2689.627080219012, "train_l1_m": 0.010209741121318958, "learning_rate": 4.192246818931999e-06}
{"phase": "TRAINING", "arm": "balanced_training", "epoch": 3, "epochs": 3, "epoch_cursor": 28800, "anchors_per_epoch": 45646, "optimizer_steps": 3754, "elapsed_seconds": 2719.017436032009, "train_l1_m": 0.010192260776398425, "learning_rate": 3.997044600029365e-06}
{"phase": "TRAINING", "arm": "balanced_training", "epoch": 3, "epochs": 3, "epoch_cursor": 30400, "anchors_per_epoch": 45646, "optimizer_steps": 3804, "elapsed_seconds": 2748.307986293017, "train_l1_m": 0.010168834773968375, "learning_rate": 3.818673510365965e-06}
{"phase": "TRAINING", "arm": "balanced_training", "epoch": 3, "epochs": 3, "epoch_cursor": 32000, "anchors_per_epoch": 45646, "optimizer_steps": 3854, "elapsed_seconds": 2778.2063126139983, "train_l1_m": 0.010144120077159657, "learning_rate": 3.6573736681191874e-06}
{"phase": "TRAINING", "arm": "balanced_training", "epoch": 3, "epochs": 3, "epoch_cursor": 33600, "anchors_per_epoch": 45646, "optimizer_steps": 3904, "elapsed_seconds": 2807.640237234009, "train_l1_m": 0.010132177264623095, "learning_rate": 3.5133622106301155e-06}
{"phase": "TRAINING", "arm": "balanced_training", "epoch": 3, "epochs": 3, "epoch_cursor": 35200, "anchors_per_epoch": 45646, "optimizer_steps": 3954, "elapsed_seconds": 2836.5333263950015, "train_l1_m": 0.010158752869326649, "learning_rate": 3.3868330020992756e-06}
{"phase": "TRAINING", "arm": "balanced_training", "epoch": 3, "epochs": 3, "epoch_cursor": 36800, "anchors_per_epoch": 45646, "optimizer_steps": 4004, "elapsed_seconds": 2865.596329707012, "train_l1_m": 0.010170270282837244, "learning_rate": 3.2779563726120905e-06}
{"phase": "TRAINING", "arm": "balanced_training", "epoch": 3, "epochs": 3, "epoch_cursor": 38400, "anchors_per_epoch": 45646, "optimizer_steps": 4054, "elapsed_seconds": 2894.5072596539976, "train_l1_m": 0.010141597866388059, "learning_rate": 3.1868788888452758e-06}
{"phase": "TRAINING", "arm": "balanced_training", "epoch": 3, "epochs": 3, "epoch_cursor": 40000, "anchors_per_epoch": 45646, "optimizer_steps": 4104, "elapsed_seconds": 2923.4984933900123, "train_l1_m": 0.010161524645780491, "learning_rate": 3.1137231567628604e-06}
{"phase": "TRAINING", "arm": "balanced_training", "epoch": 3, "epochs": 3, "epoch_cursor": 41600, "anchors_per_epoch": 45646, "optimizer_steps": 4154, "elapsed_seconds": 2952.0695393180067, "train_l1_m": 0.010144716291695305, "learning_rate": 3.0585876565674773e-06}
{"phase": "TRAINING", "arm": "balanced_training", "epoch": 3, "epochs": 3, "epoch_cursor": 43200, "anchors_per_epoch": 45646, "optimizer_steps": 4204, "elapsed_seconds": 2981.001911861007, "train_l1_m": 0.010142557264497738, "learning_rate": 3.021546610129053e-06}
{"phase": "TRAINING", "arm": "balanced_training", "epoch": 3, "epochs": 3, "epoch_cursor": 44800, "anchors_per_epoch": 45646, "optimizer_steps": 4254, "elapsed_seconds": 3011.041444447008, "train_l1_m": 0.010093061624963187, "learning_rate": 3.0026498810694176e-06}
{"phase": "VALIDATING", "arm": "balanced_training", "epoch": 3, "epochs": 3, "epoch_cursor": 45646, "anchors_per_epoch": 45646, "optimizer_steps": 4281, "elapsed_seconds": 3036.859569193999, "train_l1_m": 0.010096690403810738}
{"phase": "EPOCH_COMPLETE", "arm": "balanced_training", "epoch": 3, "epochs": 3, "epoch_cursor": 0, "anchors_per_epoch": 45646, "optimizer_steps": 4281, "elapsed_seconds": 3198.721127754019, "train_l1_m": 0.010096690403810738, "train_counts": {"visited": 45646, "input_invalid": 158, "teacher_unsupported": 1208, "supported": 44280, "loss_sum_m": 447.0814510807395}, "validation_run_macro_3s_m": 0.04825640625009934, "validation_ade_m": 0.01650746911764145, "epoch_order_sha256": "620a3998b70b3e0d1a4ad4d78ee9767ce69208faab2e1a2f6dec4d8079e66647", "best_epoch": 3}
{"phase": "RELOADING_BEST", "arm": "balanced_training", "epoch": 3, "epochs": 3, "epoch_cursor": 0, "anchors_per_epoch": 45646, "optimizer_steps": 4281, "elapsed_seconds": 3198.7685073540197, "best_epoch": 3}
{"phase": "COMPLETE", "arm": "balanced_training", "epoch": 3, "epochs": 3, "epoch_cursor": 0, "anchors_per_epoch": 45646, "optimizer_steps": 4281, "elapsed_seconds": 3355.1752872510115, "best_epoch": 3, "validation_run_macro_3s_m": 0.04825640625009934}
{"phase": "EPOCH_SCORED", "arm": "balanced_training", "epoch": 1, "xy_3s_m": 0.054518899569908776, "pp_score_rad": 0.013742354441809561}
{"phase": "EPOCH_SCORED", "arm": "balanced_training", "epoch": 2, "xy_3s_m": 0.0504989018663764, "pp_score_rad": 0.014341994609772044}
{"phase": "EPOCH_SCORED", "arm": "balanced_training", "epoch": 3, "xy_3s_m": 0.04825640625009934, "pp_score_rad": 0.013261536951846536}
