/home/thistle/e2e_autonomous/e2e_lite_transfuser/.venv/lib/python3.10/site-packages/torch/nn/modules/transformer.py:382: UserWarning: enable_nested_tensor is True, but self.use_nested_tensor is False because encoder_layer.norm_first was True
  warnings.warn(
MODEL_EVALUATED before
MODEL_EVALUATED after
PP_AT_OBSERVATION_COMPLETE
{
  "before": {
    "nominal": 0.053675721399486065,
    "old_recovery": 0.035959589295089245,
    "new_recovery": 0.07773210108280182,
    "new_outward_target": 0.07751834020018578,
    "r46": 0.08078696578741074,
    "r47": 0.0746772363781929
  },
  "after": {
    "nominal": 0.05435370933264494,
    "old_recovery": 0.03517318330705166,
    "new_recovery": 0.03474567271769047,
    "new_outward_target": 0.0472393911331892,
    "r46": 0.03493209928274155,
    "r47": 0.03455924615263939
  }
}
